<html>
<body>
<pre>
<h1>µVision Build Log</h1>
<h2>Tool Versions:</h2>
IDE-Version: ¶ÃVision V5.23.0.0
Copyright (C) 2017 ARM Ltd and ARM Germany GmbH. All rights reserved.
License Information: q admin, Microsoft, LIC=KRMFW-QVZSZ-QB9EE-5FPID-IEFBL-4WHCT
 
Tool Versions:
Toolchain:       MDK-ARM Plus  Version: 5.23
Toolchain Path:  F:\Keil_v5\ARM\ARMCC\Bin
C Compiler:      Armcc.exe V5.06 update 4 (build 422)
Assembler:       Armasm.exe V5.06 update 4 (build 422)
Linker/Locator:  ArmLink.exe V5.06 update 4 (build 422)
Library Manager: ArmAr.exe V5.06 update 4 (build 422)
Hex Converter:   FromElf.exe V5.06 update 4 (build 422)
CPU DLL:         SARMCM3.DLL V5.23
Dialog DLL:      DCM.DLL V1.15.0.0
Target DLL:      Segger\JL2CM3.dll V2.99.23.0
Dialog DLL:      TCM.DLL V1.27.0.0
 
<h2>Project:</h2>
I:\«Ï¿ˆœº\DPJ-G1K\»Ìº˛…Ëº∆\HRMC-G1KBootloader\Pro\F4project.uvprojx
Project File Date:  06/14/2018

<h2>Output:</h2>
*** Using Compiler 'V5.06 update 4 (build 422)', folder: 'F:\Keil_v5\ARM\ARMCC\Bin'
Build target 'F4projectRTX'
compiling IAP_fun.c...
..\APP\IAP_fun.c(23): warning:  #177-D: variable "temp"  was declared but never referenced
  	  u16 temp;
..\APP\IAP_fun.c: 1 warning, 0 errors
linking...
Program Size: Code=32134 RO-data=1066 RW-data=232 ZI-data=11600  
FromELF: creating hex file...
".\OUT_PATH\F4project.axf" - 0 Error(s), 1 Warning(s).

<h2>Software Packages used:</h2>

Package Vendor: ARM
                http://www.keil.com/pack/ARM.CMSIS.5.1.0.pack
                ARM::CMSIS:CORE:5.0.2
                CMSIS (Cortex Microcontroller Software Interface Standard)
   * Component: CORE Version: 5.0.2

<h2>Collection of Component include folders:</h2>
  .\RTE\_F4projectRTX
  F:\Keil_v5\ARM\PACK\ARM\CMSIS\5.1.0\CMSIS\Include
  F:\Keil_v5\ARM\PACK\Keil\STM32F4xx_DFP\2.11.0\Drivers\CMSIS\Device\ST\STM32F4xx\Include

<h2>Collection of Component Files used:</h2>

   * Component: ARM::CMSIS:CORE:5.0.2
Build Time Elapsed:  00:00:01
</pre>
</body>
</html>
