<!doctype html public "-//w3c//dtd html 4.0 transitional//en">
<html><head>
<title>Static Call Graph - [.\OUT_PATH\F4project.axf]</title></head>
<body><HR>
<H1>Static Call Graph for image .\OUT_PATH\F4project.axf</H1><HR>
<BR><P>#&#060CALLGRAPH&#062# ARM Linker, 5060422: Last Updated: Thu Aug 02 16:52:41 2018
<BR><P>
<H3>Maximum Stack Usage =        476 bytes + Unknown(Cycles, Untraceable Function Pointers)</H3><H3>
Call chain for Maximum Stack Depth:</H3>
USBH_USR_MSC_Application &rArr; USB_IAP_APP &rArr; f_open &rArr; follow_path &rArr; dir_find &rArr; dir_next &rArr; create_chain &rArr; put_fat &rArr; move_window &rArr; sync_window &rArr; disk_write &rArr; USBH_MSC_HandleBOTXfer &rArr; USBH_BulkReceiveData &rArr; HCD_SubmitRequest &rArr; USB_OTG_HC_StartXfer &rArr; USB_OTG_WritePacket
<P>
<H3>
Mutually Recursive functions
</H3> <LI><a href="#[1c]">ADC_IRQHandler</a>&nbsp;&nbsp;&nbsp;&rArr;&nbsp;&nbsp;&nbsp;<a href="#[1c]">ADC_IRQHandler</a><BR>
</UL>
<P>
<H3>
Function Pointers
</H3><UL>
 <LI><a href="#[1c]">ADC_IRQHandler</a> from startup_stm32f40xx.o(.text) referenced from startup_stm32f40xx.o(RESET)
 <LI><a href="#[4]">BusFault_Handler</a> from stm32f4xx_it.o(.text) referenced from startup_stm32f40xx.o(RESET)
 <LI><a href="#[1e]">CAN1_RX0_IRQHandler</a> from startup_stm32f40xx.o(.text) referenced from startup_stm32f40xx.o(RESET)
 <LI><a href="#[1f]">CAN1_RX1_IRQHandler</a> from startup_stm32f40xx.o(.text) referenced from startup_stm32f40xx.o(RESET)
 <LI><a href="#[20]">CAN1_SCE_IRQHandler</a> from startup_stm32f40xx.o(.text) referenced from startup_stm32f40xx.o(RESET)
 <LI><a href="#[1d]">CAN1_TX_IRQHandler</a> from startup_stm32f40xx.o(.text) referenced from startup_stm32f40xx.o(RESET)
 <LI><a href="#[4a]">CAN2_RX0_IRQHandler</a> from startup_stm32f40xx.o(.text) referenced from startup_stm32f40xx.o(RESET)
 <LI><a href="#[4b]">CAN2_RX1_IRQHandler</a> from startup_stm32f40xx.o(.text) referenced from startup_stm32f40xx.o(RESET)
 <LI><a href="#[4c]">CAN2_SCE_IRQHandler</a> from startup_stm32f40xx.o(.text) referenced from startup_stm32f40xx.o(RESET)
 <LI><a href="#[49]">CAN2_TX_IRQHandler</a> from startup_stm32f40xx.o(.text) referenced from startup_stm32f40xx.o(RESET)
 <LI><a href="#[59]">CRYP_IRQHandler</a> from startup_stm32f40xx.o(.text) referenced from startup_stm32f40xx.o(RESET)
 <LI><a href="#[58]">DCMI_IRQHandler</a> from startup_stm32f40xx.o(.text) referenced from startup_stm32f40xx.o(RESET)
 <LI><a href="#[15]">DMA1_Stream0_IRQHandler</a> from startup_stm32f40xx.o(.text) referenced from startup_stm32f40xx.o(RESET)
 <LI><a href="#[16]">DMA1_Stream1_IRQHandler</a> from startup_stm32f40xx.o(.text) referenced from startup_stm32f40xx.o(RESET)
 <LI><a href="#[17]">DMA1_Stream2_IRQHandler</a> from startup_stm32f40xx.o(.text) referenced from startup_stm32f40xx.o(RESET)
 <LI><a href="#[18]">DMA1_Stream3_IRQHandler</a> from startup_stm32f40xx.o(.text) referenced from startup_stm32f40xx.o(RESET)
 <LI><a href="#[19]">DMA1_Stream4_IRQHandler</a> from startup_stm32f40xx.o(.text) referenced from startup_stm32f40xx.o(RESET)
 <LI><a href="#[1a]">DMA1_Stream5_IRQHandler</a> from startup_stm32f40xx.o(.text) referenced from startup_stm32f40xx.o(RESET)
 <LI><a href="#[1b]">DMA1_Stream6_IRQHandler</a> from startup_stm32f40xx.o(.text) referenced from startup_stm32f40xx.o(RESET)
 <LI><a href="#[39]">DMA1_Stream7_IRQHandler</a> from startup_stm32f40xx.o(.text) referenced from startup_stm32f40xx.o(RESET)
 <LI><a href="#[42]">DMA2_Stream0_IRQHandler</a> from startup_stm32f40xx.o(.text) referenced from startup_stm32f40xx.o(RESET)
 <LI><a href="#[43]">DMA2_Stream1_IRQHandler</a> from startup_stm32f40xx.o(.text) referenced from startup_stm32f40xx.o(RESET)
 <LI><a href="#[44]">DMA2_Stream2_IRQHandler</a> from startup_stm32f40xx.o(.text) referenced from startup_stm32f40xx.o(RESET)
 <LI><a href="#[45]">DMA2_Stream3_IRQHandler</a> from startup_stm32f40xx.o(.text) referenced from startup_stm32f40xx.o(RESET)
 <LI><a href="#[46]">DMA2_Stream4_IRQHandler</a> from startup_stm32f40xx.o(.text) referenced from startup_stm32f40xx.o(RESET)
 <LI><a href="#[4e]">DMA2_Stream5_IRQHandler</a> from startup_stm32f40xx.o(.text) referenced from startup_stm32f40xx.o(RESET)
 <LI><a href="#[4f]">DMA2_Stream6_IRQHandler</a> from startup_stm32f40xx.o(.text) referenced from startup_stm32f40xx.o(RESET)
 <LI><a href="#[50]">DMA2_Stream7_IRQHandler</a> from startup_stm32f40xx.o(.text) referenced from startup_stm32f40xx.o(RESET)
 <LI><a href="#[7]">DebugMon_Handler</a> from stm32f4xx_it.o(.text) referenced from startup_stm32f40xx.o(RESET)
 <LI><a href="#[47]">ETH_IRQHandler</a> from startup_stm32f40xx.o(.text) referenced from startup_stm32f40xx.o(RESET)
 <LI><a href="#[48]">ETH_WKUP_IRQHandler</a> from startup_stm32f40xx.o(.text) referenced from startup_stm32f40xx.o(RESET)
 <LI><a href="#[10]">EXTI0_IRQHandler</a> from startup_stm32f40xx.o(.text) referenced from startup_stm32f40xx.o(RESET)
 <LI><a href="#[32]">EXTI15_10_IRQHandler</a> from startup_stm32f40xx.o(.text) referenced from startup_stm32f40xx.o(RESET)
 <LI><a href="#[11]">EXTI1_IRQHandler</a> from startup_stm32f40xx.o(.text) referenced from startup_stm32f40xx.o(RESET)
 <LI><a href="#[12]">EXTI2_IRQHandler</a> from startup_stm32f40xx.o(.text) referenced from startup_stm32f40xx.o(RESET)
 <LI><a href="#[13]">EXTI3_IRQHandler</a> from startup_stm32f40xx.o(.text) referenced from startup_stm32f40xx.o(RESET)
 <LI><a href="#[14]">EXTI4_IRQHandler</a> from startup_stm32f40xx.o(.text) referenced from startup_stm32f40xx.o(RESET)
 <LI><a href="#[21]">EXTI9_5_IRQHandler</a> from startup_stm32f40xx.o(.text) referenced from startup_stm32f40xx.o(RESET)
 <LI><a href="#[e]">FLASH_IRQHandler</a> from startup_stm32f40xx.o(.text) referenced from startup_stm32f40xx.o(RESET)
 <LI><a href="#[5b]">FPU_IRQHandler</a> from startup_stm32f40xx.o(.text) referenced from startup_stm32f40xx.o(RESET)
 <LI><a href="#[3a]">FSMC_IRQHandler</a> from startup_stm32f40xx.o(.text) referenced from startup_stm32f40xx.o(RESET)
 <LI><a href="#[5a]">HASH_RNG_IRQHandler</a> from startup_stm32f40xx.o(.text) referenced from startup_stm32f40xx.o(RESET)
 <LI><a href="#[2]">HardFault_Handler</a> from stm32f4xx_it.o(.text) referenced from startup_stm32f40xx.o(RESET)
 <LI><a href="#[2a]">I2C1_ER_IRQHandler</a> from startup_stm32f40xx.o(.text) referenced from startup_stm32f40xx.o(RESET)
 <LI><a href="#[29]">I2C1_EV_IRQHandler</a> from startup_stm32f40xx.o(.text) referenced from startup_stm32f40xx.o(RESET)
 <LI><a href="#[2c]">I2C2_ER_IRQHandler</a> from startup_stm32f40xx.o(.text) referenced from startup_stm32f40xx.o(RESET)
 <LI><a href="#[2b]">I2C2_EV_IRQHandler</a> from startup_stm32f40xx.o(.text) referenced from startup_stm32f40xx.o(RESET)
 <LI><a href="#[53]">I2C3_ER_IRQHandler</a> from startup_stm32f40xx.o(.text) referenced from startup_stm32f40xx.o(RESET)
 <LI><a href="#[52]">I2C3_EV_IRQHandler</a> from startup_stm32f40xx.o(.text) referenced from startup_stm32f40xx.o(RESET)
 <LI><a href="#[3]">MemManage_Handler</a> from stm32f4xx_it.o(.text) referenced from startup_stm32f40xx.o(RESET)
 <LI><a href="#[1]">NMI_Handler</a> from stm32f4xx_it.o(.text) referenced from startup_stm32f40xx.o(RESET)
 <LI><a href="#[4d]">OTG_FS_IRQHandler</a> from startup_stm32f40xx.o(.text) referenced from startup_stm32f40xx.o(RESET)
 <LI><a href="#[34]">OTG_FS_WKUP_IRQHandler</a> from startup_stm32f40xx.o(.text) referenced from startup_stm32f40xx.o(RESET)
 <LI><a href="#[55]">OTG_HS_EP1_IN_IRQHandler</a> from startup_stm32f40xx.o(.text) referenced from startup_stm32f40xx.o(RESET)
 <LI><a href="#[54]">OTG_HS_EP1_OUT_IRQHandler</a> from startup_stm32f40xx.o(.text) referenced from startup_stm32f40xx.o(RESET)
 <LI><a href="#[57]">OTG_HS_IRQHandler</a> from usbh_it.o(.text) referenced from startup_stm32f40xx.o(RESET)
 <LI><a href="#[56]">OTG_HS_WKUP_IRQHandler</a> from startup_stm32f40xx.o(.text) referenced from startup_stm32f40xx.o(RESET)
 <LI><a href="#[b]">PVD_IRQHandler</a> from startup_stm32f40xx.o(.text) referenced from startup_stm32f40xx.o(RESET)
 <LI><a href="#[8]">PendSV_Handler</a> from stm32f4xx_it.o(.text) referenced from startup_stm32f40xx.o(RESET)
 <LI><a href="#[f]">RCC_IRQHandler</a> from startup_stm32f40xx.o(.text) referenced from startup_stm32f40xx.o(RESET)
 <LI><a href="#[33]">RTC_Alarm_IRQHandler</a> from startup_stm32f40xx.o(.text) referenced from startup_stm32f40xx.o(RESET)
 <LI><a href="#[d]">RTC_WKUP_IRQHandler</a> from startup_stm32f40xx.o(.text) referenced from startup_stm32f40xx.o(RESET)
 <LI><a href="#[0]">Reset_Handler</a> from startup_stm32f40xx.o(.text) referenced from startup_stm32f40xx.o(RESET)
 <LI><a href="#[3b]">SDIO_IRQHandler</a> from startup_stm32f40xx.o(.text) referenced from startup_stm32f40xx.o(RESET)
 <LI><a href="#[2d]">SPI1_IRQHandler</a> from startup_stm32f40xx.o(.text) referenced from startup_stm32f40xx.o(RESET)
 <LI><a href="#[2e]">SPI2_IRQHandler</a> from startup_stm32f40xx.o(.text) referenced from startup_stm32f40xx.o(RESET)
 <LI><a href="#[3d]">SPI3_IRQHandler</a> from startup_stm32f40xx.o(.text) referenced from startup_stm32f40xx.o(RESET)
 <LI><a href="#[6]">SVC_Handler</a> from stm32f4xx_it.o(.text) referenced from startup_stm32f40xx.o(RESET)
 <LI><a href="#[9]">SysTick_Handler</a> from stm32f4xx_it.o(.text) referenced from startup_stm32f40xx.o(RESET)
 <LI><a href="#[5d]">SystemInit</a> from system_stm32f4xx.o(.text) referenced from startup_stm32f40xx.o(.text)
 <LI><a href="#[c]">TAMP_STAMP_IRQHandler</a> from startup_stm32f40xx.o(.text) referenced from startup_stm32f40xx.o(RESET)
 <LI><a href="#[22]">TIM1_BRK_TIM9_IRQHandler</a> from startup_stm32f40xx.o(.text) referenced from startup_stm32f40xx.o(RESET)
 <LI><a href="#[25]">TIM1_CC_IRQHandler</a> from startup_stm32f40xx.o(.text) referenced from startup_stm32f40xx.o(RESET)
 <LI><a href="#[24]">TIM1_TRG_COM_TIM11_IRQHandler</a> from startup_stm32f40xx.o(.text) referenced from startup_stm32f40xx.o(RESET)
 <LI><a href="#[23]">TIM1_UP_TIM10_IRQHandler</a> from startup_stm32f40xx.o(.text) referenced from startup_stm32f40xx.o(RESET)
 <LI><a href="#[26]">TIM2_IRQHandler</a> from usbh_it.o(.text) referenced from startup_stm32f40xx.o(RESET)
 <LI><a href="#[27]">TIM3_IRQHandler</a> from startup_stm32f40xx.o(.text) referenced from startup_stm32f40xx.o(RESET)
 <LI><a href="#[28]">TIM4_IRQHandler</a> from startup_stm32f40xx.o(.text) referenced from startup_stm32f40xx.o(RESET)
 <LI><a href="#[3c]">TIM5_IRQHandler</a> from startup_stm32f40xx.o(.text) referenced from startup_stm32f40xx.o(RESET)
 <LI><a href="#[40]">TIM6_DAC_IRQHandler</a> from startup_stm32f40xx.o(.text) referenced from startup_stm32f40xx.o(RESET)
 <LI><a href="#[41]">TIM7_IRQHandler</a> from startup_stm32f40xx.o(.text) referenced from startup_stm32f40xx.o(RESET)
 <LI><a href="#[35]">TIM8_BRK_TIM12_IRQHandler</a> from startup_stm32f40xx.o(.text) referenced from startup_stm32f40xx.o(RESET)
 <LI><a href="#[38]">TIM8_CC_IRQHandler</a> from startup_stm32f40xx.o(.text) referenced from startup_stm32f40xx.o(RESET)
 <LI><a href="#[37]">TIM8_TRG_COM_TIM14_IRQHandler</a> from startup_stm32f40xx.o(.text) referenced from startup_stm32f40xx.o(RESET)
 <LI><a href="#[36]">TIM8_UP_TIM13_IRQHandler</a> from startup_stm32f40xx.o(.text) referenced from startup_stm32f40xx.o(RESET)
 <LI><a href="#[3e]">UART4_IRQHandler</a> from startup_stm32f40xx.o(.text) referenced from startup_stm32f40xx.o(RESET)
 <LI><a href="#[3f]">UART5_IRQHandler</a> from startup_stm32f40xx.o(.text) referenced from startup_stm32f40xx.o(RESET)
 <LI><a href="#[2f]">USART1_IRQHandler</a> from startup_stm32f40xx.o(.text) referenced from startup_stm32f40xx.o(RESET)
 <LI><a href="#[30]">USART2_IRQHandler</a> from startup_stm32f40xx.o(.text) referenced from startup_stm32f40xx.o(RESET)
 <LI><a href="#[31]">USART3_IRQHandler</a> from startup_stm32f40xx.o(.text) referenced from startup_stm32f40xx.o(RESET)
 <LI><a href="#[51]">USART6_IRQHandler</a> from startup_stm32f40xx.o(.text) referenced from startup_stm32f40xx.o(RESET)
 <LI><a href="#[72]">USBH_Connected</a> from usbh_core.o(.text) referenced from usbh_core.o(.data)
 <LI><a href="#[73]">USBH_Disconnected</a> from usbh_core.o(.text) referenced from usbh_core.o(.data)
 <LI><a href="#[76]">USBH_MSC_ClassRequest</a> from usbh_msc_core.o(.text) referenced from usbh_msc_core.o(.data)
 <LI><a href="#[77]">USBH_MSC_Handle</a> from usbh_msc_core.o(.text) referenced from usbh_msc_core.o(.data)
 <LI><a href="#[75]">USBH_MSC_InterfaceDeInit</a> from usbh_msc_core.o(.text) referenced from usbh_msc_core.o(.data)
 <LI><a href="#[74]">USBH_MSC_InterfaceInit</a> from usbh_msc_core.o(.text) referenced from usbh_msc_core.o(.data)
 <LI><a href="#[71]">USBH_SOF</a> from usbh_core.o(.text) referenced from usbh_core.o(.data)
 <LI><a href="#[68]">USBH_USR_Configuration_DescAvailable</a> from usbh_usr.o(.text) referenced from usbh_usr.o(.data)
 <LI><a href="#[60]">USBH_USR_DeInit</a> from usbh_usr.o(.text) referenced from usbh_usr.o(.data)
 <LI><a href="#[67]">USBH_USR_DeviceAddressAssigned</a> from usbh_usr.o(.text) referenced from usbh_usr.o(.data)
 <LI><a href="#[61]">USBH_USR_DeviceAttached</a> from usbh_usr.o(.text) referenced from usbh_usr.o(.data)
 <LI><a href="#[63]">USBH_USR_DeviceDisconnected</a> from usbh_usr.o(.text) referenced from usbh_usr.o(.data)
 <LI><a href="#[6f]">USBH_USR_DeviceNotSupported</a> from usbh_usr.o(.text) referenced from usbh_usr.o(.data)
 <LI><a href="#[65]">USBH_USR_DeviceSpeedDetected</a> from usbh_usr.o(.text) referenced from usbh_usr.o(.data)
 <LI><a href="#[66]">USBH_USR_Device_DescAvailable</a> from usbh_usr.o(.text) referenced from usbh_usr.o(.data)
 <LI><a href="#[6c]">USBH_USR_EnumerationDone</a> from usbh_usr.o(.text) referenced from usbh_usr.o(.data)
 <LI><a href="#[5f]">USBH_USR_Init</a> from usbh_usr.o(.text) referenced from usbh_usr.o(.data)
 <LI><a href="#[6e]">USBH_USR_MSC_Application</a> from usbh_usr.o(.text) referenced from usbh_usr.o(.data)
 <LI><a href="#[69]">USBH_USR_Manufacturer_String</a> from usbh_usr.o(.text) referenced from usbh_usr.o(.data)
 <LI><a href="#[64]">USBH_USR_OverCurrentDetected</a> from usbh_usr.o(.text) referenced from usbh_usr.o(.data)
 <LI><a href="#[6a]">USBH_USR_Product_String</a> from usbh_usr.o(.text) referenced from usbh_usr.o(.data)
 <LI><a href="#[62]">USBH_USR_ResetDevice</a> from usbh_usr.o(.text) referenced from usbh_usr.o(.data)
 <LI><a href="#[6b]">USBH_USR_SerialNum_String</a> from usbh_usr.o(.text) referenced from usbh_usr.o(.data)
 <LI><a href="#[70]">USBH_USR_UnrecoveredError</a> from usbh_usr.o(.text) referenced from usbh_usr.o(.data)
 <LI><a href="#[6d]">USBH_USR_UserInput</a> from usbh_usr.o(.text) referenced from usbh_usr.o(.data)
 <LI><a href="#[5]">UsageFault_Handler</a> from stm32f4xx_it.o(.text) referenced from startup_stm32f40xx.o(RESET)
 <LI><a href="#[a]">WWDG_IRQHandler</a> from startup_stm32f40xx.o(.text) referenced from startup_stm32f40xx.o(RESET)
 <LI><a href="#[5e]">__main</a> from entry.o(.ARM.Collect$$$$00000000) referenced from startup_stm32f40xx.o(.text)
 <LI><a href="#[5c]">main</a> from main.o(.text) referenced from entry9a.o(.ARM.Collect$$$$0000000B)
</UL>
<P>
<H3>
Global Symbols
</H3>
<P><STRONG><a name="[5e]"></a>__main</STRONG> (Thumb, 0 bytes, Stack size unknown bytes, entry.o(.ARM.Collect$$$$00000000))
<BR>[Address Reference Count : 1]<UL><LI> startup_stm32f40xx.o(.text)
</UL>
<P><STRONG><a name="[167]"></a>_main_stk</STRONG> (Thumb, 0 bytes, Stack size unknown bytes, entry2.o(.ARM.Collect$$$$00000001))

<P><STRONG><a name="[78]"></a>_main_scatterload</STRONG> (Thumb, 0 bytes, Stack size unknown bytes, entry5.o(.ARM.Collect$$$$00000004))
<BR><BR>[Calls]<UL><LI><a href="#[79]">&gt;&gt;</a>&nbsp;&nbsp;&nbsp;__scatterload
</UL>

<P><STRONG><a name="[166]"></a>__main_after_scatterload</STRONG> (Thumb, 0 bytes, Stack size unknown bytes, entry5.o(.ARM.Collect$$$$00000004))
<BR><BR>[Called By]<UL><LI><a href="#[79]">&gt;&gt;</a>&nbsp;&nbsp;&nbsp;__scatterload
</UL>

<P><STRONG><a name="[168]"></a>_main_clock</STRONG> (Thumb, 0 bytes, Stack size unknown bytes, entry7b.o(.ARM.Collect$$$$00000008))

<P><STRONG><a name="[169]"></a>_main_cpp_init</STRONG> (Thumb, 0 bytes, Stack size unknown bytes, entry8b.o(.ARM.Collect$$$$0000000A))

<P><STRONG><a name="[16a]"></a>_main_init</STRONG> (Thumb, 0 bytes, Stack size unknown bytes, entry9a.o(.ARM.Collect$$$$0000000B))

<P><STRONG><a name="[16b]"></a>__rt_final_cpp</STRONG> (Thumb, 0 bytes, Stack size unknown bytes, entry10a.o(.ARM.Collect$$$$0000000D))

<P><STRONG><a name="[16c]"></a>__rt_final_exit</STRONG> (Thumb, 0 bytes, Stack size unknown bytes, entry11a.o(.ARM.Collect$$$$0000000F))

<P><STRONG><a name="[5c]"></a>main</STRONG> (Thumb, 12 bytes, Stack size 0 bytes, main.o(.text))
<BR><BR>[Stack]<UL><LI>Max Depth = 224<LI>Call Chain = main &rArr; IAP_fun_run &rArr; USBH_Process &rArr; USBH_HandleEnum &rArr; USBH_Get_StringDesc &rArr; USBH_GetDescriptor &rArr; USBH_CtlReq &rArr; USBH_SubmitSetupRequest
</UL>
<BR>[Calls]<UL><LI><a href="#[5d]">&gt;&gt;</a>&nbsp;&nbsp;&nbsp;SystemInit
<LI><a href="#[7a]">&gt;&gt;</a>&nbsp;&nbsp;&nbsp;IAP_fun_run
</UL>
<BR>[Address Reference Count : 1]<UL><LI> entry9a.o(.ARM.Collect$$$$0000000B)
</UL>
<P><STRONG><a name="[7b]"></a>IAP_Init</STRONG> (Thumb, 66 bytes, Stack size 16 bytes, iap_fun.o(.text))
<BR><BR>[Stack]<UL><LI>Max Depth = 24<LI>Call Chain = IAP_Init &rArr; RCC_GetFlagStatus
</UL>
<BR>[Calls]<UL><LI><a href="#[7d]">&gt;&gt;</a>&nbsp;&nbsp;&nbsp;RCC_GetFlagStatus
<LI><a href="#[7e]">&gt;&gt;</a>&nbsp;&nbsp;&nbsp;RCC_ClearFlag
<LI><a href="#[7c]">&gt;&gt;</a>&nbsp;&nbsp;&nbsp;__set_PRIMASK
</UL>
<BR>[Called By]<UL><LI><a href="#[7a]">&gt;&gt;</a>&nbsp;&nbsp;&nbsp;IAP_fun_run
</UL>

<P><STRONG><a name="[7a]"></a>IAP_fun_run</STRONG> (Thumb, 154 bytes, Stack size 8 bytes, iap_fun.o(.text))
<BR><BR>[Stack]<UL><LI>Max Depth = 224<LI>Call Chain = IAP_fun_run &rArr; USBH_Process &rArr; USBH_HandleEnum &rArr; USBH_Get_StringDesc &rArr; USBH_GetDescriptor &rArr; USBH_CtlReq &rArr; USBH_SubmitSetupRequest
</UL>
<BR>[Calls]<UL><LI><a href="#[81]">&gt;&gt;</a>&nbsp;&nbsp;&nbsp;USBH_Process
<LI><a href="#[80]">&gt;&gt;</a>&nbsp;&nbsp;&nbsp;USBH_Init
<LI><a href="#[83]">&gt;&gt;</a>&nbsp;&nbsp;&nbsp;GPIO_WriteBit
<LI><a href="#[84]">&gt;&gt;</a>&nbsp;&nbsp;&nbsp;GPIO_SetBits
<LI><a href="#[85]">&gt;&gt;</a>&nbsp;&nbsp;&nbsp;GPIO_ResetBits
<LI><a href="#[82]">&gt;&gt;</a>&nbsp;&nbsp;&nbsp;GPIO_ReadOutputDataBit
<LI><a href="#[7f]">&gt;&gt;</a>&nbsp;&nbsp;&nbsp;GPIOInit
<LI><a href="#[7b]">&gt;&gt;</a>&nbsp;&nbsp;&nbsp;IAP_Init
<LI><a href="#[7c]">&gt;&gt;</a>&nbsp;&nbsp;&nbsp;__set_PRIMASK
<LI><a href="#[86]">&gt;&gt;</a>&nbsp;&nbsp;&nbsp;NVIC_SystemReset
</UL>
<BR>[Called By]<UL><LI><a href="#[5c]">&gt;&gt;</a>&nbsp;&nbsp;&nbsp;main
</UL>

<P><STRONG><a name="[8a]"></a>GetSector</STRONG> (Thumb, 182 bytes, Stack size 0 bytes, iap_fun.o(.text))
<BR><BR>[Called By]<UL><LI><a href="#[87]">&gt;&gt;</a>&nbsp;&nbsp;&nbsp;IAP_FlashWritSome
</UL>

<P><STRONG><a name="[87]"></a>IAP_FlashWritSome</STRONG> (Thumb, 122 bytes, Stack size 32 bytes, iap_fun.o(.text))
<BR><BR>[Stack]<UL><LI>Max Depth = 56<LI>Call Chain = IAP_FlashWritSome &rArr; FLASH_EraseSector &rArr; FLASH_WaitForLastOperation
</UL>
<BR>[Calls]<UL><LI><a href="#[88]">&gt;&gt;</a>&nbsp;&nbsp;&nbsp;FLASH_Unlock
<LI><a href="#[8c]">&gt;&gt;</a>&nbsp;&nbsp;&nbsp;FLASH_ProgramHalfWord
<LI><a href="#[8d]">&gt;&gt;</a>&nbsp;&nbsp;&nbsp;FLASH_Lock
<LI><a href="#[8b]">&gt;&gt;</a>&nbsp;&nbsp;&nbsp;FLASH_EraseSector
<LI><a href="#[89]">&gt;&gt;</a>&nbsp;&nbsp;&nbsp;FLASH_ClearFlag
<LI><a href="#[8a]">&gt;&gt;</a>&nbsp;&nbsp;&nbsp;GetSector
</UL>
<BR>[Called By]<UL><LI><a href="#[8e]">&gt;&gt;</a>&nbsp;&nbsp;&nbsp;USB_IAP_APP
</UL>

<P><STRONG><a name="[8e]"></a>USB_IAP_APP</STRONG> (Thumb, 326 bytes, Stack size 8 bytes, iap_fun.o(.text))
<BR><BR>[Stack]<UL><LI>Max Depth = 468<LI>Call Chain = USB_IAP_APP &rArr; f_open &rArr; follow_path &rArr; dir_find &rArr; dir_next &rArr; create_chain &rArr; put_fat &rArr; move_window &rArr; sync_window &rArr; disk_write &rArr; USBH_MSC_HandleBOTXfer &rArr; USBH_BulkReceiveData &rArr; HCD_SubmitRequest &rArr; USB_OTG_HC_StartXfer &rArr; USB_OTG_WritePacket
</UL>
<BR>[Calls]<UL><LI><a href="#[92]">&gt;&gt;</a>&nbsp;&nbsp;&nbsp;f_read
<LI><a href="#[90]">&gt;&gt;</a>&nbsp;&nbsp;&nbsp;f_open
<LI><a href="#[8f]">&gt;&gt;</a>&nbsp;&nbsp;&nbsp;f_mount
<LI><a href="#[91]">&gt;&gt;</a>&nbsp;&nbsp;&nbsp;f_lseek
<LI><a href="#[93]">&gt;&gt;</a>&nbsp;&nbsp;&nbsp;f_close
<LI><a href="#[87]">&gt;&gt;</a>&nbsp;&nbsp;&nbsp;IAP_FlashWritSome
</UL>
<BR>[Called By]<UL><LI><a href="#[6e]">&gt;&gt;</a>&nbsp;&nbsp;&nbsp;USBH_USR_MSC_Application
</UL>

<P><STRONG><a name="[16d]"></a>IAP_CRC16</STRONG> (Thumb, 72 bytes, Stack size 16 bytes, iap_fun.o(.text), UNUSED)

<P><STRONG><a name="[16e]"></a>IAP_FlashReadSome</STRONG> (Thumb, 182 bytes, Stack size 20 bytes, iap_fun.o(.text), UNUSED)

<P><STRONG><a name="[8f]"></a>f_mount</STRONG> (Thumb, 80 bytes, Stack size 40 bytes, ff.o(.text))
<BR><BR>[Stack]<UL><LI>Max Depth = 356<LI>Call Chain = f_mount &rArr; find_volume &rArr; check_fs &rArr; move_window &rArr; sync_window &rArr; disk_write &rArr; USBH_MSC_HandleBOTXfer &rArr; USBH_BulkReceiveData &rArr; HCD_SubmitRequest &rArr; USB_OTG_HC_StartXfer &rArr; USB_OTG_WritePacket
</UL>
<BR>[Calls]<UL><LI><a href="#[b7]">&gt;&gt;</a>&nbsp;&nbsp;&nbsp;find_volume
<LI><a href="#[b8]">&gt;&gt;</a>&nbsp;&nbsp;&nbsp;get_ldnumber
</UL>
<BR>[Called By]<UL><LI><a href="#[8e]">&gt;&gt;</a>&nbsp;&nbsp;&nbsp;USB_IAP_APP
</UL>

<P><STRONG><a name="[90]"></a>f_open</STRONG> (Thumb, 478 bytes, Stack size 104 bytes, ff.o(.text))
<BR><BR>[Stack]<UL><LI>Max Depth = 460<LI>Call Chain = f_open &rArr; follow_path &rArr; dir_find &rArr; dir_next &rArr; create_chain &rArr; put_fat &rArr; move_window &rArr; sync_window &rArr; disk_write &rArr; USBH_MSC_HandleBOTXfer &rArr; USBH_BulkReceiveData &rArr; HCD_SubmitRequest &rArr; USB_OTG_HC_StartXfer &rArr; USB_OTG_WritePacket
</UL>
<BR>[Calls]<UL><LI><a href="#[97]">&gt;&gt;</a>&nbsp;&nbsp;&nbsp;disk_read
<LI><a href="#[b7]">&gt;&gt;</a>&nbsp;&nbsp;&nbsp;find_volume
<LI><a href="#[b5]">&gt;&gt;</a>&nbsp;&nbsp;&nbsp;follow_path
<LI><a href="#[ad]">&gt;&gt;</a>&nbsp;&nbsp;&nbsp;dir_register
<LI><a href="#[a9]">&gt;&gt;</a>&nbsp;&nbsp;&nbsp;st_clust
<LI><a href="#[a8]">&gt;&gt;</a>&nbsp;&nbsp;&nbsp;ld_clust
<LI><a href="#[a1]">&gt;&gt;</a>&nbsp;&nbsp;&nbsp;remove_chain
<LI><a href="#[9d]">&gt;&gt;</a>&nbsp;&nbsp;&nbsp;get_fat
<LI><a href="#[a4]">&gt;&gt;</a>&nbsp;&nbsp;&nbsp;clst2sect
<LI><a href="#[96]">&gt;&gt;</a>&nbsp;&nbsp;&nbsp;move_window
<LI><a href="#[99]">&gt;&gt;</a>&nbsp;&nbsp;&nbsp;mem_set
<LI><a href="#[9b]">&gt;&gt;</a>&nbsp;&nbsp;&nbsp;st_dword
<LI><a href="#[9f]">&gt;&gt;</a>&nbsp;&nbsp;&nbsp;ld_dword
</UL>
<BR>[Called By]<UL><LI><a href="#[8e]">&gt;&gt;</a>&nbsp;&nbsp;&nbsp;USB_IAP_APP
</UL>

<P><STRONG><a name="[92]"></a>f_read</STRONG> (Thumb, 432 bytes, Stack size 72 bytes, ff.o(.text))
<BR><BR>[Stack]<UL><LI>Max Depth = 316<LI>Call Chain = f_read &rArr; get_fat &rArr; move_window &rArr; sync_window &rArr; disk_write &rArr; USBH_MSC_HandleBOTXfer &rArr; USBH_BulkReceiveData &rArr; HCD_SubmitRequest &rArr; USB_OTG_HC_StartXfer &rArr; USB_OTG_WritePacket
</UL>
<BR>[Calls]<UL><LI><a href="#[95]">&gt;&gt;</a>&nbsp;&nbsp;&nbsp;disk_write
<LI><a href="#[97]">&gt;&gt;</a>&nbsp;&nbsp;&nbsp;disk_read
<LI><a href="#[bb]">&gt;&gt;</a>&nbsp;&nbsp;&nbsp;validate
<LI><a href="#[9d]">&gt;&gt;</a>&nbsp;&nbsp;&nbsp;get_fat
<LI><a href="#[a4]">&gt;&gt;</a>&nbsp;&nbsp;&nbsp;clst2sect
<LI><a href="#[ae]">&gt;&gt;</a>&nbsp;&nbsp;&nbsp;mem_cpy
</UL>
<BR>[Called By]<UL><LI><a href="#[8e]">&gt;&gt;</a>&nbsp;&nbsp;&nbsp;USB_IAP_APP
</UL>

<P><STRONG><a name="[bc]"></a>f_write</STRONG> (Thumb, 478 bytes, Stack size 64 bytes, ff.o(.text), UNUSED)
<BR><BR>[Calls]<UL><LI><a href="#[95]">&gt;&gt;</a>&nbsp;&nbsp;&nbsp;disk_write
<LI><a href="#[97]">&gt;&gt;</a>&nbsp;&nbsp;&nbsp;disk_read
<LI><a href="#[bb]">&gt;&gt;</a>&nbsp;&nbsp;&nbsp;validate
<LI><a href="#[a2]">&gt;&gt;</a>&nbsp;&nbsp;&nbsp;create_chain
<LI><a href="#[a4]">&gt;&gt;</a>&nbsp;&nbsp;&nbsp;clst2sect
<LI><a href="#[ae]">&gt;&gt;</a>&nbsp;&nbsp;&nbsp;mem_cpy
</UL>

<P><STRONG><a name="[bd]"></a>f_sync</STRONG> (Thumb, 156 bytes, Stack size 24 bytes, ff.o(.text))
<BR><BR>[Stack]<UL><LI>Max Depth = 236<LI>Call Chain = f_sync &rArr; sync_fs &rArr; sync_window &rArr; disk_write &rArr; USBH_MSC_HandleBOTXfer &rArr; USBH_BulkReceiveData &rArr; HCD_SubmitRequest &rArr; USB_OTG_HC_StartXfer &rArr; USB_OTG_WritePacket
</UL>
<BR>[Calls]<UL><LI><a href="#[95]">&gt;&gt;</a>&nbsp;&nbsp;&nbsp;disk_write
<LI><a href="#[bb]">&gt;&gt;</a>&nbsp;&nbsp;&nbsp;validate
<LI><a href="#[a9]">&gt;&gt;</a>&nbsp;&nbsp;&nbsp;st_clust
<LI><a href="#[98]">&gt;&gt;</a>&nbsp;&nbsp;&nbsp;sync_fs
<LI><a href="#[96]">&gt;&gt;</a>&nbsp;&nbsp;&nbsp;move_window
<LI><a href="#[9b]">&gt;&gt;</a>&nbsp;&nbsp;&nbsp;st_dword
<LI><a href="#[9a]">&gt;&gt;</a>&nbsp;&nbsp;&nbsp;st_word
</UL>
<BR>[Called By]<UL><LI><a href="#[93]">&gt;&gt;</a>&nbsp;&nbsp;&nbsp;f_close
</UL>

<P><STRONG><a name="[93]"></a>f_close</STRONG> (Thumb, 34 bytes, Stack size 16 bytes, ff.o(.text))
<BR><BR>[Stack]<UL><LI>Max Depth = 252<LI>Call Chain = f_close &rArr; f_sync &rArr; sync_fs &rArr; sync_window &rArr; disk_write &rArr; USBH_MSC_HandleBOTXfer &rArr; USBH_BulkReceiveData &rArr; HCD_SubmitRequest &rArr; USB_OTG_HC_StartXfer &rArr; USB_OTG_WritePacket
</UL>
<BR>[Calls]<UL><LI><a href="#[bd]">&gt;&gt;</a>&nbsp;&nbsp;&nbsp;f_sync
<LI><a href="#[bb]">&gt;&gt;</a>&nbsp;&nbsp;&nbsp;validate
</UL>
<BR>[Called By]<UL><LI><a href="#[8e]">&gt;&gt;</a>&nbsp;&nbsp;&nbsp;USB_IAP_APP
</UL>

<P><STRONG><a name="[91]"></a>f_lseek</STRONG> (Thumb, 388 bytes, Stack size 40 bytes, ff.o(.text))
<BR><BR>[Stack]<UL><LI>Max Depth = 316<LI>Call Chain = f_lseek &rArr; create_chain &rArr; put_fat &rArr; move_window &rArr; sync_window &rArr; disk_write &rArr; USBH_MSC_HandleBOTXfer &rArr; USBH_BulkReceiveData &rArr; HCD_SubmitRequest &rArr; USB_OTG_HC_StartXfer &rArr; USB_OTG_WritePacket
</UL>
<BR>[Calls]<UL><LI><a href="#[95]">&gt;&gt;</a>&nbsp;&nbsp;&nbsp;disk_write
<LI><a href="#[97]">&gt;&gt;</a>&nbsp;&nbsp;&nbsp;disk_read
<LI><a href="#[bb]">&gt;&gt;</a>&nbsp;&nbsp;&nbsp;validate
<LI><a href="#[a2]">&gt;&gt;</a>&nbsp;&nbsp;&nbsp;create_chain
<LI><a href="#[9d]">&gt;&gt;</a>&nbsp;&nbsp;&nbsp;get_fat
<LI><a href="#[a4]">&gt;&gt;</a>&nbsp;&nbsp;&nbsp;clst2sect
</UL>
<BR>[Called By]<UL><LI><a href="#[8e]">&gt;&gt;</a>&nbsp;&nbsp;&nbsp;USB_IAP_APP
</UL>

<P><STRONG><a name="[be]"></a>f_opendir</STRONG> (Thumb, 108 bytes, Stack size 24 bytes, ff.o(.text), UNUSED)
<BR><BR>[Calls]<UL><LI><a href="#[b7]">&gt;&gt;</a>&nbsp;&nbsp;&nbsp;find_volume
<LI><a href="#[b5]">&gt;&gt;</a>&nbsp;&nbsp;&nbsp;follow_path
<LI><a href="#[a8]">&gt;&gt;</a>&nbsp;&nbsp;&nbsp;ld_clust
<LI><a href="#[a5]">&gt;&gt;</a>&nbsp;&nbsp;&nbsp;dir_sdi
</UL>
<BR>[Called By]<UL><LI><a href="#[dc]">&gt;&gt;</a>&nbsp;&nbsp;&nbsp;Explore_Disk
</UL>

<P><STRONG><a name="[bf]"></a>f_closedir</STRONG> (Thumb, 24 bytes, Stack size 16 bytes, ff.o(.text), UNUSED)
<BR><BR>[Calls]<UL><LI><a href="#[bb]">&gt;&gt;</a>&nbsp;&nbsp;&nbsp;validate
</UL>

<P><STRONG><a name="[c0]"></a>f_readdir</STRONG> (Thumb, 78 bytes, Stack size 24 bytes, ff.o(.text), UNUSED)
<BR><BR>[Calls]<UL><LI><a href="#[bb]">&gt;&gt;</a>&nbsp;&nbsp;&nbsp;validate
<LI><a href="#[b0]">&gt;&gt;</a>&nbsp;&nbsp;&nbsp;get_fileinfo
<LI><a href="#[aa]">&gt;&gt;</a>&nbsp;&nbsp;&nbsp;dir_read
<LI><a href="#[a6]">&gt;&gt;</a>&nbsp;&nbsp;&nbsp;dir_next
<LI><a href="#[a5]">&gt;&gt;</a>&nbsp;&nbsp;&nbsp;dir_sdi
</UL>
<BR>[Called By]<UL><LI><a href="#[dc]">&gt;&gt;</a>&nbsp;&nbsp;&nbsp;Explore_Disk
</UL>

<P><STRONG><a name="[c1]"></a>f_stat</STRONG> (Thumb, 62 bytes, Stack size 64 bytes, ff.o(.text), UNUSED)
<BR><BR>[Calls]<UL><LI><a href="#[b7]">&gt;&gt;</a>&nbsp;&nbsp;&nbsp;find_volume
<LI><a href="#[b5]">&gt;&gt;</a>&nbsp;&nbsp;&nbsp;follow_path
<LI><a href="#[b0]">&gt;&gt;</a>&nbsp;&nbsp;&nbsp;get_fileinfo
</UL>

<P><STRONG><a name="[c2]"></a>f_getfree</STRONG> (Thumb, 252 bytes, Stack size 72 bytes, ff.o(.text), UNUSED)
<BR><BR>[Calls]<UL><LI><a href="#[b7]">&gt;&gt;</a>&nbsp;&nbsp;&nbsp;find_volume
<LI><a href="#[9d]">&gt;&gt;</a>&nbsp;&nbsp;&nbsp;get_fat
<LI><a href="#[96]">&gt;&gt;</a>&nbsp;&nbsp;&nbsp;move_window
<LI><a href="#[9f]">&gt;&gt;</a>&nbsp;&nbsp;&nbsp;ld_dword
<LI><a href="#[9e]">&gt;&gt;</a>&nbsp;&nbsp;&nbsp;ld_word
</UL>

<P><STRONG><a name="[c3]"></a>f_truncate</STRONG> (Thumb, 178 bytes, Stack size 24 bytes, ff.o(.text), UNUSED)
<BR><BR>[Calls]<UL><LI><a href="#[95]">&gt;&gt;</a>&nbsp;&nbsp;&nbsp;disk_write
<LI><a href="#[bb]">&gt;&gt;</a>&nbsp;&nbsp;&nbsp;validate
<LI><a href="#[a1]">&gt;&gt;</a>&nbsp;&nbsp;&nbsp;remove_chain
<LI><a href="#[9d]">&gt;&gt;</a>&nbsp;&nbsp;&nbsp;get_fat
</UL>

<P><STRONG><a name="[c4]"></a>f_unlink</STRONG> (Thumb, 170 bytes, Stack size 112 bytes, ff.o(.text), UNUSED)
<BR><BR>[Calls]<UL><LI><a href="#[b7]">&gt;&gt;</a>&nbsp;&nbsp;&nbsp;find_volume
<LI><a href="#[b5]">&gt;&gt;</a>&nbsp;&nbsp;&nbsp;follow_path
<LI><a href="#[af]">&gt;&gt;</a>&nbsp;&nbsp;&nbsp;dir_remove
<LI><a href="#[aa]">&gt;&gt;</a>&nbsp;&nbsp;&nbsp;dir_read
<LI><a href="#[a8]">&gt;&gt;</a>&nbsp;&nbsp;&nbsp;ld_clust
<LI><a href="#[a5]">&gt;&gt;</a>&nbsp;&nbsp;&nbsp;dir_sdi
<LI><a href="#[a1]">&gt;&gt;</a>&nbsp;&nbsp;&nbsp;remove_chain
<LI><a href="#[98]">&gt;&gt;</a>&nbsp;&nbsp;&nbsp;sync_fs
</UL>

<P><STRONG><a name="[c5]"></a>f_mkdir</STRONG> (Thumb, 268 bytes, Stack size 80 bytes, ff.o(.text), UNUSED)
<BR><BR>[Calls]<UL><LI><a href="#[b7]">&gt;&gt;</a>&nbsp;&nbsp;&nbsp;find_volume
<LI><a href="#[b5]">&gt;&gt;</a>&nbsp;&nbsp;&nbsp;follow_path
<LI><a href="#[ad]">&gt;&gt;</a>&nbsp;&nbsp;&nbsp;dir_register
<LI><a href="#[a9]">&gt;&gt;</a>&nbsp;&nbsp;&nbsp;st_clust
<LI><a href="#[a3]">&gt;&gt;</a>&nbsp;&nbsp;&nbsp;dir_clear
<LI><a href="#[a2]">&gt;&gt;</a>&nbsp;&nbsp;&nbsp;create_chain
<LI><a href="#[a1]">&gt;&gt;</a>&nbsp;&nbsp;&nbsp;remove_chain
<LI><a href="#[98]">&gt;&gt;</a>&nbsp;&nbsp;&nbsp;sync_fs
<LI><a href="#[94]">&gt;&gt;</a>&nbsp;&nbsp;&nbsp;sync_window
<LI><a href="#[99]">&gt;&gt;</a>&nbsp;&nbsp;&nbsp;mem_set
<LI><a href="#[ae]">&gt;&gt;</a>&nbsp;&nbsp;&nbsp;mem_cpy
<LI><a href="#[9b]">&gt;&gt;</a>&nbsp;&nbsp;&nbsp;st_dword
</UL>

<P><STRONG><a name="[c6]"></a>f_rename</STRONG> (Thumb, 282 bytes, Stack size 152 bytes, ff.o(.text), UNUSED)
<BR><BR>[Calls]<UL><LI><a href="#[b7]">&gt;&gt;</a>&nbsp;&nbsp;&nbsp;find_volume
<LI><a href="#[b8]">&gt;&gt;</a>&nbsp;&nbsp;&nbsp;get_ldnumber
<LI><a href="#[b5]">&gt;&gt;</a>&nbsp;&nbsp;&nbsp;follow_path
<LI><a href="#[af]">&gt;&gt;</a>&nbsp;&nbsp;&nbsp;dir_remove
<LI><a href="#[ad]">&gt;&gt;</a>&nbsp;&nbsp;&nbsp;dir_register
<LI><a href="#[a9]">&gt;&gt;</a>&nbsp;&nbsp;&nbsp;st_clust
<LI><a href="#[a8]">&gt;&gt;</a>&nbsp;&nbsp;&nbsp;ld_clust
<LI><a href="#[a4]">&gt;&gt;</a>&nbsp;&nbsp;&nbsp;clst2sect
<LI><a href="#[98]">&gt;&gt;</a>&nbsp;&nbsp;&nbsp;sync_fs
<LI><a href="#[96]">&gt;&gt;</a>&nbsp;&nbsp;&nbsp;move_window
<LI><a href="#[ae]">&gt;&gt;</a>&nbsp;&nbsp;&nbsp;mem_cpy
</UL>

<P><STRONG><a name="[9c]"></a>disk_ioctl</STRONG> (Thumb, 18 bytes, Stack size 8 bytes, diskio.o(.text))
<BR><BR>[Stack]<UL><LI>Max Depth = 8<LI>Call Chain = disk_ioctl
</UL>
<BR>[Called By]<UL><LI><a href="#[98]">&gt;&gt;</a>&nbsp;&nbsp;&nbsp;sync_fs
</UL>

<P><STRONG><a name="[16f]"></a>USB_disk_status</STRONG> (Thumb, 4 bytes, Stack size 0 bytes, diskio.o(.text), UNUSED)

<P><STRONG><a name="[170]"></a>USB_disk_initialize</STRONG> (Thumb, 4 bytes, Stack size 0 bytes, diskio.o(.text), UNUSED)

<P><STRONG><a name="[171]"></a>USB_disk_read</STRONG> (Thumb, 6 bytes, Stack size 0 bytes, diskio.o(.text), UNUSED)

<P><STRONG><a name="[172]"></a>USB_disk_write</STRONG> (Thumb, 6 bytes, Stack size 0 bytes, diskio.o(.text), UNUSED)

<P><STRONG><a name="[cc]"></a>USB_OTG_BSP_Init</STRONG> (Thumb, 72 bytes, Stack size 16 bytes, usb_bsp.o(.text))
<BR><BR>[Stack]<UL><LI>Max Depth = 40<LI>Call Chain = USB_OTG_BSP_Init &rArr; USB_OTG_BSP_TimeInit &rArr; NVIC_Init
</UL>
<BR>[Calls]<UL><LI><a href="#[cd]">&gt;&gt;</a>&nbsp;&nbsp;&nbsp;RCC_AHB1PeriphClockCmd
<LI><a href="#[cf]">&gt;&gt;</a>&nbsp;&nbsp;&nbsp;GPIO_PinAFConfig
<LI><a href="#[ce]">&gt;&gt;</a>&nbsp;&nbsp;&nbsp;GPIO_Init
<LI><a href="#[c7]">&gt;&gt;</a>&nbsp;&nbsp;&nbsp;USB_OTG_BSP_TimeInit
</UL>
<BR>[Called By]<UL><LI><a href="#[80]">&gt;&gt;</a>&nbsp;&nbsp;&nbsp;USBH_Init
</UL>

<P><STRONG><a name="[d0]"></a>USB_OTG_BSP_EnableInterrupt</STRONG> (Thumb, 44 bytes, Stack size 16 bytes, usb_bsp.o(.text))
<BR><BR>[Stack]<UL><LI>Max Depth = 32<LI>Call Chain = USB_OTG_BSP_EnableInterrupt &rArr; NVIC_Init
</UL>
<BR>[Calls]<UL><LI><a href="#[c9]">&gt;&gt;</a>&nbsp;&nbsp;&nbsp;NVIC_PriorityGroupConfig
<LI><a href="#[ca]">&gt;&gt;</a>&nbsp;&nbsp;&nbsp;NVIC_Init
</UL>
<BR>[Called By]<UL><LI><a href="#[80]">&gt;&gt;</a>&nbsp;&nbsp;&nbsp;USBH_Init
</UL>

<P><STRONG><a name="[125]"></a>USB_OTG_BSP_DriveVBUS</STRONG> (Thumb, 2 bytes, Stack size 0 bytes, usb_bsp.o(.text))
<BR><BR>[Called By]<UL><LI><a href="#[124]">&gt;&gt;</a>&nbsp;&nbsp;&nbsp;USB_OTG_DriveVbus
</UL>

<P><STRONG><a name="[e2]"></a>USB_OTG_BSP_ConfigVBUS</STRONG> (Thumb, 2 bytes, Stack size 0 bytes, usb_bsp.o(.text))
<BR><BR>[Called By]<UL><LI><a href="#[80]">&gt;&gt;</a>&nbsp;&nbsp;&nbsp;USBH_Init
<LI><a href="#[128]">&gt;&gt;</a>&nbsp;&nbsp;&nbsp;USB_OTG_CoreInitHost
</UL>

<P><STRONG><a name="[d8]"></a>USB_OTG_BSP_uDelay</STRONG> (Thumb, 14 bytes, Stack size 8 bytes, usb_bsp.o(.text))
<BR><BR>[Stack]<UL><LI>Max Depth = 48<LI>Call Chain = USB_OTG_BSP_uDelay &rArr; BSP_Delay &rArr; BSP_SetTime
</UL>
<BR>[Calls]<UL><LI><a href="#[d7]">&gt;&gt;</a>&nbsp;&nbsp;&nbsp;BSP_Delay
</UL>
<BR>[Called By]<UL><LI><a href="#[11d]">&gt;&gt;</a>&nbsp;&nbsp;&nbsp;USB_OTG_FlushRxFifo
<LI><a href="#[11c]">&gt;&gt;</a>&nbsp;&nbsp;&nbsp;USB_OTG_FlushTxFifo
<LI><a href="#[11a]">&gt;&gt;</a>&nbsp;&nbsp;&nbsp;USB_OTG_CoreReset
</UL>

<P><STRONG><a name="[d9]"></a>USB_OTG_BSP_mDelay</STRONG> (Thumb, 14 bytes, Stack size 8 bytes, usb_bsp.o(.text))
<BR><BR>[Stack]<UL><LI>Max Depth = 48<LI>Call Chain = USB_OTG_BSP_mDelay &rArr; BSP_Delay &rArr; BSP_SetTime
</UL>
<BR>[Calls]<UL><LI><a href="#[d7]">&gt;&gt;</a>&nbsp;&nbsp;&nbsp;BSP_Delay
</UL>
<BR>[Called By]<UL><LI><a href="#[ea]">&gt;&gt;</a>&nbsp;&nbsp;&nbsp;USBH_HandleEnum
<LI><a href="#[81]">&gt;&gt;</a>&nbsp;&nbsp;&nbsp;USBH_Process
<LI><a href="#[127]">&gt;&gt;</a>&nbsp;&nbsp;&nbsp;USB_OTG_ResetPort
<LI><a href="#[124]">&gt;&gt;</a>&nbsp;&nbsp;&nbsp;USB_OTG_DriveVbus
<LI><a href="#[11e]">&gt;&gt;</a>&nbsp;&nbsp;&nbsp;USB_OTG_SetCurrentMode
<LI><a href="#[11b]">&gt;&gt;</a>&nbsp;&nbsp;&nbsp;USB_OTG_CoreInit
</UL>

<P><STRONG><a name="[da]"></a>USB_OTG_BSP_TimerIRQ</STRONG> (Thumb, 50 bytes, Stack size 8 bytes, usb_bsp.o(.text))
<BR><BR>[Stack]<UL><LI>Max Depth = 20<LI>Call Chain = USB_OTG_BSP_TimerIRQ &rArr; TIM_GetITStatus
</UL>
<BR>[Calls]<UL><LI><a href="#[db]">&gt;&gt;</a>&nbsp;&nbsp;&nbsp;TIM_GetITStatus
<LI><a href="#[d2]">&gt;&gt;</a>&nbsp;&nbsp;&nbsp;TIM_Cmd
<LI><a href="#[d5]">&gt;&gt;</a>&nbsp;&nbsp;&nbsp;TIM_ClearITPendingBit
</UL>
<BR>[Called By]<UL><LI><a href="#[26]">&gt;&gt;</a>&nbsp;&nbsp;&nbsp;TIM2_IRQHandler
</UL>

<P><STRONG><a name="[5f]"></a>USBH_USR_Init</STRONG> (Thumb, 14 bytes, Stack size 0 bytes, usbh_usr.o(.text))
<BR>[Address Reference Count : 1]<UL><LI> usbh_usr.o(.data)
</UL>
<P><STRONG><a name="[61]"></a>USBH_USR_DeviceAttached</STRONG> (Thumb, 2 bytes, Stack size 0 bytes, usbh_usr.o(.text))
<BR>[Address Reference Count : 1]<UL><LI> usbh_usr.o(.data)
</UL>
<P><STRONG><a name="[70]"></a>USBH_USR_UnrecoveredError</STRONG> (Thumb, 2 bytes, Stack size 0 bytes, usbh_usr.o(.text))
<BR>[Address Reference Count : 1]<UL><LI> usbh_usr.o(.data)
</UL>
<P><STRONG><a name="[63]"></a>USBH_USR_DeviceDisconnected</STRONG> (Thumb, 2 bytes, Stack size 0 bytes, usbh_usr.o(.text))
<BR>[Address Reference Count : 1]<UL><LI> usbh_usr.o(.data)
</UL>
<P><STRONG><a name="[62]"></a>USBH_USR_ResetDevice</STRONG> (Thumb, 2 bytes, Stack size 0 bytes, usbh_usr.o(.text))
<BR>[Address Reference Count : 1]<UL><LI> usbh_usr.o(.data)
</UL>
<P><STRONG><a name="[65]"></a>USBH_USR_DeviceSpeedDetected</STRONG> (Thumb, 10 bytes, Stack size 0 bytes, usbh_usr.o(.text))
<BR>[Address Reference Count : 1]<UL><LI> usbh_usr.o(.data)
</UL>
<P><STRONG><a name="[66]"></a>USBH_USR_Device_DescAvailable</STRONG> (Thumb, 2 bytes, Stack size 0 bytes, usbh_usr.o(.text))
<BR>[Address Reference Count : 1]<UL><LI> usbh_usr.o(.data)
</UL>
<P><STRONG><a name="[67]"></a>USBH_USR_DeviceAddressAssigned</STRONG> (Thumb, 2 bytes, Stack size 0 bytes, usbh_usr.o(.text))
<BR>[Address Reference Count : 1]<UL><LI> usbh_usr.o(.data)
</UL>
<P><STRONG><a name="[68]"></a>USBH_USR_Configuration_DescAvailable</STRONG> (Thumb, 16 bytes, Stack size 8 bytes, usbh_usr.o(.text))
<BR><BR>[Stack]<UL><LI>Max Depth = 8<LI>Call Chain = USBH_USR_Configuration_DescAvailable
</UL>
<BR>[Address Reference Count : 1]<UL><LI> usbh_usr.o(.data)
</UL>
<P><STRONG><a name="[69]"></a>USBH_USR_Manufacturer_String</STRONG> (Thumb, 2 bytes, Stack size 0 bytes, usbh_usr.o(.text))
<BR>[Address Reference Count : 1]<UL><LI> usbh_usr.o(.data)
</UL>
<P><STRONG><a name="[6a]"></a>USBH_USR_Product_String</STRONG> (Thumb, 2 bytes, Stack size 0 bytes, usbh_usr.o(.text))
<BR>[Address Reference Count : 1]<UL><LI> usbh_usr.o(.data)
</UL>
<P><STRONG><a name="[6b]"></a>USBH_USR_SerialNum_String</STRONG> (Thumb, 2 bytes, Stack size 0 bytes, usbh_usr.o(.text))
<BR>[Address Reference Count : 1]<UL><LI> usbh_usr.o(.data)
</UL>
<P><STRONG><a name="[6c]"></a>USBH_USR_EnumerationDone</STRONG> (Thumb, 2 bytes, Stack size 0 bytes, usbh_usr.o(.text))
<BR>[Address Reference Count : 1]<UL><LI> usbh_usr.o(.data)
</UL>
<P><STRONG><a name="[6f]"></a>USBH_USR_DeviceNotSupported</STRONG> (Thumb, 2 bytes, Stack size 0 bytes, usbh_usr.o(.text))
<BR>[Address Reference Count : 1]<UL><LI> usbh_usr.o(.data)
</UL>
<P><STRONG><a name="[6d]"></a>USBH_USR_UserInput</STRONG> (Thumb, 6 bytes, Stack size 0 bytes, usbh_usr.o(.text))
<BR>[Address Reference Count : 1]<UL><LI> usbh_usr.o(.data)
</UL>
<P><STRONG><a name="[64]"></a>USBH_USR_OverCurrentDetected</STRONG> (Thumb, 2 bytes, Stack size 0 bytes, usbh_usr.o(.text))
<BR>[Address Reference Count : 1]<UL><LI> usbh_usr.o(.data)
</UL>
<P><STRONG><a name="[6e]"></a>USBH_USR_MSC_Application</STRONG> (Thumb, 10 bytes, Stack size 8 bytes, usbh_usr.o(.text))
<BR><BR>[Stack]<UL><LI>Max Depth = 476<LI>Call Chain = USBH_USR_MSC_Application &rArr; USB_IAP_APP &rArr; f_open &rArr; follow_path &rArr; dir_find &rArr; dir_next &rArr; create_chain &rArr; put_fat &rArr; move_window &rArr; sync_window &rArr; disk_write &rArr; USBH_MSC_HandleBOTXfer &rArr; USBH_BulkReceiveData &rArr; HCD_SubmitRequest &rArr; USB_OTG_HC_StartXfer &rArr; USB_OTG_WritePacket
</UL>
<BR>[Calls]<UL><LI><a href="#[8e]">&gt;&gt;</a>&nbsp;&nbsp;&nbsp;USB_IAP_APP
</UL>
<BR>[Address Reference Count : 1]<UL><LI> usbh_usr.o(.data)
</UL>
<P><STRONG><a name="[60]"></a>USBH_USR_DeInit</STRONG> (Thumb, 2 bytes, Stack size 0 bytes, usbh_usr.o(.text))
<BR>[Address Reference Count : 1]<UL><LI> usbh_usr.o(.data)
</UL>
<P><STRONG><a name="[26]"></a>TIM2_IRQHandler</STRONG> (Thumb, 8 bytes, Stack size 8 bytes, usbh_it.o(.text))
<BR><BR>[Stack]<UL><LI>Max Depth = 28<LI>Call Chain = TIM2_IRQHandler &rArr; USB_OTG_BSP_TimerIRQ &rArr; TIM_GetITStatus
</UL>
<BR>[Calls]<UL><LI><a href="#[da]">&gt;&gt;</a>&nbsp;&nbsp;&nbsp;USB_OTG_BSP_TimerIRQ
</UL>
<BR>[Address Reference Count : 1]<UL><LI> startup_stm32f40xx.o(RESET)
</UL>
<P><STRONG><a name="[57]"></a>OTG_HS_IRQHandler</STRONG> (Thumb, 10 bytes, Stack size 8 bytes, usbh_it.o(.text))
<BR><BR>[Stack]<UL><LI>Max Depth = 120<LI>Call Chain = OTG_HS_IRQHandler &rArr; USBH_OTG_ISR_Handler &rArr; USB_OTG_USBH_handle_hc_ISR &rArr; USB_OTG_USBH_handle_hc_n_In_ISR &rArr; USB_OTG_HC_Halt
</UL>
<BR>[Calls]<UL><LI><a href="#[df]">&gt;&gt;</a>&nbsp;&nbsp;&nbsp;USBH_OTG_ISR_Handler
</UL>
<BR>[Address Reference Count : 1]<UL><LI> startup_stm32f40xx.o(RESET)
</UL>
<P><STRONG><a name="[72]"></a>USBH_Connected</STRONG> (Thumb, 12 bytes, Stack size 0 bytes, usbh_core.o(.text))
<BR>[Address Reference Count : 1]<UL><LI> usbh_core.o(.data)
</UL>
<P><STRONG><a name="[73]"></a>USBH_Disconnected</STRONG> (Thumb, 12 bytes, Stack size 0 bytes, usbh_core.o(.text))
<BR>[Address Reference Count : 1]<UL><LI> usbh_core.o(.data)
</UL>
<P><STRONG><a name="[71]"></a>USBH_SOF</STRONG> (Thumb, 6 bytes, Stack size 0 bytes, usbh_core.o(.text))
<BR>[Address Reference Count : 1]<UL><LI> usbh_core.o(.data)
</UL>
<P><STRONG><a name="[e0]"></a>USBH_DeInit</STRONG> (Thumb, 58 bytes, Stack size 16 bytes, usbh_core.o(.text))
<BR><BR>[Stack]<UL><LI>Max Depth = 16<LI>Call Chain = USBH_DeInit
</UL>
<BR>[Calls]<UL><LI><a href="#[e1]">&gt;&gt;</a>&nbsp;&nbsp;&nbsp;USBH_Free_Channel
</UL>
<BR>[Called By]<UL><LI><a href="#[81]">&gt;&gt;</a>&nbsp;&nbsp;&nbsp;USBH_Process
<LI><a href="#[80]">&gt;&gt;</a>&nbsp;&nbsp;&nbsp;USBH_Init
</UL>

<P><STRONG><a name="[80]"></a>USBH_Init</STRONG> (Thumb, 68 bytes, Stack size 24 bytes, usbh_core.o(.text))
<BR><BR>[Stack]<UL><LI>Max Depth = 144<LI>Call Chain = USBH_Init &rArr; HCD_Init &rArr; USB_OTG_CoreInitHost &rArr; USB_OTG_FlushRxFifo &rArr; USB_OTG_BSP_uDelay &rArr; BSP_Delay &rArr; BSP_SetTime
</UL>
<BR>[Calls]<UL><LI><a href="#[e3]">&gt;&gt;</a>&nbsp;&nbsp;&nbsp;HCD_Init
<LI><a href="#[e0]">&gt;&gt;</a>&nbsp;&nbsp;&nbsp;USBH_DeInit
<LI><a href="#[e2]">&gt;&gt;</a>&nbsp;&nbsp;&nbsp;USB_OTG_BSP_ConfigVBUS
<LI><a href="#[d0]">&gt;&gt;</a>&nbsp;&nbsp;&nbsp;USB_OTG_BSP_EnableInterrupt
<LI><a href="#[cc]">&gt;&gt;</a>&nbsp;&nbsp;&nbsp;USB_OTG_BSP_Init
</UL>
<BR>[Called By]<UL><LI><a href="#[7a]">&gt;&gt;</a>&nbsp;&nbsp;&nbsp;IAP_fun_run
</UL>

<P><STRONG><a name="[e4]"></a>USBH_HandleControl</STRONG> (Thumb, 544 bytes, Stack size 24 bytes, usbh_core.o(.text))
<BR><BR>[Stack]<UL><LI>Max Depth = 148<LI>Call Chain = USBH_HandleControl &rArr; USBH_CtlSendData &rArr; HCD_SubmitRequest &rArr; USB_OTG_HC_StartXfer &rArr; USB_OTG_WritePacket
</UL>
<BR>[Calls]<UL><LI><a href="#[e5]">&gt;&gt;</a>&nbsp;&nbsp;&nbsp;USBH_CtlSendSetup
<LI><a href="#[e9]">&gt;&gt;</a>&nbsp;&nbsp;&nbsp;USBH_CtlSendData
<LI><a href="#[e8]">&gt;&gt;</a>&nbsp;&nbsp;&nbsp;USBH_CtlReceiveData
<LI><a href="#[e6]">&gt;&gt;</a>&nbsp;&nbsp;&nbsp;HCD_GetURB_State
<LI><a href="#[e7]">&gt;&gt;</a>&nbsp;&nbsp;&nbsp;HCD_GetCurrentFrame
</UL>
<BR>[Called By]<UL><LI><a href="#[81]">&gt;&gt;</a>&nbsp;&nbsp;&nbsp;USBH_Process
</UL>

<P><STRONG><a name="[f5]"></a>USBH_ErrorHandle</STRONG> (Thumb, 46 bytes, Stack size 16 bytes, usbh_core.o(.text))
<BR><BR>[Stack]<UL><LI>Max Depth = 16<LI>Call Chain = USBH_ErrorHandle
</UL>
<BR>[Called By]<UL><LI><a href="#[81]">&gt;&gt;</a>&nbsp;&nbsp;&nbsp;USBH_Process
</UL>

<P><STRONG><a name="[81]"></a>USBH_Process</STRONG> (Thumb, 420 bytes, Stack size 24 bytes, usbh_core.o(.text))
<BR><BR>[Stack]<UL><LI>Max Depth = 216<LI>Call Chain = USBH_Process &rArr; USBH_HandleEnum &rArr; USBH_Get_StringDesc &rArr; USBH_GetDescriptor &rArr; USBH_CtlReq &rArr; USBH_SubmitSetupRequest
</UL>
<BR>[Calls]<UL><LI><a href="#[f4]">&gt;&gt;</a>&nbsp;&nbsp;&nbsp;USBH_Open_Channel
<LI><a href="#[f6]">&gt;&gt;</a>&nbsp;&nbsp;&nbsp;USBH_DeAllocate_AllChannel
<LI><a href="#[f2]">&gt;&gt;</a>&nbsp;&nbsp;&nbsp;USBH_Alloc_Channel
<LI><a href="#[ec]">&gt;&gt;</a>&nbsp;&nbsp;&nbsp;HCD_ResetPort
<LI><a href="#[f3]">&gt;&gt;</a>&nbsp;&nbsp;&nbsp;HCD_GetCurrentSpeed
<LI><a href="#[f5]">&gt;&gt;</a>&nbsp;&nbsp;&nbsp;USBH_ErrorHandle
<LI><a href="#[e4]">&gt;&gt;</a>&nbsp;&nbsp;&nbsp;USBH_HandleControl
<LI><a href="#[e0]">&gt;&gt;</a>&nbsp;&nbsp;&nbsp;USBH_DeInit
<LI><a href="#[ea]">&gt;&gt;</a>&nbsp;&nbsp;&nbsp;USBH_HandleEnum
<LI><a href="#[de]">&gt;&gt;</a>&nbsp;&nbsp;&nbsp;HCD_IsDeviceConnected
<LI><a href="#[d9]">&gt;&gt;</a>&nbsp;&nbsp;&nbsp;USB_OTG_BSP_mDelay
</UL>
<BR>[Called By]<UL><LI><a href="#[7a]">&gt;&gt;</a>&nbsp;&nbsp;&nbsp;IAP_fun_run
</UL>

<P><STRONG><a name="[f4]"></a>USBH_Open_Channel</STRONG> (Thumb, 154 bytes, Stack size 32 bytes, usbh_hcs.o(.text))
<BR><BR>[Stack]<UL><LI>Max Depth = 60<LI>Call Chain = USBH_Open_Channel &rArr; USB_OTG_HC_Init
</UL>
<BR>[Calls]<UL><LI><a href="#[f7]">&gt;&gt;</a>&nbsp;&nbsp;&nbsp;USB_OTG_HC_Init
</UL>
<BR>[Called By]<UL><LI><a href="#[74]">&gt;&gt;</a>&nbsp;&nbsp;&nbsp;USBH_MSC_InterfaceInit
<LI><a href="#[81]">&gt;&gt;</a>&nbsp;&nbsp;&nbsp;USBH_Process
</UL>

<P><STRONG><a name="[ed]"></a>USBH_Modify_Channel</STRONG> (Thumb, 100 bytes, Stack size 32 bytes, usbh_hcs.o(.text))
<BR><BR>[Stack]<UL><LI>Max Depth = 60<LI>Call Chain = USBH_Modify_Channel &rArr; USB_OTG_HC_Init
</UL>
<BR>[Calls]<UL><LI><a href="#[f7]">&gt;&gt;</a>&nbsp;&nbsp;&nbsp;USB_OTG_HC_Init
</UL>
<BR>[Called By]<UL><LI><a href="#[ea]">&gt;&gt;</a>&nbsp;&nbsp;&nbsp;USBH_HandleEnum
</UL>

<P><STRONG><a name="[f2]"></a>USBH_Alloc_Channel</STRONG> (Thumb, 38 bytes, Stack size 16 bytes, usbh_hcs.o(.text))
<BR><BR>[Stack]<UL><LI>Max Depth = 16<LI>Call Chain = USBH_Alloc_Channel
</UL>
<BR>[Calls]<UL><LI><a href="#[f8]">&gt;&gt;</a>&nbsp;&nbsp;&nbsp;USBH_GetFreeChannel
</UL>
<BR>[Called By]<UL><LI><a href="#[74]">&gt;&gt;</a>&nbsp;&nbsp;&nbsp;USBH_MSC_InterfaceInit
<LI><a href="#[81]">&gt;&gt;</a>&nbsp;&nbsp;&nbsp;USBH_Process
</UL>

<P><STRONG><a name="[e1]"></a>USBH_Free_Channel</STRONG> (Thumb, 30 bytes, Stack size 0 bytes, usbh_hcs.o(.text))
<BR><BR>[Called By]<UL><LI><a href="#[75]">&gt;&gt;</a>&nbsp;&nbsp;&nbsp;USBH_MSC_InterfaceDeInit
<LI><a href="#[e0]">&gt;&gt;</a>&nbsp;&nbsp;&nbsp;USBH_DeInit
</UL>

<P><STRONG><a name="[f6]"></a>USBH_DeAllocate_AllChannel</STRONG> (Thumb, 28 bytes, Stack size 0 bytes, usbh_hcs.o(.text))
<BR><BR>[Called By]<UL><LI><a href="#[81]">&gt;&gt;</a>&nbsp;&nbsp;&nbsp;USBH_Process
</UL>

<P><STRONG><a name="[f9]"></a>USBH_CtlReq</STRONG> (Thumb, 100 bytes, Stack size 24 bytes, usbh_ioreq.o(.text))
<BR><BR>[Stack]<UL><LI>Max Depth = 32<LI>Call Chain = USBH_CtlReq &rArr; USBH_SubmitSetupRequest
</UL>
<BR>[Calls]<UL><LI><a href="#[fa]">&gt;&gt;</a>&nbsp;&nbsp;&nbsp;USBH_SubmitSetupRequest
</UL>
<BR>[Called By]<UL><LI><a href="#[112]">&gt;&gt;</a>&nbsp;&nbsp;&nbsp;USBH_MSC_BOTReset
<LI><a href="#[111]">&gt;&gt;</a>&nbsp;&nbsp;&nbsp;USBH_MSC_GETMaxLUN
<LI><a href="#[10a]">&gt;&gt;</a>&nbsp;&nbsp;&nbsp;USBH_ClrFeature
<LI><a href="#[109]">&gt;&gt;</a>&nbsp;&nbsp;&nbsp;USBH_SetInterface
<LI><a href="#[102]">&gt;&gt;</a>&nbsp;&nbsp;&nbsp;USBH_GetDescriptor
<LI><a href="#[f1]">&gt;&gt;</a>&nbsp;&nbsp;&nbsp;USBH_SetCfg
<LI><a href="#[ee]">&gt;&gt;</a>&nbsp;&nbsp;&nbsp;USBH_SetAddress
</UL>

<P><STRONG><a name="[e5]"></a>USBH_CtlSendSetup</STRONG> (Thumb, 66 bytes, Stack size 16 bytes, usbh_ioreq.o(.text))
<BR><BR>[Stack]<UL><LI>Max Depth = 116<LI>Call Chain = USBH_CtlSendSetup &rArr; HCD_SubmitRequest &rArr; USB_OTG_HC_StartXfer &rArr; USB_OTG_WritePacket
</UL>
<BR>[Calls]<UL><LI><a href="#[fb]">&gt;&gt;</a>&nbsp;&nbsp;&nbsp;HCD_SubmitRequest
</UL>
<BR>[Called By]<UL><LI><a href="#[e4]">&gt;&gt;</a>&nbsp;&nbsp;&nbsp;USBH_HandleControl
</UL>

<P><STRONG><a name="[e9]"></a>USBH_CtlSendData</STRONG> (Thumb, 110 bytes, Stack size 24 bytes, usbh_ioreq.o(.text))
<BR><BR>[Stack]<UL><LI>Max Depth = 124<LI>Call Chain = USBH_CtlSendData &rArr; HCD_SubmitRequest &rArr; USB_OTG_HC_StartXfer &rArr; USB_OTG_WritePacket
</UL>
<BR>[Calls]<UL><LI><a href="#[fb]">&gt;&gt;</a>&nbsp;&nbsp;&nbsp;HCD_SubmitRequest
</UL>
<BR>[Called By]<UL><LI><a href="#[e4]">&gt;&gt;</a>&nbsp;&nbsp;&nbsp;USBH_HandleControl
</UL>

<P><STRONG><a name="[e8]"></a>USBH_CtlReceiveData</STRONG> (Thumb, 70 bytes, Stack size 24 bytes, usbh_ioreq.o(.text))
<BR><BR>[Stack]<UL><LI>Max Depth = 124<LI>Call Chain = USBH_CtlReceiveData &rArr; HCD_SubmitRequest &rArr; USB_OTG_HC_StartXfer &rArr; USB_OTG_WritePacket
</UL>
<BR>[Calls]<UL><LI><a href="#[fb]">&gt;&gt;</a>&nbsp;&nbsp;&nbsp;HCD_SubmitRequest
</UL>
<BR>[Called By]<UL><LI><a href="#[e4]">&gt;&gt;</a>&nbsp;&nbsp;&nbsp;USBH_HandleControl
</UL>

<P><STRONG><a name="[fc]"></a>USBH_BulkSendData</STRONG> (Thumb, 94 bytes, Stack size 24 bytes, usbh_ioreq.o(.text))
<BR><BR>[Stack]<UL><LI>Max Depth = 124<LI>Call Chain = USBH_BulkSendData &rArr; HCD_SubmitRequest &rArr; USB_OTG_HC_StartXfer &rArr; USB_OTG_WritePacket
</UL>
<BR>[Calls]<UL><LI><a href="#[fb]">&gt;&gt;</a>&nbsp;&nbsp;&nbsp;HCD_SubmitRequest
</UL>
<BR>[Called By]<UL><LI><a href="#[10f]">&gt;&gt;</a>&nbsp;&nbsp;&nbsp;USBH_MSC_HandleBOTXfer
</UL>

<P><STRONG><a name="[fd]"></a>USBH_BulkReceiveData</STRONG> (Thumb, 96 bytes, Stack size 24 bytes, usbh_ioreq.o(.text))
<BR><BR>[Stack]<UL><LI>Max Depth = 124<LI>Call Chain = USBH_BulkReceiveData &rArr; HCD_SubmitRequest &rArr; USB_OTG_HC_StartXfer &rArr; USB_OTG_WritePacket
</UL>
<BR>[Calls]<UL><LI><a href="#[fb]">&gt;&gt;</a>&nbsp;&nbsp;&nbsp;HCD_SubmitRequest
</UL>
<BR>[Called By]<UL><LI><a href="#[10f]">&gt;&gt;</a>&nbsp;&nbsp;&nbsp;USBH_MSC_HandleBOTXfer
</UL>

<P><STRONG><a name="[fe]"></a>USBH_InterruptReceiveData</STRONG> (Thumb, 120 bytes, Stack size 24 bytes, usbh_ioreq.o(.text), UNUSED)
<BR><BR>[Calls]<UL><LI><a href="#[fb]">&gt;&gt;</a>&nbsp;&nbsp;&nbsp;HCD_SubmitRequest
</UL>

<P><STRONG><a name="[ff]"></a>USBH_InterruptSendData</STRONG> (Thumb, 118 bytes, Stack size 24 bytes, usbh_ioreq.o(.text), UNUSED)
<BR><BR>[Calls]<UL><LI><a href="#[fb]">&gt;&gt;</a>&nbsp;&nbsp;&nbsp;HCD_SubmitRequest
</UL>

<P><STRONG><a name="[100]"></a>USBH_IsocReceiveData</STRONG> (Thumb, 70 bytes, Stack size 24 bytes, usbh_ioreq.o(.text), UNUSED)
<BR><BR>[Calls]<UL><LI><a href="#[fb]">&gt;&gt;</a>&nbsp;&nbsp;&nbsp;HCD_SubmitRequest
</UL>

<P><STRONG><a name="[101]"></a>USBH_IsocSendData</STRONG> (Thumb, 68 bytes, Stack size 24 bytes, usbh_ioreq.o(.text), UNUSED)
<BR><BR>[Calls]<UL><LI><a href="#[fb]">&gt;&gt;</a>&nbsp;&nbsp;&nbsp;HCD_SubmitRequest
</UL>

<P><STRONG><a name="[102]"></a>USBH_GetDescriptor</STRONG> (Thumb, 68 bytes, Stack size 32 bytes, usbh_stdreq.o(.text))
<BR><BR>[Stack]<UL><LI>Max Depth = 64<LI>Call Chain = USBH_GetDescriptor &rArr; USBH_CtlReq &rArr; USBH_SubmitSetupRequest
</UL>
<BR>[Calls]<UL><LI><a href="#[f9]">&gt;&gt;</a>&nbsp;&nbsp;&nbsp;USBH_CtlReq
</UL>
<BR>[Called By]<UL><LI><a href="#[f0]">&gt;&gt;</a>&nbsp;&nbsp;&nbsp;USBH_Get_StringDesc
<LI><a href="#[eb]">&gt;&gt;</a>&nbsp;&nbsp;&nbsp;USBH_Get_DevDesc
<LI><a href="#[ef]">&gt;&gt;</a>&nbsp;&nbsp;&nbsp;USBH_Get_CfgDesc
</UL>

<P><STRONG><a name="[eb]"></a>USBH_Get_DevDesc</STRONG> (Thumb, 56 bytes, Stack size 32 bytes, usbh_stdreq.o(.text))
<BR><BR>[Stack]<UL><LI>Max Depth = 96<LI>Call Chain = USBH_Get_DevDesc &rArr; USBH_GetDescriptor &rArr; USBH_CtlReq &rArr; USBH_SubmitSetupRequest
</UL>
<BR>[Calls]<UL><LI><a href="#[102]">&gt;&gt;</a>&nbsp;&nbsp;&nbsp;USBH_GetDescriptor
<LI><a href="#[103]">&gt;&gt;</a>&nbsp;&nbsp;&nbsp;USBH_ParseDevDesc
</UL>
<BR>[Called By]<UL><LI><a href="#[ea]">&gt;&gt;</a>&nbsp;&nbsp;&nbsp;USBH_HandleEnum
</UL>

<P><STRONG><a name="[105]"></a>USBH_GetNextDesc</STRONG> (Thumb, 18 bytes, Stack size 8 bytes, usbh_stdreq.o(.text))
<BR><BR>[Stack]<UL><LI>Max Depth = 8<LI>Call Chain = USBH_GetNextDesc
</UL>
<BR>[Called By]<UL><LI><a href="#[104]">&gt;&gt;</a>&nbsp;&nbsp;&nbsp;USBH_ParseCfgDesc
</UL>

<P><STRONG><a name="[ef]"></a>USBH_Get_CfgDesc</STRONG> (Thumb, 88 bytes, Stack size 32 bytes, usbh_stdreq.o(.text))
<BR><BR>[Stack]<UL><LI>Max Depth = 96<LI>Call Chain = USBH_Get_CfgDesc &rArr; USBH_GetDescriptor &rArr; USBH_CtlReq &rArr; USBH_SubmitSetupRequest
</UL>
<BR>[Calls]<UL><LI><a href="#[102]">&gt;&gt;</a>&nbsp;&nbsp;&nbsp;USBH_GetDescriptor
<LI><a href="#[104]">&gt;&gt;</a>&nbsp;&nbsp;&nbsp;USBH_ParseCfgDesc
</UL>
<BR>[Called By]<UL><LI><a href="#[ea]">&gt;&gt;</a>&nbsp;&nbsp;&nbsp;USBH_HandleEnum
</UL>

<P><STRONG><a name="[f0]"></a>USBH_Get_StringDesc</STRONG> (Thumb, 60 bytes, Stack size 40 bytes, usbh_stdreq.o(.text))
<BR><BR>[Stack]<UL><LI>Max Depth = 104<LI>Call Chain = USBH_Get_StringDesc &rArr; USBH_GetDescriptor &rArr; USBH_CtlReq &rArr; USBH_SubmitSetupRequest
</UL>
<BR>[Calls]<UL><LI><a href="#[102]">&gt;&gt;</a>&nbsp;&nbsp;&nbsp;USBH_GetDescriptor
<LI><a href="#[108]">&gt;&gt;</a>&nbsp;&nbsp;&nbsp;USBH_ParseStringDesc
</UL>
<BR>[Called By]<UL><LI><a href="#[ea]">&gt;&gt;</a>&nbsp;&nbsp;&nbsp;USBH_HandleEnum
</UL>

<P><STRONG><a name="[ee]"></a>USBH_SetAddress</STRONG> (Thumb, 38 bytes, Stack size 16 bytes, usbh_stdreq.o(.text))
<BR><BR>[Stack]<UL><LI>Max Depth = 48<LI>Call Chain = USBH_SetAddress &rArr; USBH_CtlReq &rArr; USBH_SubmitSetupRequest
</UL>
<BR>[Calls]<UL><LI><a href="#[f9]">&gt;&gt;</a>&nbsp;&nbsp;&nbsp;USBH_CtlReq
</UL>
<BR>[Called By]<UL><LI><a href="#[ea]">&gt;&gt;</a>&nbsp;&nbsp;&nbsp;USBH_HandleEnum
</UL>

<P><STRONG><a name="[f1]"></a>USBH_SetCfg</STRONG> (Thumb, 38 bytes, Stack size 16 bytes, usbh_stdreq.o(.text))
<BR><BR>[Stack]<UL><LI>Max Depth = 48<LI>Call Chain = USBH_SetCfg &rArr; USBH_CtlReq &rArr; USBH_SubmitSetupRequest
</UL>
<BR>[Calls]<UL><LI><a href="#[f9]">&gt;&gt;</a>&nbsp;&nbsp;&nbsp;USBH_CtlReq
</UL>
<BR>[Called By]<UL><LI><a href="#[ea]">&gt;&gt;</a>&nbsp;&nbsp;&nbsp;USBH_HandleEnum
</UL>

<P><STRONG><a name="[109]"></a>USBH_SetInterface</STRONG> (Thumb, 44 bytes, Stack size 24 bytes, usbh_stdreq.o(.text), UNUSED)
<BR><BR>[Calls]<UL><LI><a href="#[f9]">&gt;&gt;</a>&nbsp;&nbsp;&nbsp;USBH_CtlReq
</UL>

<P><STRONG><a name="[10a]"></a>USBH_ClrFeature</STRONG> (Thumb, 76 bytes, Stack size 24 bytes, usbh_stdreq.o(.text))
<BR><BR>[Stack]<UL><LI>Max Depth = 56<LI>Call Chain = USBH_ClrFeature &rArr; USBH_CtlReq &rArr; USBH_SubmitSetupRequest
</UL>
<BR>[Calls]<UL><LI><a href="#[f9]">&gt;&gt;</a>&nbsp;&nbsp;&nbsp;USBH_CtlReq
</UL>
<BR>[Called By]<UL><LI><a href="#[77]">&gt;&gt;</a>&nbsp;&nbsp;&nbsp;USBH_MSC_Handle
<LI><a href="#[10c]">&gt;&gt;</a>&nbsp;&nbsp;&nbsp;USBH_MSC_BOT_Abort
</UL>

<P><STRONG><a name="[10b]"></a>USBH_MSC_Init</STRONG> (Thumb, 44 bytes, Stack size 8 bytes, usbh_msc_bot.o(.text))
<BR><BR>[Stack]<UL><LI>Max Depth = 8<LI>Call Chain = USBH_MSC_Init
</UL>
<BR>[Calls]<UL><LI><a href="#[de]">&gt;&gt;</a>&nbsp;&nbsp;&nbsp;HCD_IsDeviceConnected
</UL>
<BR>[Called By]<UL><LI><a href="#[77]">&gt;&gt;</a>&nbsp;&nbsp;&nbsp;USBH_MSC_Handle
</UL>

<P><STRONG><a name="[10c]"></a>USBH_MSC_BOT_Abort</STRONG> (Thumb, 86 bytes, Stack size 24 bytes, usbh_msc_bot.o(.text))
<BR><BR>[Stack]<UL><LI>Max Depth = 80<LI>Call Chain = USBH_MSC_BOT_Abort &rArr; USBH_ClrFeature &rArr; USBH_CtlReq &rArr; USBH_SubmitSetupRequest
</UL>
<BR>[Calls]<UL><LI><a href="#[10a]">&gt;&gt;</a>&nbsp;&nbsp;&nbsp;USBH_ClrFeature
</UL>
<BR>[Called By]<UL><LI><a href="#[10f]">&gt;&gt;</a>&nbsp;&nbsp;&nbsp;USBH_MSC_HandleBOTXfer
</UL>

<P><STRONG><a name="[10d]"></a>USBH_MSC_DecodeCSW</STRONG> (Thumb, 108 bytes, Stack size 24 bytes, usbh_msc_bot.o(.text))
<BR><BR>[Stack]<UL><LI>Max Depth = 24<LI>Call Chain = USBH_MSC_DecodeCSW
</UL>
<BR>[Calls]<UL><LI><a href="#[10e]">&gt;&gt;</a>&nbsp;&nbsp;&nbsp;HCD_GetXferCnt
<LI><a href="#[de]">&gt;&gt;</a>&nbsp;&nbsp;&nbsp;HCD_IsDeviceConnected
</UL>
<BR>[Called By]<UL><LI><a href="#[10f]">&gt;&gt;</a>&nbsp;&nbsp;&nbsp;USBH_MSC_HandleBOTXfer
</UL>

<P><STRONG><a name="[10f]"></a>USBH_MSC_HandleBOTXfer</STRONG> (Thumb, 866 bytes, Stack size 32 bytes, usbh_msc_bot.o(.text))
<BR><BR>[Stack]<UL><LI>Max Depth = 156<LI>Call Chain = USBH_MSC_HandleBOTXfer &rArr; USBH_BulkReceiveData &rArr; HCD_SubmitRequest &rArr; USB_OTG_HC_StartXfer &rArr; USB_OTG_WritePacket
</UL>
<BR>[Calls]<UL><LI><a href="#[10d]">&gt;&gt;</a>&nbsp;&nbsp;&nbsp;USBH_MSC_DecodeCSW
<LI><a href="#[10c]">&gt;&gt;</a>&nbsp;&nbsp;&nbsp;USBH_MSC_BOT_Abort
<LI><a href="#[fd]">&gt;&gt;</a>&nbsp;&nbsp;&nbsp;USBH_BulkReceiveData
<LI><a href="#[fc]">&gt;&gt;</a>&nbsp;&nbsp;&nbsp;USBH_BulkSendData
<LI><a href="#[e6]">&gt;&gt;</a>&nbsp;&nbsp;&nbsp;HCD_GetURB_State
<LI><a href="#[de]">&gt;&gt;</a>&nbsp;&nbsp;&nbsp;HCD_IsDeviceConnected
</UL>
<BR>[Called By]<UL><LI><a href="#[77]">&gt;&gt;</a>&nbsp;&nbsp;&nbsp;USBH_MSC_Handle
<LI><a href="#[95]">&gt;&gt;</a>&nbsp;&nbsp;&nbsp;disk_write
<LI><a href="#[97]">&gt;&gt;</a>&nbsp;&nbsp;&nbsp;disk_read
</UL>

<P><STRONG><a name="[114]"></a>USBH_MSC_ErrorHandle</STRONG> (Thumb, 58 bytes, Stack size 0 bytes, usbh_msc_core.o(.text))
<BR><BR>[Called By]<UL><LI><a href="#[77]">&gt;&gt;</a>&nbsp;&nbsp;&nbsp;USBH_MSC_Handle
</UL>

<P><STRONG><a name="[ba]"></a>disk_initialize</STRONG> (Thumb, 30 bytes, Stack size 8 bytes, usbh_msc_fatfs.o(.text))
<BR><BR>[Stack]<UL><LI>Max Depth = 8<LI>Call Chain = disk_initialize
</UL>
<BR>[Calls]<UL><LI><a href="#[de]">&gt;&gt;</a>&nbsp;&nbsp;&nbsp;HCD_IsDeviceConnected
</UL>
<BR>[Called By]<UL><LI><a href="#[b7]">&gt;&gt;</a>&nbsp;&nbsp;&nbsp;find_volume
</UL>

<P><STRONG><a name="[b9]"></a>disk_status</STRONG> (Thumb, 14 bytes, Stack size 0 bytes, usbh_msc_fatfs.o(.text))
<BR><BR>[Called By]<UL><LI><a href="#[bb]">&gt;&gt;</a>&nbsp;&nbsp;&nbsp;validate
<LI><a href="#[b7]">&gt;&gt;</a>&nbsp;&nbsp;&nbsp;find_volume
</UL>

<P><STRONG><a name="[97]"></a>disk_read</STRONG> (Thumb, 96 bytes, Stack size 24 bytes, usbh_msc_fatfs.o(.text))
<BR><BR>[Stack]<UL><LI>Max Depth = 180<LI>Call Chain = disk_read &rArr; USBH_MSC_HandleBOTXfer &rArr; USBH_BulkReceiveData &rArr; HCD_SubmitRequest &rArr; USB_OTG_HC_StartXfer &rArr; USB_OTG_WritePacket
</UL>
<BR>[Calls]<UL><LI><a href="#[118]">&gt;&gt;</a>&nbsp;&nbsp;&nbsp;USBH_MSC_Read10
<LI><a href="#[10f]">&gt;&gt;</a>&nbsp;&nbsp;&nbsp;USBH_MSC_HandleBOTXfer
<LI><a href="#[de]">&gt;&gt;</a>&nbsp;&nbsp;&nbsp;HCD_IsDeviceConnected
</UL>
<BR>[Called By]<UL><LI><a href="#[bc]">&gt;&gt;</a>&nbsp;&nbsp;&nbsp;f_write
<LI><a href="#[96]">&gt;&gt;</a>&nbsp;&nbsp;&nbsp;move_window
<LI><a href="#[92]">&gt;&gt;</a>&nbsp;&nbsp;&nbsp;f_read
<LI><a href="#[90]">&gt;&gt;</a>&nbsp;&nbsp;&nbsp;f_open
<LI><a href="#[91]">&gt;&gt;</a>&nbsp;&nbsp;&nbsp;f_lseek
</UL>

<P><STRONG><a name="[95]"></a>disk_write</STRONG> (Thumb, 110 bytes, Stack size 24 bytes, usbh_msc_fatfs.o(.text))
<BR><BR>[Stack]<UL><LI>Max Depth = 180<LI>Call Chain = disk_write &rArr; USBH_MSC_HandleBOTXfer &rArr; USBH_BulkReceiveData &rArr; HCD_SubmitRequest &rArr; USB_OTG_HC_StartXfer &rArr; USB_OTG_WritePacket
</UL>
<BR>[Calls]<UL><LI><a href="#[119]">&gt;&gt;</a>&nbsp;&nbsp;&nbsp;USBH_MSC_Write10
<LI><a href="#[10f]">&gt;&gt;</a>&nbsp;&nbsp;&nbsp;USBH_MSC_HandleBOTXfer
<LI><a href="#[de]">&gt;&gt;</a>&nbsp;&nbsp;&nbsp;HCD_IsDeviceConnected
</UL>
<BR>[Called By]<UL><LI><a href="#[c3]">&gt;&gt;</a>&nbsp;&nbsp;&nbsp;f_truncate
<LI><a href="#[bd]">&gt;&gt;</a>&nbsp;&nbsp;&nbsp;f_sync
<LI><a href="#[bc]">&gt;&gt;</a>&nbsp;&nbsp;&nbsp;f_write
<LI><a href="#[a3]">&gt;&gt;</a>&nbsp;&nbsp;&nbsp;dir_clear
<LI><a href="#[98]">&gt;&gt;</a>&nbsp;&nbsp;&nbsp;sync_fs
<LI><a href="#[94]">&gt;&gt;</a>&nbsp;&nbsp;&nbsp;sync_window
<LI><a href="#[92]">&gt;&gt;</a>&nbsp;&nbsp;&nbsp;f_read
<LI><a href="#[91]">&gt;&gt;</a>&nbsp;&nbsp;&nbsp;f_lseek
</UL>

<P><STRONG><a name="[113]"></a>USBH_MSC_TestUnitReady</STRONG> (Thumb, 162 bytes, Stack size 16 bytes, usbh_msc_scsi.o(.text))
<BR><BR>[Stack]<UL><LI>Max Depth = 16<LI>Call Chain = USBH_MSC_TestUnitReady
</UL>
<BR>[Calls]<UL><LI><a href="#[de]">&gt;&gt;</a>&nbsp;&nbsp;&nbsp;HCD_IsDeviceConnected
</UL>
<BR>[Called By]<UL><LI><a href="#[77]">&gt;&gt;</a>&nbsp;&nbsp;&nbsp;USBH_MSC_Handle
</UL>

<P><STRONG><a name="[115]"></a>USBH_MSC_ReadCapacity10</STRONG> (Thumb, 202 bytes, Stack size 16 bytes, usbh_msc_scsi.o(.text))
<BR><BR>[Stack]<UL><LI>Max Depth = 16<LI>Call Chain = USBH_MSC_ReadCapacity10
</UL>
<BR>[Calls]<UL><LI><a href="#[de]">&gt;&gt;</a>&nbsp;&nbsp;&nbsp;HCD_IsDeviceConnected
</UL>
<BR>[Called By]<UL><LI><a href="#[77]">&gt;&gt;</a>&nbsp;&nbsp;&nbsp;USBH_MSC_Handle
</UL>

<P><STRONG><a name="[116]"></a>USBH_MSC_ModeSense6</STRONG> (Thumb, 192 bytes, Stack size 16 bytes, usbh_msc_scsi.o(.text))
<BR><BR>[Stack]<UL><LI>Max Depth = 16<LI>Call Chain = USBH_MSC_ModeSense6
</UL>
<BR>[Calls]<UL><LI><a href="#[de]">&gt;&gt;</a>&nbsp;&nbsp;&nbsp;HCD_IsDeviceConnected
</UL>
<BR>[Called By]<UL><LI><a href="#[77]">&gt;&gt;</a>&nbsp;&nbsp;&nbsp;USBH_MSC_Handle
</UL>

<P><STRONG><a name="[117]"></a>USBH_MSC_RequestSense</STRONG> (Thumb, 208 bytes, Stack size 16 bytes, usbh_msc_scsi.o(.text))
<BR><BR>[Stack]<UL><LI>Max Depth = 16<LI>Call Chain = USBH_MSC_RequestSense
</UL>
<BR>[Calls]<UL><LI><a href="#[de]">&gt;&gt;</a>&nbsp;&nbsp;&nbsp;HCD_IsDeviceConnected
</UL>
<BR>[Called By]<UL><LI><a href="#[77]">&gt;&gt;</a>&nbsp;&nbsp;&nbsp;USBH_MSC_Handle
</UL>

<P><STRONG><a name="[119]"></a>USBH_MSC_Write10</STRONG> (Thumb, 218 bytes, Stack size 48 bytes, usbh_msc_scsi.o(.text))
<BR><BR>[Stack]<UL><LI>Max Depth = 48<LI>Call Chain = USBH_MSC_Write10
</UL>
<BR>[Calls]<UL><LI><a href="#[de]">&gt;&gt;</a>&nbsp;&nbsp;&nbsp;HCD_IsDeviceConnected
</UL>
<BR>[Called By]<UL><LI><a href="#[95]">&gt;&gt;</a>&nbsp;&nbsp;&nbsp;disk_write
</UL>

<P><STRONG><a name="[118]"></a>USBH_MSC_Read10</STRONG> (Thumb, 272 bytes, Stack size 40 bytes, usbh_msc_scsi.o(.text))
<BR><BR>[Stack]<UL><LI>Max Depth = 40<LI>Call Chain = USBH_MSC_Read10
</UL>
<BR>[Calls]<UL><LI><a href="#[de]">&gt;&gt;</a>&nbsp;&nbsp;&nbsp;HCD_IsDeviceConnected
</UL>
<BR>[Called By]<UL><LI><a href="#[97]">&gt;&gt;</a>&nbsp;&nbsp;&nbsp;disk_read
</UL>

<P><STRONG><a name="[12c]"></a>USB_OTG_WritePacket</STRONG> (Thumb, 64 bytes, Stack size 24 bytes, usb_core.o(.text))
<BR><BR>[Stack]<UL><LI>Max Depth = 24<LI>Call Chain = USB_OTG_WritePacket
</UL>
<BR>[Called By]<UL><LI><a href="#[139]">&gt;&gt;</a>&nbsp;&nbsp;&nbsp;USB_OTG_USBH_handle_nptxfempty_ISR
<LI><a href="#[138]">&gt;&gt;</a>&nbsp;&nbsp;&nbsp;USB_OTG_USBH_handle_ptxfempty_ISR
<LI><a href="#[12a]">&gt;&gt;</a>&nbsp;&nbsp;&nbsp;USB_OTG_HC_StartXfer
</UL>

<P><STRONG><a name="[13b]"></a>USB_OTG_ReadPacket</STRONG> (Thumb, 40 bytes, Stack size 20 bytes, usb_core.o(.text))
<BR><BR>[Stack]<UL><LI>Max Depth = 20<LI>Call Chain = USB_OTG_ReadPacket
</UL>
<BR>[Called By]<UL><LI><a href="#[13a]">&gt;&gt;</a>&nbsp;&nbsp;&nbsp;USB_OTG_USBH_handle_rx_qlvl_ISR
</UL>

<P><STRONG><a name="[12e]"></a>USB_OTG_SelectCore</STRONG> (Thumb, 212 bytes, Stack size 16 bytes, usb_core.o(.text))
<BR><BR>[Stack]<UL><LI>Max Depth = 16<LI>Call Chain = USB_OTG_SelectCore
</UL>
<BR>[Called By]<UL><LI><a href="#[e3]">&gt;&gt;</a>&nbsp;&nbsp;&nbsp;HCD_Init
</UL>

<P><STRONG><a name="[11b]"></a>USB_OTG_CoreInit</STRONG> (Thumb, 306 bytes, Stack size 24 bytes, usb_core.o(.text))
<BR><BR>[Stack]<UL><LI>Max Depth = 96<LI>Call Chain = USB_OTG_CoreInit &rArr; USB_OTG_CoreReset &rArr; USB_OTG_BSP_uDelay &rArr; BSP_Delay &rArr; BSP_SetTime
</UL>
<BR>[Calls]<UL><LI><a href="#[d9]">&gt;&gt;</a>&nbsp;&nbsp;&nbsp;USB_OTG_BSP_mDelay
<LI><a href="#[11a]">&gt;&gt;</a>&nbsp;&nbsp;&nbsp;USB_OTG_CoreReset
</UL>
<BR>[Called By]<UL><LI><a href="#[e3]">&gt;&gt;</a>&nbsp;&nbsp;&nbsp;HCD_Init
</UL>

<P><STRONG><a name="[130]"></a>USB_OTG_EnableGlobalInt</STRONG> (Thumb, 34 bytes, Stack size 8 bytes, usb_core.o(.text))
<BR><BR>[Stack]<UL><LI>Max Depth = 8<LI>Call Chain = USB_OTG_EnableGlobalInt
</UL>
<BR>[Called By]<UL><LI><a href="#[e3]">&gt;&gt;</a>&nbsp;&nbsp;&nbsp;HCD_Init
</UL>

<P><STRONG><a name="[12f]"></a>USB_OTG_DisableGlobalInt</STRONG> (Thumb, 34 bytes, Stack size 8 bytes, usb_core.o(.text))
<BR><BR>[Stack]<UL><LI>Max Depth = 8<LI>Call Chain = USB_OTG_DisableGlobalInt
</UL>
<BR>[Called By]<UL><LI><a href="#[e3]">&gt;&gt;</a>&nbsp;&nbsp;&nbsp;HCD_Init
</UL>

<P><STRONG><a name="[11c]"></a>USB_OTG_FlushTxFifo</STRONG> (Thumb, 80 bytes, Stack size 24 bytes, usb_core.o(.text))
<BR><BR>[Stack]<UL><LI>Max Depth = 72<LI>Call Chain = USB_OTG_FlushTxFifo &rArr; USB_OTG_BSP_uDelay &rArr; BSP_Delay &rArr; BSP_SetTime
</UL>
<BR>[Calls]<UL><LI><a href="#[d8]">&gt;&gt;</a>&nbsp;&nbsp;&nbsp;USB_OTG_BSP_uDelay
</UL>
<BR>[Called By]<UL><LI><a href="#[12d]">&gt;&gt;</a>&nbsp;&nbsp;&nbsp;USB_OTG_StopHost
<LI><a href="#[128]">&gt;&gt;</a>&nbsp;&nbsp;&nbsp;USB_OTG_CoreInitHost
</UL>

<P><STRONG><a name="[11d]"></a>USB_OTG_FlushRxFifo</STRONG> (Thumb, 70 bytes, Stack size 24 bytes, usb_core.o(.text))
<BR><BR>[Stack]<UL><LI>Max Depth = 72<LI>Call Chain = USB_OTG_FlushRxFifo &rArr; USB_OTG_BSP_uDelay &rArr; BSP_Delay &rArr; BSP_SetTime
</UL>
<BR>[Calls]<UL><LI><a href="#[d8]">&gt;&gt;</a>&nbsp;&nbsp;&nbsp;USB_OTG_BSP_uDelay
</UL>
<BR>[Called By]<UL><LI><a href="#[12d]">&gt;&gt;</a>&nbsp;&nbsp;&nbsp;USB_OTG_StopHost
<LI><a href="#[128]">&gt;&gt;</a>&nbsp;&nbsp;&nbsp;USB_OTG_CoreInitHost
</UL>

<P><STRONG><a name="[11e]"></a>USB_OTG_SetCurrentMode</STRONG> (Thumb, 88 bytes, Stack size 24 bytes, usb_core.o(.text))
<BR><BR>[Stack]<UL><LI>Max Depth = 72<LI>Call Chain = USB_OTG_SetCurrentMode &rArr; USB_OTG_BSP_mDelay &rArr; BSP_Delay &rArr; BSP_SetTime
</UL>
<BR>[Calls]<UL><LI><a href="#[d9]">&gt;&gt;</a>&nbsp;&nbsp;&nbsp;USB_OTG_BSP_mDelay
</UL>
<BR>[Called By]<UL><LI><a href="#[e3]">&gt;&gt;</a>&nbsp;&nbsp;&nbsp;HCD_Init
</UL>

<P><STRONG><a name="[120]"></a>USB_OTG_GetMode</STRONG> (Thumb, 12 bytes, Stack size 0 bytes, usb_core.o(.text))
<BR><BR>[Called By]<UL><LI><a href="#[121]">&gt;&gt;</a>&nbsp;&nbsp;&nbsp;USB_OTG_IsHostMode
<LI><a href="#[11f]">&gt;&gt;</a>&nbsp;&nbsp;&nbsp;USB_OTG_IsDeviceMode
</UL>

<P><STRONG><a name="[11f]"></a>USB_OTG_IsDeviceMode</STRONG> (Thumb, 22 bytes, Stack size 4 bytes, usb_core.o(.text), UNUSED)
<BR><BR>[Calls]<UL><LI><a href="#[120]">&gt;&gt;</a>&nbsp;&nbsp;&nbsp;USB_OTG_GetMode
</UL>

<P><STRONG><a name="[121]"></a>USB_OTG_IsHostMode</STRONG> (Thumb, 20 bytes, Stack size 4 bytes, usb_core.o(.text))
<BR><BR>[Stack]<UL><LI>Max Depth = 4<LI>Call Chain = USB_OTG_IsHostMode
</UL>
<BR>[Calls]<UL><LI><a href="#[120]">&gt;&gt;</a>&nbsp;&nbsp;&nbsp;USB_OTG_GetMode
</UL>
<BR>[Called By]<UL><LI><a href="#[df]">&gt;&gt;</a>&nbsp;&nbsp;&nbsp;USBH_OTG_ISR_Handler
</UL>

<P><STRONG><a name="[13c]"></a>USB_OTG_ReadCoreItr</STRONG> (Thumb, 16 bytes, Stack size 0 bytes, usb_core.o(.text))
<BR><BR>[Called By]<UL><LI><a href="#[df]">&gt;&gt;</a>&nbsp;&nbsp;&nbsp;USBH_OTG_ISR_Handler
</UL>

<P><STRONG><a name="[173]"></a>USB_OTG_ReadOtgItr</STRONG> (Thumb, 8 bytes, Stack size 0 bytes, usb_core.o(.text), UNUSED)

<P><STRONG><a name="[122]"></a>USB_OTG_EnableHostInt</STRONG> (Thumb, 116 bytes, Stack size 16 bytes, usb_core.o(.text))
<BR><BR>[Stack]<UL><LI>Max Depth = 24<LI>Call Chain = USB_OTG_EnableHostInt &rArr; USB_OTG_EnableCommonInt
</UL>
<BR>[Calls]<UL><LI><a href="#[123]">&gt;&gt;</a>&nbsp;&nbsp;&nbsp;USB_OTG_EnableCommonInt
</UL>
<BR>[Called By]<UL><LI><a href="#[128]">&gt;&gt;</a>&nbsp;&nbsp;&nbsp;USB_OTG_CoreInitHost
</UL>

<P><STRONG><a name="[126]"></a>USB_OTG_ReadHPRT0</STRONG> (Thumb, 48 bytes, Stack size 8 bytes, usb_core.o(.text))
<BR><BR>[Stack]<UL><LI>Max Depth = 8<LI>Call Chain = USB_OTG_ReadHPRT0
</UL>
<BR>[Called By]<UL><LI><a href="#[127]">&gt;&gt;</a>&nbsp;&nbsp;&nbsp;USB_OTG_ResetPort
<LI><a href="#[124]">&gt;&gt;</a>&nbsp;&nbsp;&nbsp;USB_OTG_DriveVbus
</UL>

<P><STRONG><a name="[124]"></a>USB_OTG_DriveVbus</STRONG> (Thumb, 92 bytes, Stack size 16 bytes, usb_core.o(.text))
<BR><BR>[Stack]<UL><LI>Max Depth = 64<LI>Call Chain = USB_OTG_DriveVbus &rArr; USB_OTG_BSP_mDelay &rArr; BSP_Delay &rArr; BSP_SetTime
</UL>
<BR>[Calls]<UL><LI><a href="#[d9]">&gt;&gt;</a>&nbsp;&nbsp;&nbsp;USB_OTG_BSP_mDelay
<LI><a href="#[125]">&gt;&gt;</a>&nbsp;&nbsp;&nbsp;USB_OTG_BSP_DriveVBUS
<LI><a href="#[126]">&gt;&gt;</a>&nbsp;&nbsp;&nbsp;USB_OTG_ReadHPRT0
</UL>
<BR>[Called By]<UL><LI><a href="#[128]">&gt;&gt;</a>&nbsp;&nbsp;&nbsp;USB_OTG_CoreInitHost
</UL>

<P><STRONG><a name="[127]"></a>USB_OTG_ResetPort</STRONG> (Thumb, 64 bytes, Stack size 16 bytes, usb_core.o(.text))
<BR><BR>[Stack]<UL><LI>Max Depth = 64<LI>Call Chain = USB_OTG_ResetPort &rArr; USB_OTG_BSP_mDelay &rArr; BSP_Delay &rArr; BSP_SetTime
</UL>
<BR>[Calls]<UL><LI><a href="#[d9]">&gt;&gt;</a>&nbsp;&nbsp;&nbsp;USB_OTG_BSP_mDelay
<LI><a href="#[126]">&gt;&gt;</a>&nbsp;&nbsp;&nbsp;USB_OTG_ReadHPRT0
</UL>
<BR>[Called By]<UL><LI><a href="#[ec]">&gt;&gt;</a>&nbsp;&nbsp;&nbsp;HCD_ResetPort
<LI><a href="#[132]">&gt;&gt;</a>&nbsp;&nbsp;&nbsp;USB_OTG_USBH_handle_port_ISR
<LI><a href="#[128]">&gt;&gt;</a>&nbsp;&nbsp;&nbsp;USB_OTG_CoreInitHost
</UL>

<P><STRONG><a name="[129]"></a>USB_OTG_InitFSLSPClkSel</STRONG> (Thumb, 24 bytes, Stack size 8 bytes, usb_core.o(.text))
<BR><BR>[Stack]<UL><LI>Max Depth = 8<LI>Call Chain = USB_OTG_InitFSLSPClkSel
</UL>
<BR>[Called By]<UL><LI><a href="#[132]">&gt;&gt;</a>&nbsp;&nbsp;&nbsp;USB_OTG_USBH_handle_port_ISR
<LI><a href="#[128]">&gt;&gt;</a>&nbsp;&nbsp;&nbsp;USB_OTG_CoreInitHost
</UL>

<P><STRONG><a name="[128]"></a>USB_OTG_CoreInitHost</STRONG> (Thumb, 218 bytes, Stack size 32 bytes, usb_core.o(.text))
<BR><BR>[Stack]<UL><LI>Max Depth = 104<LI>Call Chain = USB_OTG_CoreInitHost &rArr; USB_OTG_FlushRxFifo &rArr; USB_OTG_BSP_uDelay &rArr; BSP_Delay &rArr; BSP_SetTime
</UL>
<BR>[Calls]<UL><LI><a href="#[e2]">&gt;&gt;</a>&nbsp;&nbsp;&nbsp;USB_OTG_BSP_ConfigVBUS
<LI><a href="#[129]">&gt;&gt;</a>&nbsp;&nbsp;&nbsp;USB_OTG_InitFSLSPClkSel
<LI><a href="#[127]">&gt;&gt;</a>&nbsp;&nbsp;&nbsp;USB_OTG_ResetPort
<LI><a href="#[124]">&gt;&gt;</a>&nbsp;&nbsp;&nbsp;USB_OTG_DriveVbus
<LI><a href="#[122]">&gt;&gt;</a>&nbsp;&nbsp;&nbsp;USB_OTG_EnableHostInt
<LI><a href="#[11d]">&gt;&gt;</a>&nbsp;&nbsp;&nbsp;USB_OTG_FlushRxFifo
<LI><a href="#[11c]">&gt;&gt;</a>&nbsp;&nbsp;&nbsp;USB_OTG_FlushTxFifo
</UL>
<BR>[Called By]<UL><LI><a href="#[e3]">&gt;&gt;</a>&nbsp;&nbsp;&nbsp;HCD_Init
</UL>

<P><STRONG><a name="[12b]"></a>USB_OTG_IsEvenFrame</STRONG> (Thumb, 16 bytes, Stack size 0 bytes, usb_core.o(.text))
<BR><BR>[Called By]<UL><LI><a href="#[12a]">&gt;&gt;</a>&nbsp;&nbsp;&nbsp;USB_OTG_HC_StartXfer
</UL>

<P><STRONG><a name="[137]"></a>USB_OTG_ReadHostAllChannels_intr</STRONG> (Thumb, 8 bytes, Stack size 0 bytes, usb_core.o(.text))
<BR><BR>[Called By]<UL><LI><a href="#[136]">&gt;&gt;</a>&nbsp;&nbsp;&nbsp;USB_OTG_USBH_handle_hc_ISR
</UL>

<P><STRONG><a name="[f7]"></a>USB_OTG_HC_Init</STRONG> (Thumb, 568 bytes, Stack size 28 bytes, usb_core.o(.text))
<BR><BR>[Stack]<UL><LI>Max Depth = 28<LI>Call Chain = USB_OTG_HC_Init
</UL>
<BR>[Called By]<UL><LI><a href="#[f4]">&gt;&gt;</a>&nbsp;&nbsp;&nbsp;USBH_Open_Channel
<LI><a href="#[ed]">&gt;&gt;</a>&nbsp;&nbsp;&nbsp;USBH_Modify_Channel
<LI><a href="#[131]">&gt;&gt;</a>&nbsp;&nbsp;&nbsp;HCD_HC_Init
</UL>

<P><STRONG><a name="[12a]"></a>USB_OTG_HC_StartXfer</STRONG> (Thumb, 502 bytes, Stack size 60 bytes, usb_core.o(.text))
<BR><BR>[Stack]<UL><LI>Max Depth = 84<LI>Call Chain = USB_OTG_HC_StartXfer &rArr; USB_OTG_WritePacket
</UL>
<BR>[Calls]<UL><LI><a href="#[12b]">&gt;&gt;</a>&nbsp;&nbsp;&nbsp;USB_OTG_IsEvenFrame
<LI><a href="#[12c]">&gt;&gt;</a>&nbsp;&nbsp;&nbsp;USB_OTG_WritePacket
</UL>
<BR>[Called By]<UL><LI><a href="#[fb]">&gt;&gt;</a>&nbsp;&nbsp;&nbsp;HCD_SubmitRequest
</UL>

<P><STRONG><a name="[110]"></a>USB_OTG_HC_Halt</STRONG> (Thumb, 130 bytes, Stack size 32 bytes, usb_core.o(.text))
<BR><BR>[Stack]<UL><LI>Max Depth = 32<LI>Call Chain = USB_OTG_HC_Halt
</UL>
<BR>[Called By]<UL><LI><a href="#[75]">&gt;&gt;</a>&nbsp;&nbsp;&nbsp;USBH_MSC_InterfaceDeInit
<LI><a href="#[135]">&gt;&gt;</a>&nbsp;&nbsp;&nbsp;USB_OTG_USBH_handle_hc_n_In_ISR
<LI><a href="#[133]">&gt;&gt;</a>&nbsp;&nbsp;&nbsp;USB_OTG_USBH_handle_hc_n_Out_ISR
</UL>

<P><STRONG><a name="[134]"></a>USB_OTG_HC_DoPing</STRONG> (Thumb, 90 bytes, Stack size 16 bytes, usb_core.o(.text))
<BR><BR>[Stack]<UL><LI>Max Depth = 16<LI>Call Chain = USB_OTG_HC_DoPing
</UL>
<BR>[Called By]<UL><LI><a href="#[133]">&gt;&gt;</a>&nbsp;&nbsp;&nbsp;USB_OTG_USBH_handle_hc_n_Out_ISR
</UL>

<P><STRONG><a name="[12d]"></a>USB_OTG_StopHost</STRONG> (Thumb, 96 bytes, Stack size 16 bytes, usb_core.o(.text), UNUSED)
<BR><BR>[Calls]<UL><LI><a href="#[11d]">&gt;&gt;</a>&nbsp;&nbsp;&nbsp;USB_OTG_FlushRxFifo
<LI><a href="#[11c]">&gt;&gt;</a>&nbsp;&nbsp;&nbsp;USB_OTG_FlushTxFifo
</UL>

<P><STRONG><a name="[e3]"></a>HCD_Init</STRONG> (Thumb, 96 bytes, Stack size 16 bytes, usb_hcd.o(.text))
<BR><BR>[Stack]<UL><LI>Max Depth = 120<LI>Call Chain = HCD_Init &rArr; USB_OTG_CoreInitHost &rArr; USB_OTG_FlushRxFifo &rArr; USB_OTG_BSP_uDelay &rArr; BSP_Delay &rArr; BSP_SetTime
</UL>
<BR>[Calls]<UL><LI><a href="#[128]">&gt;&gt;</a>&nbsp;&nbsp;&nbsp;USB_OTG_CoreInitHost
<LI><a href="#[11e]">&gt;&gt;</a>&nbsp;&nbsp;&nbsp;USB_OTG_SetCurrentMode
<LI><a href="#[12f]">&gt;&gt;</a>&nbsp;&nbsp;&nbsp;USB_OTG_DisableGlobalInt
<LI><a href="#[130]">&gt;&gt;</a>&nbsp;&nbsp;&nbsp;USB_OTG_EnableGlobalInt
<LI><a href="#[11b]">&gt;&gt;</a>&nbsp;&nbsp;&nbsp;USB_OTG_CoreInit
<LI><a href="#[12e]">&gt;&gt;</a>&nbsp;&nbsp;&nbsp;USB_OTG_SelectCore
</UL>
<BR>[Called By]<UL><LI><a href="#[80]">&gt;&gt;</a>&nbsp;&nbsp;&nbsp;USBH_Init
</UL>

<P><STRONG><a name="[f3]"></a>HCD_GetCurrentSpeed</STRONG> (Thumb, 20 bytes, Stack size 8 bytes, usb_hcd.o(.text))
<BR><BR>[Stack]<UL><LI>Max Depth = 8<LI>Call Chain = HCD_GetCurrentSpeed
</UL>
<BR>[Called By]<UL><LI><a href="#[81]">&gt;&gt;</a>&nbsp;&nbsp;&nbsp;USBH_Process
</UL>

<P><STRONG><a name="[ec]"></a>HCD_ResetPort</STRONG> (Thumb, 14 bytes, Stack size 8 bytes, usb_hcd.o(.text))
<BR><BR>[Stack]<UL><LI>Max Depth = 72<LI>Call Chain = HCD_ResetPort &rArr; USB_OTG_ResetPort &rArr; USB_OTG_BSP_mDelay &rArr; BSP_Delay &rArr; BSP_SetTime
</UL>
<BR>[Calls]<UL><LI><a href="#[127]">&gt;&gt;</a>&nbsp;&nbsp;&nbsp;USB_OTG_ResetPort
</UL>
<BR>[Called By]<UL><LI><a href="#[ea]">&gt;&gt;</a>&nbsp;&nbsp;&nbsp;USBH_HandleEnum
<LI><a href="#[81]">&gt;&gt;</a>&nbsp;&nbsp;&nbsp;USBH_Process
</UL>

<P><STRONG><a name="[de]"></a>HCD_IsDeviceConnected</STRONG> (Thumb, 8 bytes, Stack size 0 bytes, usb_hcd.o(.text))
<BR><BR>[Called By]<UL><LI><a href="#[119]">&gt;&gt;</a>&nbsp;&nbsp;&nbsp;USBH_MSC_Write10
<LI><a href="#[118]">&gt;&gt;</a>&nbsp;&nbsp;&nbsp;USBH_MSC_Read10
<LI><a href="#[113]">&gt;&gt;</a>&nbsp;&nbsp;&nbsp;USBH_MSC_TestUnitReady
<LI><a href="#[117]">&gt;&gt;</a>&nbsp;&nbsp;&nbsp;USBH_MSC_RequestSense
<LI><a href="#[115]">&gt;&gt;</a>&nbsp;&nbsp;&nbsp;USBH_MSC_ReadCapacity10
<LI><a href="#[116]">&gt;&gt;</a>&nbsp;&nbsp;&nbsp;USBH_MSC_ModeSense6
<LI><a href="#[77]">&gt;&gt;</a>&nbsp;&nbsp;&nbsp;USBH_MSC_Handle
<LI><a href="#[10f]">&gt;&gt;</a>&nbsp;&nbsp;&nbsp;USBH_MSC_HandleBOTXfer
<LI><a href="#[10d]">&gt;&gt;</a>&nbsp;&nbsp;&nbsp;USBH_MSC_DecodeCSW
<LI><a href="#[10b]">&gt;&gt;</a>&nbsp;&nbsp;&nbsp;USBH_MSC_Init
<LI><a href="#[dc]">&gt;&gt;</a>&nbsp;&nbsp;&nbsp;Explore_Disk
<LI><a href="#[95]">&gt;&gt;</a>&nbsp;&nbsp;&nbsp;disk_write
<LI><a href="#[97]">&gt;&gt;</a>&nbsp;&nbsp;&nbsp;disk_read
<LI><a href="#[ba]">&gt;&gt;</a>&nbsp;&nbsp;&nbsp;disk_initialize
<LI><a href="#[81]">&gt;&gt;</a>&nbsp;&nbsp;&nbsp;USBH_Process
</UL>

<P><STRONG><a name="[e7]"></a>HCD_GetCurrentFrame</STRONG> (Thumb, 10 bytes, Stack size 0 bytes, usb_hcd.o(.text))
<BR><BR>[Called By]<UL><LI><a href="#[e4]">&gt;&gt;</a>&nbsp;&nbsp;&nbsp;USBH_HandleControl
</UL>

<P><STRONG><a name="[e6]"></a>HCD_GetURB_State</STRONG> (Thumb, 10 bytes, Stack size 0 bytes, usb_hcd.o(.text))
<BR><BR>[Called By]<UL><LI><a href="#[10f]">&gt;&gt;</a>&nbsp;&nbsp;&nbsp;USBH_MSC_HandleBOTXfer
<LI><a href="#[e4]">&gt;&gt;</a>&nbsp;&nbsp;&nbsp;USBH_HandleControl
</UL>

<P><STRONG><a name="[10e]"></a>HCD_GetXferCnt</STRONG> (Thumb, 12 bytes, Stack size 0 bytes, usb_hcd.o(.text))
<BR><BR>[Called By]<UL><LI><a href="#[10d]">&gt;&gt;</a>&nbsp;&nbsp;&nbsp;USBH_MSC_DecodeCSW
</UL>

<P><STRONG><a name="[174]"></a>HCD_GetHCState</STRONG> (Thumb, 10 bytes, Stack size 0 bytes, usb_hcd.o(.text), UNUSED)

<P><STRONG><a name="[131]"></a>HCD_HC_Init</STRONG> (Thumb, 16 bytes, Stack size 16 bytes, usb_hcd.o(.text), UNUSED)
<BR><BR>[Calls]<UL><LI><a href="#[f7]">&gt;&gt;</a>&nbsp;&nbsp;&nbsp;USB_OTG_HC_Init
</UL>

<P><STRONG><a name="[fb]"></a>HCD_SubmitRequest</STRONG> (Thumb, 32 bytes, Stack size 16 bytes, usb_hcd.o(.text))
<BR><BR>[Stack]<UL><LI>Max Depth = 100<LI>Call Chain = HCD_SubmitRequest &rArr; USB_OTG_HC_StartXfer &rArr; USB_OTG_WritePacket
</UL>
<BR>[Calls]<UL><LI><a href="#[12a]">&gt;&gt;</a>&nbsp;&nbsp;&nbsp;USB_OTG_HC_StartXfer
</UL>
<BR>[Called By]<UL><LI><a href="#[101]">&gt;&gt;</a>&nbsp;&nbsp;&nbsp;USBH_IsocSendData
<LI><a href="#[100]">&gt;&gt;</a>&nbsp;&nbsp;&nbsp;USBH_IsocReceiveData
<LI><a href="#[ff]">&gt;&gt;</a>&nbsp;&nbsp;&nbsp;USBH_InterruptSendData
<LI><a href="#[fe]">&gt;&gt;</a>&nbsp;&nbsp;&nbsp;USBH_InterruptReceiveData
<LI><a href="#[fd]">&gt;&gt;</a>&nbsp;&nbsp;&nbsp;USBH_BulkReceiveData
<LI><a href="#[fc]">&gt;&gt;</a>&nbsp;&nbsp;&nbsp;USBH_BulkSendData
<LI><a href="#[e5]">&gt;&gt;</a>&nbsp;&nbsp;&nbsp;USBH_CtlSendSetup
<LI><a href="#[e9]">&gt;&gt;</a>&nbsp;&nbsp;&nbsp;USBH_CtlSendData
<LI><a href="#[e8]">&gt;&gt;</a>&nbsp;&nbsp;&nbsp;USBH_CtlReceiveData
</UL>

<P><STRONG><a name="[df]"></a>USBH_OTG_ISR_Handler</STRONG> (Thumb, 168 bytes, Stack size 16 bytes, usb_hcd_int.o(.text))
<BR><BR>[Stack]<UL><LI>Max Depth = 112<LI>Call Chain = USBH_OTG_ISR_Handler &rArr; USB_OTG_USBH_handle_hc_ISR &rArr; USB_OTG_USBH_handle_hc_n_In_ISR &rArr; USB_OTG_HC_Halt
</UL>
<BR>[Calls]<UL><LI><a href="#[13d]">&gt;&gt;</a>&nbsp;&nbsp;&nbsp;USB_OTG_USBH_handle_sof_ISR
<LI><a href="#[13a]">&gt;&gt;</a>&nbsp;&nbsp;&nbsp;USB_OTG_USBH_handle_rx_qlvl_ISR
<LI><a href="#[139]">&gt;&gt;</a>&nbsp;&nbsp;&nbsp;USB_OTG_USBH_handle_nptxfempty_ISR
<LI><a href="#[138]">&gt;&gt;</a>&nbsp;&nbsp;&nbsp;USB_OTG_USBH_handle_ptxfempty_ISR
<LI><a href="#[136]">&gt;&gt;</a>&nbsp;&nbsp;&nbsp;USB_OTG_USBH_handle_hc_ISR
<LI><a href="#[132]">&gt;&gt;</a>&nbsp;&nbsp;&nbsp;USB_OTG_USBH_handle_port_ISR
<LI><a href="#[13e]">&gt;&gt;</a>&nbsp;&nbsp;&nbsp;USB_OTG_USBH_handle_Disconnect_ISR
<LI><a href="#[13f]">&gt;&gt;</a>&nbsp;&nbsp;&nbsp;USB_OTG_USBH_handle_IncompletePeriodicXfer_ISR
<LI><a href="#[13c]">&gt;&gt;</a>&nbsp;&nbsp;&nbsp;USB_OTG_ReadCoreItr
<LI><a href="#[121]">&gt;&gt;</a>&nbsp;&nbsp;&nbsp;USB_OTG_IsHostMode
</UL>
<BR>[Called By]<UL><LI><a href="#[57]">&gt;&gt;</a>&nbsp;&nbsp;&nbsp;OTG_HS_IRQHandler
</UL>

<P><STRONG><a name="[c9]"></a>NVIC_PriorityGroupConfig</STRONG> (Thumb, 10 bytes, Stack size 0 bytes, misc.o(.text))
<BR><BR>[Called By]<UL><LI><a href="#[d0]">&gt;&gt;</a>&nbsp;&nbsp;&nbsp;USB_OTG_BSP_EnableInterrupt
<LI><a href="#[c7]">&gt;&gt;</a>&nbsp;&nbsp;&nbsp;USB_OTG_BSP_TimeInit
</UL>

<P><STRONG><a name="[ca]"></a>NVIC_Init</STRONG> (Thumb, 106 bytes, Stack size 16 bytes, misc.o(.text))
<BR><BR>[Stack]<UL><LI>Max Depth = 16<LI>Call Chain = NVIC_Init
</UL>
<BR>[Called By]<UL><LI><a href="#[d0]">&gt;&gt;</a>&nbsp;&nbsp;&nbsp;USB_OTG_BSP_EnableInterrupt
<LI><a href="#[c7]">&gt;&gt;</a>&nbsp;&nbsp;&nbsp;USB_OTG_BSP_TimeInit
</UL>

<P><STRONG><a name="[c8]"></a>NVIC_SetVectorTable</STRONG> (Thumb, 14 bytes, Stack size 0 bytes, misc.o(.text))
<BR><BR>[Called By]<UL><LI><a href="#[c7]">&gt;&gt;</a>&nbsp;&nbsp;&nbsp;USB_OTG_BSP_TimeInit
</UL>

<P><STRONG><a name="[175]"></a>NVIC_SystemLPConfig</STRONG> (Thumb, 34 bytes, Stack size 0 bytes, misc.o(.text), UNUSED)

<P><STRONG><a name="[176]"></a>SysTick_CLKSourceConfig</STRONG> (Thumb, 40 bytes, Stack size 0 bytes, misc.o(.text), UNUSED)

<P><STRONG><a name="[177]"></a>FLASH_SetLatency</STRONG> (Thumb, 6 bytes, Stack size 0 bytes, stm32f4xx_flash.o(.text), UNUSED)

<P><STRONG><a name="[178]"></a>FLASH_PrefetchBufferCmd</STRONG> (Thumb, 30 bytes, Stack size 0 bytes, stm32f4xx_flash.o(.text), UNUSED)

<P><STRONG><a name="[179]"></a>FLASH_InstructionCacheCmd</STRONG> (Thumb, 30 bytes, Stack size 0 bytes, stm32f4xx_flash.o(.text), UNUSED)

<P><STRONG><a name="[17a]"></a>FLASH_DataCacheCmd</STRONG> (Thumb, 30 bytes, Stack size 0 bytes, stm32f4xx_flash.o(.text), UNUSED)

<P><STRONG><a name="[17b]"></a>FLASH_InstructionCacheReset</STRONG> (Thumb, 14 bytes, Stack size 0 bytes, stm32f4xx_flash.o(.text), UNUSED)

<P><STRONG><a name="[17c]"></a>FLASH_DataCacheReset</STRONG> (Thumb, 14 bytes, Stack size 0 bytes, stm32f4xx_flash.o(.text), UNUSED)

<P><STRONG><a name="[88]"></a>FLASH_Unlock</STRONG> (Thumb, 26 bytes, Stack size 0 bytes, stm32f4xx_flash.o(.text))
<BR><BR>[Called By]<UL><LI><a href="#[87]">&gt;&gt;</a>&nbsp;&nbsp;&nbsp;IAP_FlashWritSome
</UL>

[...]
<BR><BR>[Stack]<UL><LI>Max Depth = 56<LI>Call Chain = create_name &rArr; mem_set
</UL>
<BR>[Calls]<UL><LI><a href="#[b3]">&gt;&gt;</a>&nbsp;&nbsp;&nbsp;dbc_2nd
<LI><a href="#[b2]">&gt;&gt;</a>&nbsp;&nbsp;&nbsp;dbc_1st
<LI><a href="#[b4]">&gt;&gt;</a>&nbsp;&nbsp;&nbsp;chk_chr
<LI><a href="#[99]">&gt;&gt;</a>&nbsp;&nbsp;&nbsp;mem_set
</UL>
<BR>[Called By]<UL><LI><a href="#[b5]">&gt;&gt;</a>&nbsp;&nbsp;&nbsp;follow_path
</UL>

<P><STRONG><a name="[b5]"></a>follow_path</STRONG> (Thumb, 158 bytes, Stack size 32 bytes, ff.o(.text))
<BR><BR>[Stack]<UL><LI>Max Depth = 356<LI>Call Chain = follow_path &rArr; dir_find &rArr; dir_next &rArr; create_chain &rArr; put_fat &rArr; move_window &rArr; sync_window &rArr; disk_write &rArr; USBH_MSC_HandleBOTXfer &rArr; USBH_BulkReceiveData &rArr; HCD_SubmitRequest &rArr; USB_OTG_HC_StartXfer &rArr; USB_OTG_WritePacket
</UL>
<BR>[Calls]<UL><LI><a href="#[b1]">&gt;&gt;</a>&nbsp;&nbsp;&nbsp;create_name
<LI><a href="#[ab]">&gt;&gt;</a>&nbsp;&nbsp;&nbsp;dir_find
<LI><a href="#[a8]">&gt;&gt;</a>&nbsp;&nbsp;&nbsp;ld_clust
<LI><a href="#[a5]">&gt;&gt;</a>&nbsp;&nbsp;&nbsp;dir_sdi
</UL>
<BR>[Called By]<UL><LI><a href="#[c6]">&gt;&gt;</a>&nbsp;&nbsp;&nbsp;f_rename
<LI><a href="#[c5]">&gt;&gt;</a>&nbsp;&nbsp;&nbsp;f_mkdir
<LI><a href="#[c4]">&gt;&gt;</a>&nbsp;&nbsp;&nbsp;f_unlink
<LI><a href="#[c1]">&gt;&gt;</a>&nbsp;&nbsp;&nbsp;f_stat
<LI><a href="#[be]">&gt;&gt;</a>&nbsp;&nbsp;&nbsp;f_opendir
<LI><a href="#[90]">&gt;&gt;</a>&nbsp;&nbsp;&nbsp;f_open
</UL>

<P><STRONG><a name="[b8]"></a>get_ldnumber</STRONG> (Thumb, 76 bytes, Stack size 12 bytes, ff.o(.text))
<BR><BR>[Stack]<UL><LI>Max Depth = 12<LI>Call Chain = get_ldnumber
</UL>
<BR>[Called By]<UL><LI><a href="#[c6]">&gt;&gt;</a>&nbsp;&nbsp;&nbsp;f_rename
<LI><a href="#[b7]">&gt;&gt;</a>&nbsp;&nbsp;&nbsp;find_volume
<LI><a href="#[8f]">&gt;&gt;</a>&nbsp;&nbsp;&nbsp;f_mount
</UL>

<P><STRONG><a name="[b6]"></a>check_fs</STRONG> (Thumb, 112 bytes, Stack size 16 bytes, ff.o(.text))
<BR><BR>[Stack]<UL><LI>Max Depth = 228<LI>Call Chain = check_fs &rArr; move_window &rArr; sync_window &rArr; disk_write &rArr; USBH_MSC_HandleBOTXfer &rArr; USBH_BulkReceiveData &rArr; HCD_SubmitRequest &rArr; USB_OTG_HC_StartXfer &rArr; USB_OTG_WritePacket
</UL>
<BR>[Calls]<UL><LI><a href="#[96]">&gt;&gt;</a>&nbsp;&nbsp;&nbsp;move_window
<LI><a href="#[ac]">&gt;&gt;</a>&nbsp;&nbsp;&nbsp;mem_cmp
<LI><a href="#[9e]">&gt;&gt;</a>&nbsp;&nbsp;&nbsp;ld_word
</UL>
<BR>[Called By]<UL><LI><a href="#[b7]">&gt;&gt;</a>&nbsp;&nbsp;&nbsp;find_volume
</UL>

<P><STRONG><a name="[b7]"></a>find_volume</STRONG> (Thumb, 804 bytes, Stack size 88 bytes, ff.o(.text))
<BR><BR>[Stack]<UL><LI>Max Depth = 316<LI>Call Chain = find_volume &rArr; check_fs &rArr; move_window &rArr; sync_window &rArr; disk_write &rArr; USBH_MSC_HandleBOTXfer &rArr; USBH_BulkReceiveData &rArr; HCD_SubmitRequest &rArr; USB_OTG_HC_StartXfer &rArr; USB_OTG_WritePacket
</UL>
<BR>[Calls]<UL><LI><a href="#[b9]">&gt;&gt;</a>&nbsp;&nbsp;&nbsp;disk_status
<LI><a href="#[ba]">&gt;&gt;</a>&nbsp;&nbsp;&nbsp;disk_initialize
<LI><a href="#[b6]">&gt;&gt;</a>&nbsp;&nbsp;&nbsp;check_fs
<LI><a href="#[b8]">&gt;&gt;</a>&nbsp;&nbsp;&nbsp;get_ldnumber
<LI><a href="#[96]">&gt;&gt;</a>&nbsp;&nbsp;&nbsp;move_window
<LI><a href="#[9f]">&gt;&gt;</a>&nbsp;&nbsp;&nbsp;ld_dword
<LI><a href="#[9e]">&gt;&gt;</a>&nbsp;&nbsp;&nbsp;ld_word
</UL>
<BR>[Called By]<UL><LI><a href="#[c6]">&gt;&gt;</a>&nbsp;&nbsp;&nbsp;f_rename
<LI><a href="#[c5]">&gt;&gt;</a>&nbsp;&nbsp;&nbsp;f_mkdir
<LI><a href="#[c4]">&gt;&gt;</a>&nbsp;&nbsp;&nbsp;f_unlink
<LI><a href="#[c2]">&gt;&gt;</a>&nbsp;&nbsp;&nbsp;f_getfree
<LI><a href="#[c1]">&gt;&gt;</a>&nbsp;&nbsp;&nbsp;f_stat
<LI><a href="#[be]">&gt;&gt;</a>&nbsp;&nbsp;&nbsp;f_opendir
<LI><a href="#[90]">&gt;&gt;</a>&nbsp;&nbsp;&nbsp;f_open
<LI><a href="#[8f]">&gt;&gt;</a>&nbsp;&nbsp;&nbsp;f_mount
</UL>

<P><STRONG><a name="[bb]"></a>validate</STRONG> (Thumb, 60 bytes, Stack size 16 bytes, ff.o(.text))
<BR><BR>[Stack]<UL><LI>Max Depth = 16<LI>Call Chain = validate
</UL>
<BR>[Calls]<UL><LI><a href="#[b9]">&gt;&gt;</a>&nbsp;&nbsp;&nbsp;disk_status
</UL>
<BR>[Called By]<UL><LI><a href="#[c3]">&gt;&gt;</a>&nbsp;&nbsp;&nbsp;f_truncate
<LI><a href="#[c0]">&gt;&gt;</a>&nbsp;&nbsp;&nbsp;f_readdir
<LI><a href="#[bf]">&gt;&gt;</a>&nbsp;&nbsp;&nbsp;f_closedir
<LI><a href="#[bd]">&gt;&gt;</a>&nbsp;&nbsp;&nbsp;f_sync
<LI><a href="#[bc]">&gt;&gt;</a>&nbsp;&nbsp;&nbsp;f_write
<LI><a href="#[92]">&gt;&gt;</a>&nbsp;&nbsp;&nbsp;f_read
<LI><a href="#[91]">&gt;&gt;</a>&nbsp;&nbsp;&nbsp;f_lseek
<LI><a href="#[93]">&gt;&gt;</a>&nbsp;&nbsp;&nbsp;f_close
</UL>

<P><STRONG><a name="[c7]"></a>USB_OTG_BSP_TimeInit</STRONG> (Thumb, 60 bytes, Stack size 8 bytes, usb_bsp.o(.text))
<BR><BR>[Stack]<UL><LI>Max Depth = 24<LI>Call Chain = USB_OTG_BSP_TimeInit &rArr; NVIC_Init
</UL>
<BR>[Calls]<UL><LI><a href="#[cb]">&gt;&gt;</a>&nbsp;&nbsp;&nbsp;RCC_APB1PeriphClockCmd
<LI><a href="#[c8]">&gt;&gt;</a>&nbsp;&nbsp;&nbsp;NVIC_SetVectorTable
<LI><a href="#[c9]">&gt;&gt;</a>&nbsp;&nbsp;&nbsp;NVIC_PriorityGroupConfig
<LI><a href="#[ca]">&gt;&gt;</a>&nbsp;&nbsp;&nbsp;NVIC_Init
</UL>
<BR>[Called By]<UL><LI><a href="#[cc]">&gt;&gt;</a>&nbsp;&nbsp;&nbsp;USB_OTG_BSP_Init
</UL>

<P><STRONG><a name="[d1]"></a>BSP_SetTime</STRONG> (Thumb, 106 bytes, Stack size 24 bytes, usb_bsp.o(.text))
<BR><BR>[Stack]<UL><LI>Max Depth = 24<LI>Call Chain = BSP_SetTime
</UL>
<BR>[Calls]<UL><LI><a href="#[d4]">&gt;&gt;</a>&nbsp;&nbsp;&nbsp;TIM_TimeBaseInit
<LI><a href="#[d3]">&gt;&gt;</a>&nbsp;&nbsp;&nbsp;TIM_ITConfig
<LI><a href="#[d2]">&gt;&gt;</a>&nbsp;&nbsp;&nbsp;TIM_Cmd
<LI><a href="#[d5]">&gt;&gt;</a>&nbsp;&nbsp;&nbsp;TIM_ClearITPendingBit
<LI><a href="#[d6]">&gt;&gt;</a>&nbsp;&nbsp;&nbsp;TIM_ARRPreloadConfig
</UL>
<BR>[Called By]<UL><LI><a href="#[d7]">&gt;&gt;</a>&nbsp;&nbsp;&nbsp;BSP_Delay
</UL>

<P><STRONG><a name="[d7]"></a>BSP_Delay</STRONG> (Thumb, 38 bytes, Stack size 16 bytes, usb_bsp.o(.text))
<BR><BR>[Stack]<UL><LI>Max Depth = 40<LI>Call Chain = BSP_Delay &rArr; BSP_SetTime
</UL>
<BR>[Calls]<UL><LI><a href="#[d2]">&gt;&gt;</a>&nbsp;&nbsp;&nbsp;TIM_Cmd
<LI><a href="#[d1]">&gt;&gt;</a>&nbsp;&nbsp;&nbsp;BSP_SetTime
</UL>
<BR>[Called By]<UL><LI><a href="#[d9]">&gt;&gt;</a>&nbsp;&nbsp;&nbsp;USB_OTG_BSP_mDelay
<LI><a href="#[d8]">&gt;&gt;</a>&nbsp;&nbsp;&nbsp;USB_OTG_BSP_uDelay
</UL>

<P><STRONG><a name="[dc]"></a>Explore_Disk</STRONG> (Thumb, 150 bytes, Stack size 104 bytes, usbh_usr.o(.text), UNUSED)
<BR><BR>[Calls]<UL><LI><a href="#[de]">&gt;&gt;</a>&nbsp;&nbsp;&nbsp;HCD_IsDeviceConnected
<LI><a href="#[dc]">&gt;&gt;</a>&nbsp;&nbsp;&nbsp;Explore_Disk
<LI><a href="#[c0]">&gt;&gt;</a>&nbsp;&nbsp;&nbsp;f_readdir
<LI><a href="#[be]">&gt;&gt;</a>&nbsp;&nbsp;&nbsp;f_opendir
<LI><a href="#[dd]">&gt;&gt;</a>&nbsp;&nbsp;&nbsp;strcpy
</UL>
<BR>[Called By]<UL><LI><a href="#[dc]">&gt;&gt;</a>&nbsp;&nbsp;&nbsp;Explore_Disk
</UL>

<P><STRONG><a name="[ea]"></a>USBH_HandleEnum</STRONG> (Thumb, 472 bytes, Stack size 88 bytes, usbh_core.o(.text))
<BR><BR>[Stack]<UL><LI>Max Depth = 192<LI>Call Chain = USBH_HandleEnum &rArr; USBH_Get_StringDesc &rArr; USBH_GetDescriptor &rArr; USBH_CtlReq &rArr; USBH_SubmitSetupRequest
</UL>
<BR>[Calls]<UL><LI><a href="#[f1]">&gt;&gt;</a>&nbsp;&nbsp;&nbsp;USBH_SetCfg
<LI><a href="#[ee]">&gt;&gt;</a>&nbsp;&nbsp;&nbsp;USBH_SetAddress
<LI><a href="#[ed]">&gt;&gt;</a>&nbsp;&nbsp;&nbsp;USBH_Modify_Channel
<LI><a href="#[f0]">&gt;&gt;</a>&nbsp;&nbsp;&nbsp;USBH_Get_StringDesc
<LI><a href="#[eb]">&gt;&gt;</a>&nbsp;&nbsp;&nbsp;USBH_Get_DevDesc
<LI><a href="#[ef]">&gt;&gt;</a>&nbsp;&nbsp;&nbsp;USBH_Get_CfgDesc
<LI><a href="#[ec]">&gt;&gt;</a>&nbsp;&nbsp;&nbsp;HCD_ResetPort
<LI><a href="#[d9]">&gt;&gt;</a>&nbsp;&nbsp;&nbsp;USB_OTG_BSP_mDelay
</UL>
<BR>[Called By]<UL><LI><a href="#[81]">&gt;&gt;</a>&nbsp;&nbsp;&nbsp;USBH_Process
</UL>

<P><STRONG><a name="[f8]"></a>USBH_GetFreeChannel</STRONG> (Thumb, 40 bytes, Stack size 0 bytes, usbh_hcs.o(.text))
<BR><BR>[Called By]<UL><LI><a href="#[f2]">&gt;&gt;</a>&nbsp;&nbsp;&nbsp;USBH_Alloc_Channel
</UL>

<P><STRONG><a name="[fa]"></a>USBH_SubmitSetupRequest</STRONG> (Thumb, 24 bytes, Stack size 8 bytes, usbh_ioreq.o(.text))
<BR><BR>[Stack]<UL><LI>Max Depth = 8<LI>Call Chain = USBH_SubmitSetupRequest
</UL>
<BR>[Called By]<UL><LI><a href="#[f9]">&gt;&gt;</a>&nbsp;&nbsp;&nbsp;USBH_CtlReq
</UL>

<P><STRONG><a name="[103]"></a>USBH_ParseDevDesc</STRONG> (Thumb, 88 bytes, Stack size 8 bytes, usbh_stdreq.o(.text))
<BR><BR>[Stack]<UL><LI>Max Depth = 8<LI>Call Chain = USBH_ParseDevDesc
</UL>
<BR>[Called By]<UL><LI><a href="#[eb]">&gt;&gt;</a>&nbsp;&nbsp;&nbsp;USBH_Get_DevDesc
</UL>

<P><STRONG><a name="[107]"></a>USBH_ParseEPDesc</STRONG> (Thumb, 32 bytes, Stack size 0 bytes, usbh_stdreq.o(.text))
<BR><BR>[Called By]<UL><LI><a href="#[104]">&gt;&gt;</a>&nbsp;&nbsp;&nbsp;USBH_ParseCfgDesc
</UL>

<P><STRONG><a name="[106]"></a>USBH_ParseInterfaceDesc</STRONG> (Thumb, 38 bytes, Stack size 0 bytes, usbh_stdreq.o(.text))
<BR><BR>[Called By]<UL><LI><a href="#[104]">&gt;&gt;</a>&nbsp;&nbsp;&nbsp;USBH_ParseCfgDesc
</UL>

<P><STRONG><a name="[104]"></a>USBH_ParseCfgDesc</STRONG> (Thumb, 274 bytes, Stack size 56 bytes, usbh_stdreq.o(.text))
<BR><BR>[Stack]<UL><LI>Max Depth = 64<LI>Call Chain = USBH_ParseCfgDesc &rArr; USBH_GetNextDesc
</UL>
<BR>[Calls]<UL><LI><a href="#[105]">&gt;&gt;</a>&nbsp;&nbsp;&nbsp;USBH_GetNextDesc
<LI><a href="#[106]">&gt;&gt;</a>&nbsp;&nbsp;&nbsp;USBH_ParseInterfaceDesc
<LI><a href="#[107]">&gt;&gt;</a>&nbsp;&nbsp;&nbsp;USBH_ParseEPDesc
</UL>
<BR>[Called By]<UL><LI><a href="#[ef]">&gt;&gt;</a>&nbsp;&nbsp;&nbsp;USBH_Get_CfgDesc
</UL>

<P><STRONG><a name="[108]"></a>USBH_ParseStringDesc</STRONG> (Thumb, 54 bytes, Stack size 12 bytes, usbh_stdreq.o(.text))
<BR><BR>[Stack]<UL><LI>Max Depth = 12<LI>Call Chain = USBH_ParseStringDesc
</UL>
<BR>[Called By]<UL><LI><a href="#[f0]">&gt;&gt;</a>&nbsp;&nbsp;&nbsp;USBH_Get_StringDesc
</UL>

<P><STRONG><a name="[74]"></a>USBH_MSC_InterfaceInit</STRONG> (Thumb, 202 bytes, Stack size 24 bytes, usbh_msc_core.o(.text))
<BR><BR>[Stack]<UL><LI>Max Depth = 84<LI>Call Chain = USBH_MSC_InterfaceInit &rArr; USBH_Open_Channel &rArr; USB_OTG_HC_Init
</UL>
<BR>[Calls]<UL><LI><a href="#[f4]">&gt;&gt;</a>&nbsp;&nbsp;&nbsp;USBH_Open_Channel
<LI><a href="#[f2]">&gt;&gt;</a>&nbsp;&nbsp;&nbsp;USBH_Alloc_Channel
</UL>
<BR>[Address Reference Count : 1]<UL><LI> usbh_msc_core.o(.data)
</UL>
<P><STRONG><a name="[75]"></a>USBH_MSC_InterfaceDeInit</STRONG> (Thumb, 72 bytes, Stack size 16 bytes, usbh_msc_core.o(.text))
<BR><BR>[Stack]<UL><LI>Max Depth = 48<LI>Call Chain = USBH_MSC_InterfaceDeInit &rArr; USB_OTG_HC_Halt
</UL>
<BR>[Calls]<UL><LI><a href="#[110]">&gt;&gt;</a>&nbsp;&nbsp;&nbsp;USB_OTG_HC_Halt
<LI><a href="#[e1]">&gt;&gt;</a>&nbsp;&nbsp;&nbsp;USBH_Free_Channel
</UL>
<BR>[Address Reference Count : 1]<UL><LI> usbh_msc_core.o(.data)
</UL>
<P><STRONG><a name="[76]"></a>USBH_MSC_ClassRequest</STRONG> (Thumb, 14 bytes, Stack size 8 bytes, usbh_msc_core.o(.text))
<BR><BR>[Stack]<UL><LI>Max Depth = 8<LI>Call Chain = USBH_MSC_ClassRequest
</UL>
<BR>[Address Reference Count : 1]<UL><LI> usbh_msc_core.o(.data)
</UL>
<P><STRONG><a name="[111]"></a>USBH_MSC_GETMaxLUN</STRONG> (Thumb, 40 bytes, Stack size 16 bytes, usbh_msc_core.o(.text))
<BR><BR>[Stack]<UL><LI>Max Depth = 48<LI>Call Chain = USBH_MSC_GETMaxLUN &rArr; USBH_CtlReq &rArr; USBH_SubmitSetupRequest
</UL>
<BR>[Calls]<UL><LI><a href="#[f9]">&gt;&gt;</a>&nbsp;&nbsp;&nbsp;USBH_CtlReq
</UL>
<BR>[Called By]<UL><LI><a href="#[77]">&gt;&gt;</a>&nbsp;&nbsp;&nbsp;USBH_MSC_Handle
</UL>

<P><STRONG><a name="[112]"></a>USBH_MSC_BOTReset</STRONG> (Thumb, 36 bytes, Stack size 16 bytes, usbh_msc_core.o(.text))
<BR><BR>[Stack]<UL><LI>Max Depth = 48<LI>Call Chain = USBH_MSC_BOTReset &rArr; USBH_CtlReq &rArr; USBH_SubmitSetupRequest
</UL>
<BR>[Calls]<UL><LI><a href="#[f9]">&gt;&gt;</a>&nbsp;&nbsp;&nbsp;USBH_CtlReq
</UL>
<BR>[Called By]<UL><LI><a href="#[77]">&gt;&gt;</a>&nbsp;&nbsp;&nbsp;USBH_MSC_Handle
</UL>

<P><STRONG><a name="[77]"></a>USBH_MSC_Handle</STRONG> (Thumb, 406 bytes, Stack size 32 bytes, usbh_msc_core.o(.text))
<BR><BR>[Stack]<UL><LI>Max Depth = 188<LI>Call Chain = USBH_MSC_Handle &rArr; USBH_MSC_HandleBOTXfer &rArr; USBH_BulkReceiveData &rArr; HCD_SubmitRequest &rArr; USB_OTG_HC_StartXfer &rArr; USB_OTG_WritePacket
</UL>
<BR>[Calls]<UL><LI><a href="#[113]">&gt;&gt;</a>&nbsp;&nbsp;&nbsp;USBH_MSC_TestUnitReady
<LI><a href="#[117]">&gt;&gt;</a>&nbsp;&nbsp;&nbsp;USBH_MSC_RequestSense
<LI><a href="#[115]">&gt;&gt;</a>&nbsp;&nbsp;&nbsp;USBH_MSC_ReadCapacity10
<LI><a href="#[116]">&gt;&gt;</a>&nbsp;&nbsp;&nbsp;USBH_MSC_ModeSense6
<LI><a href="#[114]">&gt;&gt;</a>&nbsp;&nbsp;&nbsp;USBH_MSC_ErrorHandle
<LI><a href="#[112]">&gt;&gt;</a>&nbsp;&nbsp;&nbsp;USBH_MSC_BOTReset
<LI><a href="#[111]">&gt;&gt;</a>&nbsp;&nbsp;&nbsp;USBH_MSC_GETMaxLUN
<LI><a href="#[10f]">&gt;&gt;</a>&nbsp;&nbsp;&nbsp;USBH_MSC_HandleBOTXfer
<LI><a href="#[10b]">&gt;&gt;</a>&nbsp;&nbsp;&nbsp;USBH_MSC_Init
<LI><a href="#[10a]">&gt;&gt;</a>&nbsp;&nbsp;&nbsp;USBH_ClrFeature
<LI><a href="#[de]">&gt;&gt;</a>&nbsp;&nbsp;&nbsp;HCD_IsDeviceConnected
</UL>
<BR>[Address Reference Count : 1]<UL><LI> usbh_msc_core.o(.data)
</UL>
<P><STRONG><a name="[123]"></a>USB_OTG_EnableCommonInt</STRONG> (Thumb, 52 bytes, Stack size 8 bytes, usb_core.o(.text))
<BR><BR>[Stack]<UL><LI>Max Depth = 8<LI>Call Chain = USB_OTG_EnableCommonInt
</UL>
<BR>[Called By]<UL><LI><a href="#[122]">&gt;&gt;</a>&nbsp;&nbsp;&nbsp;USB_OTG_EnableHostInt
</UL>

<P><STRONG><a name="[11a]"></a>USB_OTG_CoreReset</STRONG> (Thumb, 108 bytes, Stack size 24 bytes, usb_core.o(.text))
<BR><BR>[Stack]<UL><LI>Max Depth = 72<LI>Call Chain = USB_OTG_CoreReset &rArr; USB_OTG_BSP_uDelay &rArr; BSP_Delay &rArr; BSP_SetTime
</UL>
<BR>[Calls]<UL><LI><a href="#[d8]">&gt;&gt;</a>&nbsp;&nbsp;&nbsp;USB_OTG_BSP_uDelay
</UL>
<BR>[Called By]<UL><LI><a href="#[11b]">&gt;&gt;</a>&nbsp;&nbsp;&nbsp;USB_OTG_CoreInit
</UL>

<P><STRONG><a name="[13f]"></a>USB_OTG_USBH_handle_IncompletePeriodicXfer_ISR</STRONG> (Thumb, 70 bytes, Stack size 12 bytes, usb_hcd_int.o(.text))
<BR><BR>[Stack]<UL><LI>Max Depth = 12<LI>Call Chain = USB_OTG_USBH_handle_IncompletePeriodicXfer_ISR
</UL>
<BR>[Called By]<UL><LI><a href="#[df]">&gt;&gt;</a>&nbsp;&nbsp;&nbsp;USBH_OTG_ISR_Handler
</UL>

<P><STRONG><a name="[13e]"></a>USB_OTG_USBH_handle_Disconnect_ISR</STRONG> (Thumb, 40 bytes, Stack size 16 bytes, usb_hcd_int.o(.text))
<BR><BR>[Stack]<UL><LI>Max Depth = 16<LI>Call Chain = USB_OTG_USBH_handle_Disconnect_ISR
</UL>
<BR>[Called By]<UL><LI><a href="#[df]">&gt;&gt;</a>&nbsp;&nbsp;&nbsp;USBH_OTG_ISR_Handler
</UL>

<P><STRONG><a name="[132]"></a>USB_OTG_USBH_handle_port_ISR</STRONG> (Thumb, 282 bytes, Stack size 32 bytes, usb_hcd_int.o(.text))
<BR><BR>[Stack]<UL><LI>Max Depth = 96<LI>Call Chain = USB_OTG_USBH_handle_port_ISR &rArr; USB_OTG_ResetPort &rArr; USB_OTG_BSP_mDelay &rArr; BSP_Delay &rArr; BSP_SetTime
</UL>
<BR>[Calls]<UL><LI><a href="#[129]">&gt;&gt;</a>&nbsp;&nbsp;&nbsp;USB_OTG_InitFSLSPClkSel
<LI><a href="#[127]">&gt;&gt;</a>&nbsp;&nbsp;&nbsp;USB_OTG_ResetPort
</UL>
<BR>[Called By]<UL><LI><a href="#[df]">&gt;&gt;</a>&nbsp;&nbsp;&nbsp;USBH_OTG_ISR_Handler
</UL>

<P><STRONG><a name="[133]"></a>USB_OTG_USBH_handle_hc_n_Out_ISR</STRONG> (Thumb, 984 bytes, Stack size 32 bytes, usb_hcd_int.o(.text))
<BR><BR>[Stack]<UL><LI>Max Depth = 64<LI>Call Chain = USB_OTG_USBH_handle_hc_n_Out_ISR &rArr; USB_OTG_HC_Halt
</UL>
<BR>[Calls]<UL><LI><a href="#[110]">&gt;&gt;</a>&nbsp;&nbsp;&nbsp;USB_OTG_HC_Halt
<LI><a href="#[134]">&gt;&gt;</a>&nbsp;&nbsp;&nbsp;USB_OTG_HC_DoPing
</UL>
<BR>[Called By]<UL><LI><a href="#[136]">&gt;&gt;</a>&nbsp;&nbsp;&nbsp;USB_OTG_USBH_handle_hc_ISR
</UL>

<P><STRONG><a name="[135]"></a>USB_OTG_USBH_handle_hc_n_In_ISR</STRONG> (Thumb, 1066 bytes, Stack size 40 bytes, usb_hcd_int.o(.text))
<BR><BR>[Stack]<UL><LI>Max Depth = 72<LI>Call Chain = USB_OTG_USBH_handle_hc_n_In_ISR &rArr; USB_OTG_HC_Halt
</UL>
<BR>[Calls]<UL><LI><a href="#[110]">&gt;&gt;</a>&nbsp;&nbsp;&nbsp;USB_OTG_HC_Halt
</UL>
<BR>[Called By]<UL><LI><a href="#[136]">&gt;&gt;</a>&nbsp;&nbsp;&nbsp;USB_OTG_USBH_handle_hc_ISR
</UL>

<P><STRONG><a name="[136]"></a>USB_OTG_USBH_handle_hc_ISR</STRONG> (Thumb, 86 bytes, Stack size 24 bytes, usb_hcd_int.o(.text))
<BR><BR>[Stack]<UL><LI>Max Depth = 96<LI>Call Chain = USB_OTG_USBH_handle_hc_ISR &rArr; USB_OTG_USBH_handle_hc_n_In_ISR &rArr; USB_OTG_HC_Halt
</UL>
<BR>[Calls]<UL><LI><a href="#[135]">&gt;&gt;</a>&nbsp;&nbsp;&nbsp;USB_OTG_USBH_handle_hc_n_In_ISR
<LI><a href="#[133]">&gt;&gt;</a>&nbsp;&nbsp;&nbsp;USB_OTG_USBH_handle_hc_n_Out_ISR
<LI><a href="#[137]">&gt;&gt;</a>&nbsp;&nbsp;&nbsp;USB_OTG_ReadHostAllChannels_intr
</UL>
<BR>[Called By]<UL><LI><a href="#[df]">&gt;&gt;</a>&nbsp;&nbsp;&nbsp;USBH_OTG_ISR_Handler
</UL>

<P><STRONG><a name="[138]"></a>USB_OTG_USBH_handle_ptxfempty_ISR</STRONG> (Thumb, 302 bytes, Stack size 32 bytes, usb_hcd_int.o(.text))
<BR><BR>[Stack]<UL><LI>Max Depth = 56<LI>Call Chain = USB_OTG_USBH_handle_ptxfempty_ISR &rArr; USB_OTG_WritePacket
</UL>
<BR>[Calls]<UL><LI><a href="#[12c]">&gt;&gt;</a>&nbsp;&nbsp;&nbsp;USB_OTG_WritePacket
</UL>
<BR>[Called By]<UL><LI><a href="#[df]">&gt;&gt;</a>&nbsp;&nbsp;&nbsp;USBH_OTG_ISR_Handler
</UL>

<P><STRONG><a name="[139]"></a>USB_OTG_USBH_handle_nptxfempty_ISR</STRONG> (Thumb, 302 bytes, Stack size 32 bytes, usb_hcd_int.o(.text))
<BR><BR>[Stack]<UL><LI>Max Depth = 56<LI>Call Chain = USB_OTG_USBH_handle_nptxfempty_ISR &rArr; USB_OTG_WritePacket
</UL>
<BR>[Calls]<UL><LI><a href="#[12c]">&gt;&gt;</a>&nbsp;&nbsp;&nbsp;USB_OTG_WritePacket
</UL>
<BR>[Called By]<UL><LI><a href="#[df]">&gt;&gt;</a>&nbsp;&nbsp;&nbsp;USBH_OTG_ISR_Handler
</UL>

<P><STRONG><a name="[13a]"></a>USB_OTG_USBH_handle_rx_qlvl_ISR</STRONG> (Thumb, 356 bytes, Stack size 32 bytes, usb_hcd_int.o(.text))
<BR><BR>[Stack]<UL><LI>Max Depth = 52<LI>Call Chain = USB_OTG_USBH_handle_rx_qlvl_ISR &rArr; USB_OTG_ReadPacket
</UL>
<BR>[Calls]<UL><LI><a href="#[13b]">&gt;&gt;</a>&nbsp;&nbsp;&nbsp;USB_OTG_ReadPacket
</UL>
<BR>[Called By]<UL><LI><a href="#[df]">&gt;&gt;</a>&nbsp;&nbsp;&nbsp;USBH_OTG_ISR_Handler
</UL>

<P><STRONG><a name="[13d]"></a>USB_OTG_USBH_handle_sof_ISR</STRONG> (Thumb, 38 bytes, Stack size 16 bytes, usb_hcd_int.o(.text))
<BR><BR>[Stack]<UL><LI>Max Depth = 16<LI>Call Chain = USB_OTG_USBH_handle_sof_ISR
</UL>
<BR>[Called By]<UL><LI><a href="#[df]">&gt;&gt;</a>&nbsp;&nbsp;&nbsp;USBH_OTG_ISR_Handler
</UL>

<P><STRONG><a name="[15c]"></a>TI4_Config</STRONG> (Thumb, 80 bytes, Stack size 20 bytes, stm32f4xx_tim.o(.text), UNUSED)
<BR><BR>[Called By]<UL><LI><a href="#[155]">&gt;&gt;</a>&nbsp;&nbsp;&nbsp;TIM_ICInit
</UL>

<P><STRONG><a name="[15a]"></a>TI3_Config</STRONG> (Thumb, 72 bytes, Stack size 20 bytes, stm32f4xx_tim.o(.text), UNUSED)
<BR><BR>[Called By]<UL><LI><a href="#[155]">&gt;&gt;</a>&nbsp;&nbsp;&nbsp;TIM_ICInit
</UL>

<P><STRONG><a name="[158]"></a>TI2_Config</STRONG> (Thumb, 90 bytes, Stack size 20 bytes, stm32f4xx_tim.o(.text), UNUSED)
<BR><BR>[Called By]<UL><LI><a href="#[161]">&gt;&gt;</a>&nbsp;&nbsp;&nbsp;TIM_TIxExternalClockConfig
<LI><a href="#[15e]">&gt;&gt;</a>&nbsp;&nbsp;&nbsp;TIM_PWMIConfig
<LI><a href="#[155]">&gt;&gt;</a>&nbsp;&nbsp;&nbsp;TIM_ICInit
</UL>

<P><STRONG><a name="[156]"></a>TI1_Config</STRONG> (Thumb, 58 bytes, Stack size 20 bytes, stm32f4xx_tim.o(.text), UNUSED)
<BR><BR>[Called By]<UL><LI><a href="#[161]">&gt;&gt;</a>&nbsp;&nbsp;&nbsp;TIM_TIxExternalClockConfig
<LI><a href="#[15e]">&gt;&gt;</a>&nbsp;&nbsp;&nbsp;TIM_PWMIConfig
<LI><a href="#[155]">&gt;&gt;</a>&nbsp;&nbsp;&nbsp;TIM_ICInit
</UL>

<P><STRONG><a name="[165]"></a>SetSysClock</STRONG> (Thumb, 220 bytes, Stack size 12 bytes, system_stm32f4xx.o(.text))
<BR><BR>[Stack]<UL><LI>Max Depth = 12<LI>Call Chain = SetSysClock
</UL>
<BR>[Called By]<UL><LI><a href="#[5d]">&gt;&gt;</a>&nbsp;&nbsp;&nbsp;SystemInit
</UL>
<P>
<H3>
Undefined Global Symbols
</H3><HR></body></html>
