Component: ARM Compiler 5.06 update 4 (build 422) Tool: armlink [4d35d2]

==============================================================================

Section Cross References

    main.o(.text) refers to system_stm32f4xx.o(.text) for SystemInit
    main.o(.text) refers to iap_fun.o(.text) for IAP_fun_run
    iap_fun.o(.text) refers to stm32f4xx_rcc.o(.text) for RCC_GetFlagStatus
    iap_fun.o(.text) refers to bsp_gpio.o(.text) for GPIOInit
    iap_fun.o(.text) refers to usbh_core.o(.text) for USBH_Init
    iap_fun.o(.text) refers to stm32f4xx_gpio.o(.text) for GPIO_ReadOutputDataBit
    iap_fun.o(.text) refers to stm32f4xx_flash.o(.text) for FLASH_Unlock
    iap_fun.o(.text) refers to ff.o(.text) for f_mount
    iap_fun.o(.text) refers to usbh_usr.o(.data) for USR_cb
    iap_fun.o(.text) refers to usbh_msc_core.o(.data) for USBH_MSC_cb
    iap_fun.o(.text) refers to usbh_usr.o(.bss) for USB_Host
    iap_fun.o(.text) refers to iap_fun.o(.data) for IAP_run_step
    iap_fun.o(.text) refers to iap_fun.o(.bss) for fs
    iap_fun.o(.text) refers to iap_fun.o(.constdata) for chCRCHTalbe
    ff.o(.text) refers to usbh_msc_fatfs.o(.text) for disk_write
    ff.o(.text) refers to diskio.o(.text) for disk_ioctl
    ff.o(.text) refers to ff.o(.constdata) for ExCvt
    ff.o(.text) refers to ff.o(.data) for FatFs
    usb_bsp.o(.text) refers to misc.o(.text) for NVIC_SetVectorTable
    usb_bsp.o(.text) refers to stm32f4xx_rcc.o(.text) for RCC_APB1PeriphClockCmd
    usb_bsp.o(.text) refers to stm32f4xx_gpio.o(.text) for GPIO_Init
    usb_bsp.o(.text) refers to stm32f4xx_tim.o(.text) for TIM_Cmd
    usb_bsp.o(.text) refers to usb_bsp.o(.data) for BSP_delay
    usbh_usr.o(.text) refers to iap_fun.o(.text) for USB_IAP_APP
    usbh_usr.o(.text) refers to ff.o(.text) for f_opendir
    usbh_usr.o(.text) refers to strcpy.o(.text) for strcpy
    usbh_usr.o(.text) refers to usb_hcd.o(.text) for HCD_IsDeviceConnected
    usbh_usr.o(.text) refers to usbh_usr.o(.data) for startup
    usbh_usr.o(.text) refers to usbh_usr.o(.bss) for USB_OTG_Core
    usbh_usr.o(.data) refers to usbh_usr.o(.text) for USBH_USR_Init
    usbh_it.o(.text) refers to usb_bsp.o(.text) for USB_OTG_BSP_TimerIRQ
    usbh_it.o(.text) refers to usb_hcd_int.o(.text) for USBH_OTG_ISR_Handler
    usbh_it.o(.text) refers to usbh_usr.o(.bss) for USB_OTG_Core
    usbh_core.o(.text) refers to usbh_hcs.o(.text) for USBH_Free_Channel
    usbh_core.o(.text) refers to usb_bsp.o(.text) for USB_OTG_BSP_Init
    usbh_core.o(.text) refers to usb_hcd.o(.text) for HCD_Init
    usbh_core.o(.text) refers to usbh_ioreq.o(.text) for USBH_CtlSendSetup
    usbh_core.o(.text) refers to usbh_stdreq.o(.text) for USBH_Get_DevDesc
    usbh_core.o(.text) refers to usbh_core.o(.data) for timeout
    usbh_core.o(.data) refers to usbh_core.o(.text) for USBH_SOF
    usbh_hcs.o(.text) refers to usb_core.o(.text) for USB_OTG_HC_Init
    usbh_ioreq.o(.text) refers to usb_hcd.o(.text) for HCD_SubmitRequest
    usbh_stdreq.o(.text) refers to usbh_ioreq.o(.text) for USBH_CtlReq
    usbh_stdreq.o(.text) refers to usbh_stdreq.o(.data) for prev_itf
    usbh_stdreq.o(.text) refers to usbh_stdreq.o(.bss) for USBH_CfgDesc
    usbh_msc_bot.o(.text) refers to usb_hcd.o(.text) for HCD_IsDeviceConnected
    usbh_msc_bot.o(.text) refers to usbh_stdreq.o(.text) for USBH_ClrFeature
    usbh_msc_bot.o(.text) refers to usbh_ioreq.o(.text) for USBH_BulkSendData
    usbh_msc_bot.o(.text) refers to usbh_msc_bot.o(.bss) for USBH_MSC_CBWData
    usbh_msc_bot.o(.text) refers to usbh_msc_bot.o(.data) for BOTStallErrorCount
    usbh_msc_bot.o(.text) refers to usbh_msc_core.o(.data) for MSCErrorCount
    usbh_msc_bot.o(.text) refers to usbh_msc_core.o(.bss) for MSC_Machine
    usbh_msc_core.o(.text) refers to usbh_hcs.o(.text) for USBH_Alloc_Channel
    usbh_msc_core.o(.text) refers to usb_core.o(.text) for USB_OTG_HC_Halt
    usbh_msc_core.o(.text) refers to usbh_ioreq.o(.text) for USBH_CtlReq
    usbh_msc_core.o(.text) refers to usb_hcd.o(.text) for HCD_IsDeviceConnected
    usbh_msc_core.o(.text) refers to usbh_msc_bot.o(.text) for USBH_MSC_Init
    usbh_msc_core.o(.text) refers to usbh_stdreq.o(.text) for USBH_ClrFeature
    usbh_msc_core.o(.text) refers to usbh_msc_scsi.o(.text) for USBH_MSC_TestUnitReady
    usbh_msc_core.o(.text) refers to usbh_msc_core.o(.bss) for MSC_Machine
    usbh_msc_core.o(.text) refers to usbh_msc_bot.o(.bss) for USBH_MSC_BOTXferParam
    usbh_msc_core.o(.text) refers to usbh_msc_core.o(.data) for MSCErrorCount
    usbh_msc_core.o(.data) refers to usbh_msc_core.o(.text) for USBH_MSC_InterfaceInit
    usbh_msc_fatfs.o(.text) refers to usb_hcd.o(.text) for HCD_IsDeviceConnected
    usbh_msc_fatfs.o(.text) refers to usbh_msc_scsi.o(.text) for USBH_MSC_Read10
    usbh_msc_fatfs.o(.text) refers to usbh_msc_bot.o(.text) for USBH_MSC_HandleBOTXfer
    usbh_msc_fatfs.o(.text) refers to usbh_usr.o(.bss) for USB_OTG_Core
    usbh_msc_fatfs.o(.text) refers to usbh_msc_fatfs.o(.data) for Stat
[...]
    Removing stm32f4xx_hash_sha1.o(.revsh_text), (4 bytes).
    Removing stm32f4xx_hash_sha1.o(.rrx_text), (6 bytes).
    Removing stm32f4xx_hash_sha1.o(.text), (548 bytes).
    Removing stm32f4xx_i2c.o(.rev16_text), (4 bytes).
    Removing stm32f4xx_i2c.o(.revsh_text), (4 bytes).
    Removing stm32f4xx_i2c.o(.rrx_text), (6 bytes).
    Removing stm32f4xx_i2c.o(.text), (1110 bytes).
    Removing stm32f4xx_iwdg.o(.rev16_text), (4 bytes).
    Removing stm32f4xx_iwdg.o(.revsh_text), (4 bytes).
    Removing stm32f4xx_iwdg.o(.rrx_text), (6 bytes).
    Removing stm32f4xx_iwdg.o(.text), (64 bytes).
    Removing stm32f4xx_lptim.o(.rev16_text), (4 bytes).
    Removing stm32f4xx_lptim.o(.revsh_text), (4 bytes).
    Removing stm32f4xx_lptim.o(.rrx_text), (6 bytes).
    Removing stm32f4xx_ltdc.o(.rev16_text), (4 bytes).
    Removing stm32f4xx_ltdc.o(.revsh_text), (4 bytes).
    Removing stm32f4xx_ltdc.o(.rrx_text), (6 bytes).
    Removing stm32f4xx_ltdc.o(.text), (1672 bytes).
    Removing stm32f4xx_pwr.o(.rev16_text), (4 bytes).
    Removing stm32f4xx_pwr.o(.revsh_text), (4 bytes).
    Removing stm32f4xx_pwr.o(.rrx_text), (6 bytes).
    Removing stm32f4xx_pwr.o(.text), (328 bytes).
    Removing stm32f4xx_qspi.o(.rev16_text), (4 bytes).
    Removing stm32f4xx_qspi.o(.revsh_text), (4 bytes).
    Removing stm32f4xx_qspi.o(.rrx_text), (6 bytes).
    Removing stm32f4xx_rcc.o(.rev16_text), (4 bytes).
    Removing stm32f4xx_rcc.o(.revsh_text), (4 bytes).
    Removing stm32f4xx_rcc.o(.rrx_text), (6 bytes).
    Removing stm32f4xx_rng.o(.rev16_text), (4 bytes).
    Removing stm32f4xx_rng.o(.revsh_text), (4 bytes).
    Removing stm32f4xx_rng.o(.rrx_text), (6 bytes).
    Removing stm32f4xx_rng.o(.text), (160 bytes).
    Removing stm32f4xx_rtc.o(.rev16_text), (4 bytes).
    Removing stm32f4xx_rtc.o(.revsh_text), (4 bytes).
    Removing stm32f4xx_rtc.o(.rrx_text), (6 bytes).
    Removing stm32f4xx_rtc.o(.text), (3440 bytes).
    Removing stm32f4xx_sai.o(.rev16_text), (4 bytes).
    Removing stm32f4xx_sai.o(.revsh_text), (4 bytes).
    Removing stm32f4xx_sai.o(.rrx_text), (6 bytes).
    Removing stm32f4xx_sai.o(.text), (532 bytes).
    Removing stm32f4xx_sdio.o(.rev16_text), (4 bytes).
    Removing stm32f4xx_sdio.o(.revsh_text), (4 bytes).
    Removing stm32f4xx_sdio.o(.rrx_text), (6 bytes).
    Removing stm32f4xx_sdio.o(.text), (476 bytes).
    Removing stm32f4xx_spdifrx.o(.rev16_text), (4 bytes).
    Removing stm32f4xx_spdifrx.o(.revsh_text), (4 bytes).
    Removing stm32f4xx_spdifrx.o(.rrx_text), (6 bytes).
    Removing stm32f4xx_spi.o(.rev16_text), (4 bytes).
    Removing stm32f4xx_spi.o(.revsh_text), (4 bytes).
    Removing stm32f4xx_spi.o(.rrx_text), (6 bytes).
    Removing stm32f4xx_spi.o(.text), (1152 bytes).
    Removing stm32f4xx_syscfg.o(.rev16_text), (4 bytes).
    Removing stm32f4xx_syscfg.o(.revsh_text), (4 bytes).
    Removing stm32f4xx_syscfg.o(.rrx_text), (6 bytes).
    Removing stm32f4xx_syscfg.o(.text), (148 bytes).
    Removing stm32f4xx_tim.o(.rev16_text), (4 bytes).
    Removing stm32f4xx_tim.o(.revsh_text), (4 bytes).
    Removing stm32f4xx_tim.o(.rrx_text), (6 bytes).
    Removing stm32f4xx_usart.o(.rev16_text), (4 bytes).
    Removing stm32f4xx_usart.o(.revsh_text), (4 bytes).
    Removing stm32f4xx_usart.o(.rrx_text), (6 bytes).
    Removing stm32f4xx_usart.o(.text), (1108 bytes).
    Removing stm32f4xx_wwdg.o(.rev16_text), (4 bytes).
    Removing stm32f4xx_wwdg.o(.revsh_text), (4 bytes).
    Removing stm32f4xx_wwdg.o(.rrx_text), (6 bytes).
    Removing stm32f4xx_wwdg.o(.text), (144 bytes).
    Removing stm32f4xx_it.o(.rev16_text), (4 bytes).
    Removing stm32f4xx_it.o(.revsh_text), (4 bytes).
    Removing stm32f4xx_it.o(.rrx_text), (6 bytes).
    Removing system_stm32f4xx.o(.rev16_text), (4 bytes).
    Removing system_stm32f4xx.o(.revsh_text), (4 bytes).
    Removing system_stm32f4xx.o(.rrx_text), (6 bytes).
    Removing startup_stm32f40xx.o(HEAP), (512 bytes).
    Removing bsp_fram.o(.rev16_text), (4 bytes).
    Removing bsp_fram.o(.revsh_text), (4 bytes).
    Removing bsp_fram.o(.rrx_text), (6 bytes).
    Removing bsp_fram.o(.text), (680 bytes).
    Removing bsp_gpio.o(.rev16_text), (4 bytes).
    Removing bsp_gpio.o(.revsh_text), (4 bytes).
    Removing bsp_gpio.o(.rrx_text), (6 bytes).

219 unused section(s) (total 29174 bytes) removed from the image.

==============================================================================

Image Symbol Table

    Local Symbols

    Symbol Name                              Value     Ov Type        Size  Object(Section)

    ../clib/microlib/init/entry.s            0x00000000   Number         0  entry.o ABSOLUTE
    ../clib/microlib/init/entry.s            0x00000000   Number         0  entry2.o ABSOLUTE
    ../clib/microlib/init/entry.s            0x00000000   Number         0  entry7a.o ABSOLUTE
    ../clib/microlib/init/entry.s            0x00000000   Number         0  entry5.o ABSOLUTE
    ../clib/microlib/init/entry.s            0x00000000   Number         0  entry7b.o ABSOLUTE
    ../clib/microlib/init/entry.s            0x00000000   Number         0  entry10b.o ABSOLUTE
    ../clib/microlib/init/entry.s            0x00000000   Number         0  entry8a.o ABSOLUTE
    ../clib/microlib/init/entry.s            0x00000000   Number         0  entry8b.o ABSOLUTE
    ../clib/microlib/init/entry.s            0x00000000   Number         0  entry9a.o ABSOLUTE
    ../clib/microlib/init/entry.s            0x00000000   Number         0  entry9b.o ABSOLUTE
    ../clib/microlib/init/entry.s            0x00000000   Number         0  entry10a.o ABSOLUTE
    ../clib/microlib/init/entry.s            0x00000000   Number         0  entry11b.o ABSOLUTE
    ../clib/microlib/init/entry.s            0x00000000   Number         0  entry11a.o ABSOLUTE
    ../clib/microlib/string/strcpy.c         0x00000000   Number         0  strcpy.o ABSOLUTE
    ..\APP\IAP_fun.c                         0x00000000   Number         0  iap_fun.o ABSOLUTE
    ..\APP\main.c                            0x00000000   Number         0  main.o ABSOLUTE
    ..\BSP\bsp_Fram.c                        0x00000000   Number         0  bsp_fram.o ABSOLUTE
    ..\BSP\bsp_GPIO.c                        0x00000000   Number         0  bsp_gpio.o ABSOLUTE
    ..\Device_lib\src\misc.c                 0x00000000   Number         0  misc.o ABSOLUTE
    ..\Device_lib\src\stm32f4xx_adc.c        0x00000000   Number         0  stm32f4xx_adc.o ABSOLUTE
    ..\Device_lib\src\stm32f4xx_can.c        0x00000000   Number         0  stm32f4xx_can.o ABSOLUTE
    ..\Device_lib\src\stm32f4xx_cec.c        0x00000000   Number         0  stm32f4xx_cec.o ABSOLUTE
    ..\Device_lib\src\stm32f4xx_crc.c        0x00000000   Number         0  stm32f4xx_crc.o ABSOLUTE
    ..\Device_lib\src\stm32f4xx_cryp.c       0x00000000   Number         0  stm32f4xx_cryp.o ABSOLUTE
    ..\Device_lib\src\stm32f4xx_cryp_aes.c   0x00000000   Number         0  stm32f4xx_cryp_aes.o ABSOLUTE
    ..\Device_lib\src\stm32f4xx_cryp_des.c   0x00000000   Number         0  stm32f4xx_cryp_des.o ABSOLUTE
    ..\Device_lib\src\stm32f4xx_cryp_tdes.c  0x00000000   Number         0  stm32f4xx_cryp_tdes.o ABSOLUTE
    ..\Device_lib\src\stm32f4xx_dac.c        0x00000000   Number         0  stm32f4xx_dac.o ABSOLUTE
    ..\Device_lib\src\stm32f4xx_dbgmcu.c     0x00000000   Number         0  stm32f4xx_dbgmcu.o ABSOLUTE
    ..\Device_lib\src\stm32f4xx_dcmi.c       0x00000000   Number         0  stm32f4xx_dcmi.o ABSOLUTE
    ..\Device_lib\src\stm32f4xx_dfsdm.c      0x00000000   Number         0  stm32f4xx_dfsdm.o ABSOLUTE
    ..\Device_lib\src\stm32f4xx_dma.c        0x00000000   Number         0  stm32f4xx_dma.o ABSOLUTE
    ..\Device_lib\src\stm32f4xx_dma2d.c      0x00000000   Number         0  stm32f4xx_dma2d.o ABSOLUTE
    ..\Device_lib\src\stm32f4xx_dsi.c        0x00000000   Number         0  stm32f4xx_dsi.o ABSOLUTE
    ..\Device_lib\src\stm32f4xx_exti.c       0x00000000   Number         0  stm32f4xx_exti.o ABSOLUTE
    ..\Device_lib\src\stm32f4xx_flash.c      0x00000000   Number         0  stm32f4xx_flash.o ABSOLUTE
    ..\Device_lib\src\stm32f4xx_flash_ramfunc.c 0x00000000   Number         0  stm32f4xx_flash_ramfunc.o ABSOLUTE
    ..\Device_lib\src\stm32f4xx_fmpi2c.c     0x00000000   Number         0  stm32f4xx_fmpi2c.o ABSOLUTE
    ..\Device_lib\src\stm32f4xx_fsmc.c       0x00000000   Number         0  stm32f4xx_fsmc.o ABSOLUTE
    ..\Device_lib\src\stm32f4xx_gpio.c       0x00000000   Number         0  stm32f4xx_gpio.o ABSOLUTE
    ..\Device_lib\src\stm32f4xx_hash.c       0x00000000   Number         0  stm32f4xx_hash.o ABSOLUTE
    ..\Device_lib\src\stm32f4xx_hash_md5.c   0x00000000   Number         0  stm32f4xx_hash_md5.o ABSOLUTE
    ..\Device_lib\src\stm32f4xx_hash_sha1.c  0x00000000   Number         0  stm32f4xx_hash_sha1.o ABSOLUTE
    ..\Device_lib\src\stm32f4xx_i2c.c        0x00000000   Number         0  stm32f4xx_i2c.o ABSOLUTE
    ..\Device_lib\src\stm32f4xx_iwdg.c       0x00000000   Number         0  stm32f4xx_iwdg.o ABSOLUTE
    ..\Device_lib\src\stm32f4xx_lptim.c      0x00000000   Number         0  stm32f4xx_lptim.o ABSOLUTE
    ..\Device_lib\src\stm32f4xx_ltdc.c       0x00000000   Number         0  stm32f4xx_ltdc.o ABSOLUTE
    ..\Device_lib\src\stm32f4xx_pwr.c        0x00000000   Number         0  stm32f4xx_pwr.o ABSOLUTE
    ..\Device_lib\src\stm32f4xx_qspi.c       0x00000000   Number         0  stm32f4xx_qspi.o ABSOLUTE
    ..\Device_lib\src\stm32f4xx_rcc.c        0x00000000   Number         0  stm32f4xx_rcc.o ABSOLUTE
    ..\Device_lib\src\stm32f4xx_rng.c        0x00000000   Number         0  stm32f4xx_rng.o ABSOLUTE
    ..\Device_lib\src\stm32f4xx_rtc.c        0x00000000   Number         0  stm32f4xx_rtc.o ABSOLUTE
    ..\Device_lib\src\stm32f4xx_sai.c        0x00000000   Number         0  stm32f4xx_sai.o ABSOLUTE
    ..\Device_lib\src\stm32f4xx_sdio.c       0x00000000   Number         0  stm32f4xx_sdio.o ABSOLUTE
    ..\Device_lib\src\stm32f4xx_spdifrx.c    0x00000000   Number         0  stm32f4xx_spdifrx.o ABSOLUTE
    ..\Device_lib\src\stm32f4xx_spi.c        0x00000000   Number         0  stm32f4xx_spi.o ABSOLUTE
    ..\Device_lib\src\stm32f4xx_syscfg.c     0x00000000   Number         0  stm32f4xx_syscfg.o ABSOLUTE
    ..\Device_lib\src\stm32f4xx_tim.c        0x00000000   Number         0  stm32f4xx_tim.o ABSOLUTE
    ..\Device_lib\src\stm32f4xx_usart.c      0x00000000   Number         0  stm32f4xx_usart.o ABSOLUTE
    ..\Device_lib\src\stm32f4xx_wwdg.c       0x00000000   Number         0  stm32f4xx_wwdg.o ABSOLUTE
    ..\FATFS\diskio.c                        0x00000000   Number         0  diskio.o ABSOLUTE
    ..\FATFS\ff.c                            0x00000000   Number         0  ff.o ABSOLUTE
    ..\StartUP\startup_stm32f40xx.s          0x00000000   Number         0  startup_stm32f40xx.o ABSOLUTE
    ..\StartUP\stm32f4xx_it.c                0x00000000   Number         0  stm32f4xx_it.o ABSOLUTE
    ..\StartUP\system_stm32f4xx.c            0x00000000   Number         0  system_stm32f4xx.o ABSOLUTE
    ..\USB_LIB\APP\usb_bsp.c                 0x00000000   Number         0  usb_bsp.o ABSOLUTE
    ..\USB_LIB\APP\usbh_it.c                 0x00000000   Number         0  usbh_it.o ABSOLUTE
    ..\USB_LIB\APP\usbh_usr.c                0x00000000   Number         0  usbh_usr.o ABSOLUTE
    ..\USB_LIB\CLASS\Core\src\usbh_core.c    0x00000000   Number         0  usbh_core.o ABSOLUTE
    ..\USB_LIB\CLASS\Core\src\usbh_hcs.c     0x00000000   Number         0  usbh_hcs.o ABSOLUTE
    ..\USB_LIB\CLASS\Core\src\usbh_ioreq.c   0x00000000   Number         0  usbh_ioreq.o ABSOLUTE
    ..\USB_LIB\CLASS\Core\src\usbh_stdreq.c  0x00000000   Number         0  usbh_stdreq.o ABSOLUTE
    ..\USB_LIB\CLASS\src\usbh_msc_bot.c      0x00000000   Number         0  usbh_msc_bot.o ABSOLUTE
    ..\USB_LIB\CLASS\src\usbh_msc_core.c     0x00000000   Number         0  usbh_msc_core.o ABSOLUTE
    ..\USB_LIB\CLASS\src\usbh_msc_fatfs.c    0x00000000   Number         0  usbh_msc_fatfs.o ABSOLUTE
    ..\USB_LIB\CLASS\src\usbh_msc_scsi.c     0x00000000   Number         0  usbh_msc_scsi.o ABSOLUTE
    ..\USB_LIB\Driver\src\usb_core.c         0x00000000   Number         0  usb_core.o ABSOLUTE
    ..\USB_LIB\Driver\src\usb_hcd.c          0x00000000   Number         0  usb_hcd.o ABSOLUTE
    ..\USB_LIB\Driver\src\usb_hcd_int.c      0x00000000   Number         0  usb_hcd_int.o ABSOLUTE
    ..\\APP\\IAP_fun.c                       0x00000000   Number         0  iap_fun.o ABSOLUTE
    ..\\APP\\main.c                          0x00000000   Number         0  main.o ABSOLUTE
    ..\\BSP\\bsp_Fram.c                      0x00000000   Number         0  bsp_fram.o ABSOLUTE
    ..\\BSP\\bsp_GPIO.c                      0x00000000   Number         0  bsp_gpio.o ABSOLUTE
    ..\\Device_lib\\src\\misc.c              0x00000000   Number         0  misc.o ABSOLUTE
    ..\\Device_lib\\src\\stm32f4xx_adc.c     0x00000000   Number         0  stm32f4xx_adc.o ABSOLUTE
    ..\\Device_lib\\src\\stm32f4xx_can.c     0x00000000   Number         0  stm32f4xx_can.o ABSOLUTE
    ..\\Device_lib\\src\\stm32f4xx_cec.c     0x00000000   Number         0  stm32f4xx_cec.o ABSOLUTE
    ..\\Device_lib\\src\\stm32f4xx_crc.c     0x00000000   Number         0  stm32f4xx_crc.o ABSOLUTE
    ..\\Device_lib\\src\\stm32f4xx_cryp.c    0x00000000   Number         0  stm32f4xx_cryp.o ABSOLUTE
    ..\\Device_lib\\src\\stm32f4xx_cryp_aes.c 0x00000000   Number         0  stm32f4xx_cryp_aes.o ABSOLUTE
    ..\\Device_lib\\src\\stm32f4xx_cryp_des.c 0x00000000   Number         0  stm32f4xx_cryp_des.o ABSOLUTE
    ..\\Device_lib\\src\\stm32f4xx_cryp_tdes.c 0x00000000   Number         0  stm32f4xx_cryp_tdes.o ABSOLUTE
    ..\\Device_lib\\src\\stm32f4xx_dac.c     0x00000000   Number         0  stm32f4xx_dac.o ABSOLUTE
    ..\\Device_lib\\src\\stm32f4xx_dbgmcu.c  0x00000000   Number         0  stm32f4xx_dbgmcu.o ABSOLUTE
    ..\\Device_lib\\src\\stm32f4xx_dcmi.c    0x00000000   Number         0  stm32f4xx_dcmi.o ABSOLUTE
    ..\\Device_lib\\src\\stm32f4xx_dfsdm.c   0x00000000   Number         0  stm32f4xx_dfsdm.o ABSOLUTE
    ..\\Device_lib\\src\\stm32f4xx_dma.c     0x00000000   Number         0  stm32f4xx_dma.o ABSOLUTE
    ..\\Device_lib\\src\\stm32f4xx_dma2d.c   0x00000000   Number         0  stm32f4xx_dma2d.o ABSOLUTE
    ..\\Device_lib\\src\\stm32f4xx_dsi.c     0x00000000   Number         0  stm32f4xx_dsi.o ABSOLUTE
    ..\\Device_lib\\src\\stm32f4xx_exti.c    0x00000000   Number         0  stm32f4xx_exti.o ABSOLUTE
    ..\\Device_lib\\src\\stm32f4xx_flash.c   0x00000000   Number         0  stm32f4xx_flash.o ABSOLUTE
    ..\\Device_lib\\src\\stm32f4xx_flash_ramfunc.c 0x00000000   Number         0  stm32f4xx_flash_ramfunc.o ABSOLUTE
    ..\\Device_lib\\src\\stm32f4xx_fmpi2c.c  0x00000000   Number         0  stm32f4xx_fmpi2c.o ABSOLUTE
    ..\\Device_lib\\src\\stm32f4xx_fsmc.c    0x00000000   Number         0  stm32f4xx_fsmc.o ABSOLUTE
    ..\\Device_lib\\src\\stm32f4xx_gpio.c    0x00000000   Number         0  stm32f4xx_gpio.o ABSOLUTE
    ..\\Device_lib\\src\\stm32f4xx_hash.c    0x00000000   Number         0  stm32f4xx_hash.o ABSOLUTE
    ..\\Device_lib\\src\\stm32f4xx_hash_md5.c 0x00000000   Number         0  stm32f4xx_hash_md5.o ABSOLUTE
    ..\\Device_lib\\src\\stm32f4xx_hash_sha1.c 0x00000000   Number         0  stm32f4xx_hash_sha1.o ABSOLUTE
    ..\\Device_lib\\src\\stm32f4xx_i2c.c     0x00000000   Number         0  stm32f4xx_i2c.o ABSOLUTE
    ..\\Device_lib\\src\\stm32f4xx_iwdg.c    0x00000000   Number         0  stm32f4xx_iwdg.o ABSOLUTE
    ..\\Device_lib\\src\\stm32f4xx_lptim.c   0x00000000   Number         0  stm32f4xx_lptim.o ABSOLUTE
    ..\\Device_lib\\src\\stm32f4xx_ltdc.c    0x00000000   Number         0  stm32f4xx_ltdc.o ABSOLUTE
    ..\\Device_lib\\src\\stm32f4xx_pwr.c     0x00000000   Number         0  stm32f4xx_pwr.o ABSOLUTE
    ..\\Device_lib\\src\\stm32f4xx_qspi.c    0x00000000   Number         0  stm32f4xx_qspi.o ABSOLUTE
    ..\\Device_lib\\src\\stm32f4xx_rcc.c     0x00000000   Number         0  stm32f4xx_rcc.o ABSOLUTE
    ..\\Device_lib\\src\\stm32f4xx_rng.c     0x00000000   Number         0  stm32f4xx_rng.o ABSOLUTE
    ..\\Device_lib\\src\\stm32f4xx_rtc.c     0x00000000   Number         0  stm32f4xx_rtc.o ABSOLUTE
    ..\\Device_lib\\src\\stm32f4xx_sai.c     0x00000000   Number         0  stm32f4xx_sai.o ABSOLUTE
    ..\\Device_lib\\src\\stm32f4xx_sdio.c    0x00000000   Number         0  stm32f4xx_sdio.o ABSOLUTE
    ..\\Device_lib\\src\\stm32f4xx_spdifrx.c 0x00000000   Number         0  stm32f4xx_spdifrx.o ABSOLUTE
    ..\\Device_lib\\src\\stm32f4xx_spi.c     0x00000000   Number         0  stm32f4xx_spi.o ABSOLUTE
    ..\\Device_lib\\src\\stm32f4xx_syscfg.c  0x00000000   Number         0  stm32f4xx_syscfg.o ABSOLUTE
    ..\\Device_lib\\src\\stm32f4xx_tim.c     0x00000000   Number         0  stm32f4xx_tim.o ABSOLUTE
    ..\\Device_lib\\src\\stm32f4xx_usart.c   0x00000000   Number         0  stm32f4xx_usart.o ABSOLUTE
    ..\\Device_lib\\src\\stm32f4xx_wwdg.c    0x00000000   Number         0  stm32f4xx_wwdg.o ABSOLUTE
    ..\\StartUP\\stm32f4xx_it.c              0x00000000   Number         0  stm32f4xx_it.o ABSOLUTE
    ..\\StartUP\\system_stm32f4xx.c          0x00000000   Number         0  system_stm32f4xx.o ABSOLUTE
    ..\\USB_LIB\\APP\\usb_bsp.c              0x00000000   Number         0  usb_bsp.o ABSOLUTE
    ..\\USB_LIB\\APP\\usbh_it.c              0x00000000   Number         0  usbh_it.o ABSOLUTE
    ..\\USB_LIB\\APP\\usbh_usr.c             0x00000000   Number         0  usbh_usr.o ABSOLUTE
    ..\\USB_LIB\\CLASS\\Core\\src\\usbh_core.c 0x00000000   Number         0  usbh_core.o ABSOLUTE
    ..\\USB_LIB\\CLASS\\Core\\src\\usbh_hcs.c 0x00000000   Number         0  usbh_hcs.o ABSOLUTE
    ..\\USB_LIB\\CLASS\\Core\\src\\usbh_ioreq.c 0x00000000   Number         0  usbh_ioreq.o ABSOLUTE
    ..\\USB_LIB\\CLASS\\Core\\src\\usbh_stdreq.c 0x00000000   Number         0  usbh_stdreq.o ABSOLUTE
    ..\\USB_LIB\\CLASS\\src\\usbh_msc_bot.c  0x00000000   Number         0  usbh_msc_bot.o ABSOLUTE
    ..\\USB_LIB\\CLASS\\src\\usbh_msc_core.c 0x00000000   Number         0  usbh_msc_core.o ABSOLUTE
    ..\\USB_LIB\\CLASS\\src\\usbh_msc_fatfs.c 0x00000000   Number         0  usbh_msc_fatfs.o ABSOLUTE
    ..\\USB_LIB\\CLASS\\src\\usbh_msc_scsi.c 0x00000000   Number         0  usbh_msc_scsi.o ABSOLUTE
    ..\\USB_LIB\\Driver\\src\\usb_core.c     0x00000000   Number         0  usb_core.o ABSOLUTE
    ..\\USB_LIB\\Driver\\src\\usb_hcd.c      0x00000000   Number         0  usb_hcd.o ABSOLUTE
    ..\\USB_LIB\\Driver\\src\\usb_hcd_int.c  0x00000000   Number         0  usb_hcd_int.o ABSOLUTE
    dc.s                                     0x00000000   Number         0  dc.o ABSOLUTE
    handlers.s                               0x00000000   Number         0  handlers.o ABSOLUTE
    init.s                                   0x00000000   Number         0  init.o ABSOLUTE
    RESET                                    0x08000000   Section      392  startup_stm32f40xx.o(RESET)
    .ARM.Collect$$$$00000000                 0x08000188   Section        0  entry.o(.ARM.Collect$$$$00000000)
    .ARM.Collect$$$$00000001                 0x08000188   Section        4  entry2.o(.ARM.Collect$$$$00000001)
    .ARM.Collect$$$$00000004                 0x0800018c   Section        4  entry5.o(.ARM.Collect$$$$00000004)
    .ARM.Collect$$$$00000008                 0x08000190   Section        0  entry7b.o(.ARM.Collect$$$$00000008)
    .ARM.Collect$$$$0000000A                 0x08000190   Section        0  entry8b.o(.ARM.Collect$$$$0000000A)
    .ARM.Collect$$$$0000000B                 0x08000190   Section        8  entry9a.o(.ARM.Collect$$$$0000000B)
    .ARM.Collect$$$$0000000D                 0x08000198   Section        0  entry10a.o(.ARM.Collect$$$$0000000D)
    .ARM.Collect$$$$0000000F                 0x08000198   Section        0  entry11a.o(.ARM.Collect$$$$0000000F)
    .ARM.Collect$$$$00002712                 0x08000198   Section        4  entry2.o(.ARM.Collect$$$$00002712)
    __lit__00000000                          0x08000198   Data           4  entry2.o(.ARM.Collect$$$$00002712)
    .text                                    0x0800019c   Section        0  main.o(.text)
    .text                                    0x080001a8   Section        0  iap_fun.o(.text)
    NVIC_SystemReset                         0x080001a9   Thumb Code    56  iap_fun.o(.text)
    __set_PRIMASK                            0x08000631   Thumb Code     6  iap_fun.o(.text)
    .text                                    0x08000638   Section        0  ff.o(.text)
    ld_word                                  0x08000639   Thumb Code    12  ff.o(.text)
    ld_dword                                 0x08000645   Thumb Code    24  ff.o(.text)
    st_word                                  0x0800065d   Thumb Code    12  ff.o(.text)
    st_dword                                 0x08000669   Thumb Code    24  ff.o(.text)
    mem_cpy                                  0x08000681   Thumb Code    26  ff.o(.text)
    mem_set                                  0x0800069b   Thumb Code    18  ff.o(.text)
    mem_cmp                                  0x080006ad   Thumb Code    36  ff.o(.text)
    chk_chr                                  0x080006d1   Thumb Code    20  ff.o(.text)
    dbc_1st                                  0x080006e5   Thumb Code    12  ff.o(.text)
    dbc_2nd                                  0x080006f1   Thumb Code    12  ff.o(.text)
    sync_window                              0x080006fd   Thumb Code    74  ff.o(.text)
    move_window                              0x08000747   Thumb Code    52  ff.o(.text)
    sync_fs                                  0x0800077b   Thumb Code   134  ff.o(.text)
    clst2sect                                0x08000801   Thumb Code    26  ff.o(.text)
    get_fat                                  0x0800081b   Thumb Code   224  ff.o(.text)
    put_fat                                  0x080008fb   Thumb Code   312  ff.o(.text)
    remove_chain                             0x08000a33   Thumb Code   154  ff.o(.text)
    create_chain                             0x08000acd   Thumb Code   298  ff.o(.text)
    dir_clear                                0x08000bf7   Thumb Code    96  ff.o(.text)
    dir_sdi                                  0x08000c57   Thumb Code   154  ff.o(.text)
    dir_next                                 0x08000cf1   Thumb Code   198  ff.o(.text)
    dir_alloc                                0x08000db7   Thumb Code    96  ff.o(.text)
    ld_clust                                 0x08000e17   Thumb Code    38  ff.o(.text)
    st_clust                                 0x08000e3d   Thumb Code    36  ff.o(.text)
    dir_read                                 0x08000e61   Thumb Code   116  ff.o(.text)
    dir_find                                 0x08000ed5   Thumb Code   108  ff.o(.text)
    dir_register                             0x08000f41   Thumb Code    60  ff.o(.text)
    dir_remove                               0x08000f7d   Thumb Code    32  ff.o(.text)
    get_fileinfo                             0x08000f9d   Thumb Code   140  ff.o(.text)
    create_name                              0x08001029   Thumb Code   256  ff.o(.text)
    follow_path                              0x08001129   Thumb Code   158  ff.o(.text)
    get_ldnumber                             0x080011c7   Thumb Code    76  ff.o(.text)
    check_fs                                 0x08001213   Thumb Code   112  ff.o(.text)
    find_volume                              0x08001283   Thumb Code   804  ff.o(.text)
    validate                                 0x080015a7   Thumb Code    60  ff.o(.text)
    .text                                    0x08002374   Section        0  diskio.o(.text)
    .text                                    0x0800239c   Section        0  usb_bsp.o(.text)
    USB_OTG_BSP_TimeInit                     0x0800239d   Thumb Code    60  usb_bsp.o(.text)
    BSP_SetTime                              0x08002451   Thumb Code   106  usb_bsp.o(.text)
    BSP_Delay                                0x080024bb   Thumb Code    38  usb_bsp.o(.text)
    .text                                    0x08002538   Section        0  usbh_usr.o(.text)
    Explore_Disk                             0x08002589   Thumb Code   150  usbh_usr.o(.text)
    .text                                    0x0800262c   Section        0  usbh_it.o(.text)
    .text                                    0x08002644   Section        0  usbh_core.o(.text)
    USBH_HandleEnum                          0x0800292f   Thumb Code   472  usbh_core.o(.text)
    .text                                    0x08002caa   Section        0  usbh_hcs.o(.text)
    USBH_GetFreeChannel                      0x08002da9   Thumb Code    40  usbh_hcs.o(.text)
    .text                                    0x08002e30   Section        0  usbh_ioreq.o(.text)
    USBH_SubmitSetupRequest                  0x08002e31   Thumb Code    24  usbh_ioreq.o(.text)
    .text                                    0x080031d8   Section        0  usbh_stdreq.o(.text)
    USBH_ParseDevDesc                        0x080031d9   Thumb Code    88  usbh_stdreq.o(.text)
    USBH_ParseEPDesc                         0x080032ad   Thumb Code    32  usbh_stdreq.o(.text)
    USBH_ParseInterfaceDesc                  0x080032cd   Thumb Code    38  usbh_stdreq.o(.text)
    USBH_ParseCfgDesc                        0x08003305   Thumb Code   274  usbh_stdreq.o(.text)
    USBH_ParseStringDesc                     0x0800346f   Thumb Code    54  usbh_stdreq.o(.text)
    .text                                    0x080035b0   Section        0  usbh_msc_bot.o(.text)
    .text                                    0x08003a04   Section        0  usbh_msc_core.o(.text)
    USBH_MSC_InterfaceInit                   0x08003a05   Thumb Code   202  usbh_msc_core.o(.text)
    USBH_MSC_InterfaceDeInit                 0x08003acf   Thumb Code    72  usbh_msc_core.o(.text)
    USBH_MSC_ClassRequest                    0x08003b17   Thumb Code    14  usbh_msc_core.o(.text)
    USBH_MSC_GETMaxLUN                       0x08003b5f   Thumb Code    40  usbh_msc_core.o(.text)
    USBH_MSC_BOTReset                        0x08003b87   Thumb Code    36  usbh_msc_core.o(.text)
    USBH_MSC_Handle                          0x08003bab   Thumb Code   406  usbh_msc_core.o(.text)
    .text                                    0x08003d50   Section        0  usbh_msc_fatfs.o(.text)
    .text                                    0x08003e58   Section        0  usbh_msc_scsi.o(.text)
    .text                                    0x0800434c   Section        0  usb_core.o(.text)
    USB_OTG_EnableCommonInt                  0x0800434d   Thumb Code    52  usb_core.o(.text)
    USB_OTG_CoreReset                        0x08004381   Thumb Code   108  usb_core.o(.text)
    .text                                    0x08004f8e   Section        0  usb_hcd.o(.text)
    .text                                    0x08005074   Section        0  usb_hcd_int.o(.text)
    USB_OTG_USBH_handle_IncompletePeriodicXfer_ISR 0x08005075   Thumb Code    70  usb_hcd_int.o(.text)
    USB_OTG_USBH_handle_Disconnect_ISR       0x080050bb   Thumb Code    40  usb_hcd_int.o(.text)
    USB_OTG_USBH_handle_port_ISR             0x080050e3   Thumb Code   282  usb_hcd_int.o(.text)
    USB_OTG_USBH_handle_hc_n_Out_ISR         0x080051fd   Thumb Code   984  usb_hcd_int.o(.text)
    USB_OTG_USBH_handle_hc_n_In_ISR          0x080055d5   Thumb Code  1066  usb_hcd_int.o(.text)
    USB_OTG_USBH_handle_hc_ISR               0x080059ff   Thumb Code    86  usb_hcd_int.o(.text)
    USB_OTG_USBH_handle_ptxfempty_ISR        0x08005a55   Thumb Code   302  usb_hcd_int.o(.text)
    USB_OTG_USBH_handle_nptxfempty_ISR       0x08005b83   Thumb Code   302  usb_hcd_int.o(.text)
    USB_OTG_USBH_handle_rx_qlvl_ISR          0x08005cb1   Thumb Code   356  usb_hcd_int.o(.text)
    USB_OTG_USBH_handle_sof_ISR              0x08005e15   Thumb Code    38  usb_hcd_int.o(.text)
    .text                                    0x08005ee8   Section        0  misc.o(.text)
    .text                                    0x08005fc8   Section        0  stm32f4xx_flash.o(.text)
    .text                                    0x0800665c   Section        0  stm32f4xx_gpio.o(.text)
    .text                                    0x080068f0   Section        0  stm32f4xx_rcc.o(.text)
    .text                                    0x08006f4c   Section        0  stm32f4xx_tim.o(.text)
    TI4_Config                               0x080076eb   Thumb Code    80  stm32f4xx_tim.o(.text)
    TI3_Config                               0x0800774d   Thumb Code    72  stm32f4xx_tim.o(.text)
    TI2_Config                               0x080077af   Thumb Code    90  stm32f4xx_tim.o(.text)
    TI1_Config                               0x0800781b   Thumb Code    58  stm32f4xx_tim.o(.text)
    .text                                    0x08007bee   Section        0  stm32f4xx_it.o(.text)
    .text                                    0x08007c08   Section        0  system_stm32f4xx.o(.text)
    SetSysClock                              0x08007c09   Thumb Code   220  system_stm32f4xx.o(.text)
    .text                                    0x08007e18   Section       36  startup_stm32f40xx.o(.text)
    $v0                                      0x08007e18   Number         0  startup_stm32f40xx.o(.text)
    .text                                    0x08007e3c   Section        0  bsp_gpio.o(.text)
    .text                                    0x08007eb8   Section        0  strcpy.o(.text)
    .text                                    0x08007ecc   Section       36  init.o(.text)
    i.__scatterload_copy                     0x08007ef0   Section       14  handlers.o(i.__scatterload_copy)
    i.__scatterload_null                     0x08007efe   Section        2  handlers.o(i.__scatterload_null)
    i.__scatterload_zeroinit                 0x08007f00   Section       14  handlers.o(i.__scatterload_zeroinit)
    .constdata                               0x08007f0e   Section      512  iap_fun.o(.constdata)
    .constdata                               0x0800810e   Section      128  ff.o(.constdata)
    ExCvt                                    0x0800810e   Data         128  ff.o(.constdata)
    .data                                    0x20000000   Section       24  iap_fun.o(.data)
    RunAPPflag                               0x20000000   Data           1  iap_fun.o(.data)
    RunWait                                  0x20000004   Data           4  iap_fun.o(.data)
    fr                                       0x20000008   Data           1  iap_fun.o(.data)
    br                                       0x2000000c   Data           4  iap_fun.o(.data)
    IAP_run_step                             0x20000010   Data           1  iap_fun.o(.data)
    .data                                    0x20000018   Section        6  ff.o(.data)
    FatFs                                    0x20000018   Data           4  ff.o(.data)
    Fsid                                     0x2000001c   Data           2  ff.o(.data)
    .data                                    0x20000020   Section        8  usb_bsp.o(.data)
    .data                                    0x20000028   Section       77  usbh_usr.o(.data)
    startup                                  0x20000074   Data           1  usbh_usr.o(.data)
    .data                                    0x20000078   Section       18  usbh_core.o(.data)
    timeout                                  0x20000088   Data           2  usbh_core.o(.data)
    .data                                    0x2000008a   Section        3  usbh_stdreq.o(.data)
    prev_ep_size                             0x2000008a   Data           2  usbh_stdreq.o(.data)
    prev_itf                                 0x2000008c   Data           1  usbh_stdreq.o(.data)
    .data                                    0x20000090   Section       17  usbh_msc_bot.o(.data)
    BOTStallErrorCount                       0x20000090   Data           4  usbh_msc_bot.o(.data)
    remainingDataLength                      0x20000094   Data           4  usbh_msc_bot.o(.data)
    datapointer                              0x20000098   Data           4  usbh_msc_bot.o(.data)
    datapointer_prev                         0x2000009c   Data           4  usbh_msc_bot.o(.data)
    error_direction                          0x200000a0   Data           1  usbh_msc_bot.o(.data)
    .data                                    0x200000a4   Section       29  usbh_msc_core.o(.data)
    maxLunExceed                             0x200000c0   Data           1  usbh_msc_core.o(.data)
    .data                                    0x200000c1   Section        1  usbh_msc_fatfs.o(.data)
    Stat                                     0x200000c1   Data           1  usbh_msc_fatfs.o(.data)
    .data                                    0x200000c2   Section        1  usbh_msc_scsi.o(.data)
    status                                   0x200000c2   Data           1  usbh_msc_scsi.o(.data)
    .data                                    0x200000c3   Section       16  stm32f4xx_rcc.o(.data)
    APBAHBPrescTable                         0x200000c3   Data          16  stm32f4xx_rcc.o(.data)
    .data                                    0x200000d4   Section       20  system_stm32f4xx.o(.data)
    .bss                                     0x200000e8   Section     5208  iap_fun.o(.bss)
    fs                                       0x200000e8   Data         560  iap_fun.o(.bss)
    fsrc                                     0x20000318   Data         552  iap_fun.o(.bss)
    buffer                                   0x20000540   Data        4096  iap_fun.o(.bss)
    .bss                                     0x20001540   Section     3224  usbh_usr.o(.bss)
    .bss                                     0x200021d8   Section      512  usbh_stdreq.o(.bss)
    .bss                                     0x200023d8   Section       64  usbh_msc_bot.o(.bss)
    .bss                                     0x20002418   Section      522  usbh_msc_core.o(.bss)
    .bss                                     0x20002624   Section     1040  usbh_msc_scsi.o(.bss)
    STACK                                    0x20002a38   Section     1024  startup_stm32f40xx.o(STACK)

    Global Symbols

    Symbol Name                              Value     Ov Type        Size  Object(Section)

    BuildAttributes$$THM_ISAv4$E$P$D$K$B$S$7EM$VFPi3$EXTD16$VFPS$VFMA$PE$A:L22UL41UL21$X:L11$S22US41US21$IEEE1$IW$USESV6$~STKCKD$USESV7$~SHL$OSPACE$EBA8$MICROLIB$REQ8$PRES8$EABIv2 0x00000000   Number         0  anon$$obj.o ABSOLUTE
    __ARM_use_no_argv                        0x00000000   Number         0  main.o ABSOLUTE
    __cpp_initialize__aeabi_                  - Undefined Weak Reference
    __cxa_finalize                            - Undefined Weak Reference
    __decompress                              - Undefined Weak Reference
    _clock_init                               - Undefined Weak Reference
    _microlib_exit                            - Undefined Weak Reference
    __Vectors_Size                           0x00000188   Number         0  startup_stm32f40xx.o ABSOLUTE
    __Vectors                                0x08000000   Data           4  startup_stm32f40xx.o(RESET)
    __Vectors_End                            0x08000188   Data           0  startup_stm32f40xx.o(RESET)
    __main                                   0x08000189   Thumb Code     0  entry.o(.ARM.Collect$$$$00000000)
    _main_stk                                0x08000189   Thumb Code     0  entry2.o(.ARM.Collect$$$$00000001)
    _main_scatterload                        0x0800018d   Thumb Code     0  entry5.o(.ARM.Collect$$$$00000004)
    __main_after_scatterload                 0x08000191   Thumb Code     0  entry5.o(.ARM.Collect$$$$00000004)
    _main_clock                              0x08000191   Thumb Code     0  entry7b.o(.ARM.Collect$$$$00000008)
    _main_cpp_init                           0x08000191   Thumb Code     0  entry8b.o(.ARM.Collect$$$$0000000A)
    _main_init                               0x08000191   Thumb Code     0  entry9a.o(.ARM.Collect$$$$0000000B)
    __rt_final_cpp                           0x08000199   Thumb Code     0  entry10a.o(.ARM.Collect$$$$0000000D)
    __rt_final_exit                          0x08000199   Thumb Code     0  entry11a.o(.ARM.Collect$$$$0000000F)
    main                                     0x0800019d   Thumb Code    12  main.o(.text)
    IAP_Init                                 0x080001e1   Thumb Code    66  iap_fun.o(.text)
    IAP_fun_run                              0x08000223   Thumb Code   154  iap_fun.o(.text)
    GetSector                                0x080002bd   Thumb Code   182  iap_fun.o(.text)
    IAP_FlashWritSome                        0x08000373   Thumb Code   122  iap_fun.o(.text)
    USB_IAP_APP                              0x080003ed   Thumb Code   326  iap_fun.o(.text)
    IAP_CRC16                                0x08000533   Thumb Code    72  iap_fun.o(.text)
    IAP_FlashReadSome                        0x0800057b   Thumb Code   182  iap_fun.o(.text)
    f_mount                                  0x080015e3   Thumb Code    80  ff.o(.text)
    f_open                                   0x08001633   Thumb Code   478  ff.o(.text)
    f_read                                   0x08001811   Thumb Code   432  ff.o(.text)
    f_write                                  0x080019c1   Thumb Code   478  ff.o(.text)
    f_sync                                   0x08001b9f   Thumb Code   156  ff.o(.text)
    f_close                                  0x08001c3b   Thumb Code    34  ff.o(.text)
    f_lseek                                  0x08001c5d   Thumb Code   388  ff.o(.text)
    f_opendir                                0x08001de1   Thumb Code   108  ff.o(.text)
    f_closedir                               0x08001e4d   Thumb Code    24  ff.o(.text)
    f_readdir                                0x08001e65   Thumb Code    78  ff.o(.text)
    f_stat                                   0x08001eb3   Thumb Code    62  ff.o(.text)
    f_getfree                                0x08001ef1   Thumb Code   252  ff.o(.text)
    f_truncate                               0x08001fed   Thumb Code   178  ff.o(.text)
    f_unlink                                 0x0800209f   Thumb Code   170  ff.o(.text)
    f_mkdir                                  0x08002149   Thumb Code   268  ff.o(.text)
    f_rename                                 0x08002255   Thumb Code   282  ff.o(.text)
    disk_ioctl                               0x08002375   Thumb Code    18  diskio.o(.text)
    USB_disk_status                          0x08002387   Thumb Code     4  diskio.o(.text)
    USB_disk_initialize                      0x0800238b   Thumb Code     4  diskio.o(.text)
    USB_disk_read                            0x0800238f   Thumb Code     6  diskio.o(.text)
    USB_disk_write                           0x08002395   Thumb Code     6  diskio.o(.text)
    USB_OTG_BSP_Init                         0x080023d9   Thumb Code    72  usb_bsp.o(.text)
    USB_OTG_BSP_EnableInterrupt              0x08002421   Thumb Code    44  usb_bsp.o(.text)
    USB_OTG_BSP_DriveVBUS                    0x0800244d   Thumb Code     2  usb_bsp.o(.text)
    USB_OTG_BSP_ConfigVBUS                   0x0800244f   Thumb Code     2  usb_bsp.o(.text)
    USB_OTG_BSP_uDelay                       0x080024e1   Thumb Code    14  usb_bsp.o(.text)
    USB_OTG_BSP_mDelay                       0x080024ef   Thumb Code    14  usb_bsp.o(.text)
    USB_OTG_BSP_TimerIRQ                     0x080024fd   Thumb Code    50  usb_bsp.o(.text)
    USBH_USR_Init                            0x08002539   Thumb Code    14  usbh_usr.o(.text)
    USBH_USR_DeviceAttached                  0x08002547   Thumb Code     2  usbh_usr.o(.text)
    USBH_USR_UnrecoveredError                0x08002549   Thumb Code     2  usbh_usr.o(.text)
    USBH_USR_DeviceDisconnected              0x0800254b   Thumb Code     2  usbh_usr.o(.text)
    USBH_USR_ResetDevice                     0x0800254d   Thumb Code     2  usbh_usr.o(.text)
    USBH_USR_DeviceSpeedDetected             0x0800254f   Thumb Code    10  usbh_usr.o(.text)
    USBH_USR_Device_DescAvailable            0x08002559   Thumb Code     2  usbh_usr.o(.text)
    USBH_USR_DeviceAddressAssigned           0x0800255b   Thumb Code     2  usbh_usr.o(.text)
    USBH_USR_Configuration_DescAvailable     0x0800255d   Thumb Code    16  usbh_usr.o(.text)
    USBH_USR_Manufacturer_String             0x0800256d   Thumb Code     2  usbh_usr.o(.text)
    USBH_USR_Product_String                  0x0800256f   Thumb Code     2  usbh_usr.o(.text)
    USBH_USR_SerialNum_String                0x08002571   Thumb Code     2  usbh_usr.o(.text)
    USBH_USR_EnumerationDone                 0x08002573   Thumb Code     2  usbh_usr.o(.text)
    USBH_USR_DeviceNotSupported              0x08002575   Thumb Code     2  usbh_usr.o(.text)
    USBH_USR_UserInput                       0x08002577   Thumb Code     6  usbh_usr.o(.text)
    USBH_USR_OverCurrentDetected             0x0800257d   Thumb Code     2  usbh_usr.o(.text)
    USBH_USR_MSC_Application                 0x0800257f   Thumb Code    10  usbh_usr.o(.text)
    USBH_USR_DeInit                          0x0800261f   Thumb Code     2  usbh_usr.o(.text)
    TIM2_IRQHandler                          0x0800262d   Thumb Code     8  usbh_it.o(.text)
    OTG_HS_IRQHandler                        0x08002635   Thumb Code    10  usbh_it.o(.text)
    USBH_Connected                           0x08002645   Thumb Code    12  usbh_core.o(.text)
    USBH_Disconnected                        0x08002651   Thumb Code    12  usbh_core.o(.text)
    USBH_SOF                                 0x0800265d   Thumb Code     6  usbh_core.o(.text)
    USBH_DeInit                              0x08002663   Thumb Code    58  usbh_core.o(.text)
    USBH_Init                                0x0800269d   Thumb Code    68  usbh_core.o(.text)
    USBH_HandleControl                       0x080026e1   Thumb Code   544  usbh_core.o(.text)
    USBH_ErrorHandle                         0x08002901   Thumb Code    46  usbh_core.o(.text)
    USBH_Process                             0x08002b07   Thumb Code   420  usbh_core.o(.text)
    USBH_Open_Channel                        0x08002cab   Thumb Code   154  usbh_hcs.o(.text)
    USBH_Modify_Channel                      0x08002d45   Thumb Code   100  usbh_hcs.o(.text)
    USBH_Alloc_Channel                       0x08002dd1   Thumb Code    38  usbh_hcs.o(.text)
    USBH_Free_Channel                        0x08002df7   Thumb Code    30  usbh_hcs.o(.text)
    USBH_DeAllocate_AllChannel               0x08002e15   Thumb Code    28  usbh_hcs.o(.text)
    USBH_CtlReq                              0x08002e49   Thumb Code   100  usbh_ioreq.o(.text)
    USBH_CtlSendSetup                        0x08002ead   Thumb Code    66  usbh_ioreq.o(.text)
    USBH_CtlSendData                         0x08002eef   Thumb Code   110  usbh_ioreq.o(.text)
    USBH_CtlReceiveData                      0x08002f5d   Thumb Code    70  usbh_ioreq.o(.text)
    USBH_BulkSendData                        0x08002fa3   Thumb Code    94  usbh_ioreq.o(.text)
    USBH_BulkReceiveData                     0x08003001   Thumb Code    96  usbh_ioreq.o(.text)
    USBH_InterruptReceiveData                0x08003061   Thumb Code   120  usbh_ioreq.o(.text)
    USBH_InterruptSendData                   0x080030d9   Thumb Code   118  usbh_ioreq.o(.text)
    USBH_IsocReceiveData                     0x0800314f   Thumb Code    70  usbh_ioreq.o(.text)
    USBH_IsocSendData                        0x08003195   Thumb Code    68  usbh_ioreq.o(.text)
    USBH_GetDescriptor                       0x08003231   Thumb Code    68  usbh_stdreq.o(.text)
    USBH_Get_DevDesc                         0x08003275   Thumb Code    56  usbh_stdreq.o(.text)
    USBH_GetNextDesc                         0x080032f3   Thumb Code    18  usbh_stdreq.o(.text)
    USBH_Get_CfgDesc                         0x08003417   Thumb Code    88  usbh_stdreq.o(.text)
    USBH_Get_StringDesc                      0x080034a5   Thumb Code    60  usbh_stdreq.o(.text)
    USBH_SetAddress                          0x080034e1   Thumb Code    38  usbh_stdreq.o(.text)
    USBH_SetCfg                              0x08003507   Thumb Code    38  usbh_stdreq.o(.text)
    USBH_SetInterface                        0x0800352d   Thumb Code    44  usbh_stdreq.o(.text)
    USBH_ClrFeature                          0x08003559   Thumb Code    76  usbh_stdreq.o(.text)
    USBH_MSC_Init                            0x080035b1   Thumb Code    44  usbh_msc_bot.o(.text)
    USBH_MSC_BOT_Abort                       0x080035dd   Thumb Code    86  usbh_msc_bot.o(.text)
    USBH_MSC_DecodeCSW                       0x08003633   Thumb Code   108  usbh_msc_bot.o(.text)
    USBH_MSC_HandleBOTXfer                   0x0800369f   Thumb Code   866  usbh_msc_bot.o(.text)
    USBH_MSC_ErrorHandle                     0x08003b25   Thumb Code    58  usbh_msc_core.o(.text)
    disk_initialize                          0x08003d51   Thumb Code    30  usbh_msc_fatfs.o(.text)
    disk_status                              0x08003d6f   Thumb Code    14  usbh_msc_fatfs.o(.text)
    disk_read                                0x08003d7d   Thumb Code    96  usbh_msc_fatfs.o(.text)
    disk_write                               0x08003ddd   Thumb Code   110  usbh_msc_fatfs.o(.text)
    USBH_MSC_TestUnitReady                   0x08003e59   Thumb Code   162  usbh_msc_scsi.o(.text)
    USBH_MSC_ReadCapacity10                  0x08003efb   Thumb Code   202  usbh_msc_scsi.o(.text)
    USBH_MSC_ModeSense6                      0x08003fc5   Thumb Code   192  usbh_msc_scsi.o(.text)
    USBH_MSC_RequestSense                    0x08004085   Thumb Code   208  usbh_msc_scsi.o(.text)
    USBH_MSC_Write10                         0x08004155   Thumb Code   218  usbh_msc_scsi.o(.text)
    USBH_MSC_Read10                          0x0800422f   Thumb Code   272  usbh_msc_scsi.o(.text)
    USB_OTG_WritePacket                      0x080043ed   Thumb Code    64  usb_core.o(.text)
    USB_OTG_ReadPacket                       0x0800442d   Thumb Code    40  usb_core.o(.text)
    USB_OTG_SelectCore                       0x08004455   Thumb Code   212  usb_core.o(.text)
    USB_OTG_CoreInit                         0x08004529   Thumb Code   306  usb_core.o(.text)
    USB_OTG_EnableGlobalInt                  0x0800465b   Thumb Code    34  usb_core.o(.text)
    USB_OTG_DisableGlobalInt                 0x0800467d   Thumb Code    34  usb_core.o(.text)
    USB_OTG_FlushTxFifo                      0x0800469f   Thumb Code    80  usb_core.o(.text)
    USB_OTG_FlushRxFifo                      0x080046ef   Thumb Code    70  usb_core.o(.text)
    USB_OTG_SetCurrentMode                   0x08004735   Thumb Code    88  usb_core.o(.text)
    USB_OTG_GetMode                          0x0800478d   Thumb Code    12  usb_core.o(.text)
    USB_OTG_IsDeviceMode                     0x08004799   Thumb Code    22  usb_core.o(.text)
    USB_OTG_IsHostMode                       0x080047af   Thumb Code    20  usb_core.o(.text)
    USB_OTG_ReadCoreItr                      0x080047c3   Thumb Code    16  usb_core.o(.text)
    USB_OTG_ReadOtgItr                       0x080047d3   Thumb Code     8  usb_core.o(.text)
    USB_OTG_EnableHostInt                    0x080047db   Thumb Code   116  usb_core.o(.text)
    USB_OTG_ReadHPRT0                        0x0800484f   Thumb Code    48  usb_core.o(.text)
    USB_OTG_DriveVbus                        0x0800487f   Thumb Code    92  usb_core.o(.text)
    USB_OTG_ResetPort                        0x080048db   Thumb Code    64  usb_core.o(.text)
    USB_OTG_InitFSLSPClkSel                  0x0800491b   Thumb Code    24  usb_core.o(.text)
    USB_OTG_CoreInitHost                     0x08004933   Thumb Code   218  usb_core.o(.text)
    USB_OTG_IsEvenFrame                      0x08004a0d   Thumb Code    16  usb_core.o(.text)
    USB_OTG_ReadHostAllChannels_intr         0x08004a1d   Thumb Code     8  usb_core.o(.text)
    USB_OTG_HC_Init                          0x08004a25   Thumb Code   568  usb_core.o(.text)
    USB_OTG_HC_StartXfer                     0x08004c5d   Thumb Code   502  usb_core.o(.text)
    USB_OTG_HC_Halt                          0x08004e53   Thumb Code   130  usb_core.o(.text)
    USB_OTG_HC_DoPing                        0x08004ed5   Thumb Code    90  usb_core.o(.text)
    USB_OTG_StopHost                         0x08004f2f   Thumb Code    96  usb_core.o(.text)
    HCD_Init                                 0x08004f8f   Thumb Code    96  usb_hcd.o(.text)
    HCD_GetCurrentSpeed                      0x08004fef   Thumb Code    20  usb_hcd.o(.text)
    HCD_ResetPort                            0x08005003   Thumb Code    14  usb_hcd.o(.text)
    HCD_IsDeviceConnected                    0x08005011   Thumb Code     8  usb_hcd.o(.text)
    HCD_GetCurrentFrame                      0x08005019   Thumb Code    10  usb_hcd.o(.text)
    HCD_GetURB_State                         0x08005023   Thumb Code    10  usb_hcd.o(.text)
    HCD_GetXferCnt                           0x0800502d   Thumb Code    12  usb_hcd.o(.text)
    HCD_GetHCState                           0x08005039   Thumb Code    10  usb_hcd.o(.text)
    HCD_HC_Init                              0x08005043   Thumb Code    16  usb_hcd.o(.text)
    HCD_SubmitRequest                        0x08005053   Thumb Code    32  usb_hcd.o(.text)
    USBH_OTG_ISR_Handler                     0x08005e3b   Thumb Code   168  usb_hcd_int.o(.text)
    NVIC_PriorityGroupConfig                 0x08005ee9   Thumb Code    10  misc.o(.text)
    NVIC_Init                                0x08005ef3   Thumb Code   106  misc.o(.text)
    NVIC_SetVectorTable                      0x08005f5d   Thumb Code    14  misc.o(.text)
    NVIC_SystemLPConfig                      0x08005f6b   Thumb Code    34  misc.o(.text)
    SysTick_CLKSourceConfig                  0x08005f8d   Thumb Code    40  misc.o(.text)
    FLASH_SetLatency                         0x08005fc9   Thumb Code     6  stm32f4xx_flash.o(.text)
    FLASH_PrefetchBufferCmd                  0x08005fcf   Thumb Code    30  stm32f4xx_flash.o(.text)
    FLASH_InstructionCacheCmd                0x08005fed   Thumb Code    30  stm32f4xx_flash.o(.text)
    FLASH_DataCacheCmd                       0x0800600b   Thumb Code    30  stm32f4xx_flash.o(.text)
    FLASH_InstructionCacheReset              0x08006029   Thumb Code    14  stm32f4xx_flash.o(.text)
    FLASH_DataCacheReset                     0x08006037   Thumb Code    14  stm32f4xx_flash.o(.text)
    FLASH_Unlock                             0x08006045   Thumb Code    26  stm32f4xx_flash.o(.text)
    FLASH_Lock                               0x0800605f   Thumb Code    18  stm32f4xx_flash.o(.text)
    FLASH_GetStatus                          0x08006071   Thumb Code    90  stm32f4xx_flash.o(.text)
    FLASH_WaitForLastOperation               0x080060cb   Thumb Code    34  stm32f4xx_flash.o(.text)
    FLASH_EraseSector                        0x080060ed   Thumb Code   140  stm32f4xx_flash.o(.text)
    FLASH_EraseAllSectors                    0x08006179   Thumb Code   112  stm32f4xx_flash.o(.text)
    FLASH_EraseAllBank1Sectors               0x080061e9   Thumb Code   112  stm32f4xx_flash.o(.text)
    FLASH_EraseAllBank2Sectors               0x08006259   Thumb Code   112  stm32f4xx_flash.o(.text)
    FLASH_ProgramDoubleWord                  0x080062c9   Thumb Code    86  stm32f4xx_flash.o(.text)
    FLASH_ProgramWord                        0x0800631f   Thumb Code    82  stm32f4xx_flash.o(.text)
    FLASH_ProgramHalfWord                    0x08006371   Thumb Code    96  stm32f4xx_flash.o(.text)
    FLASH_ProgramByte                        0x080063d1   Thumb Code    70  stm32f4xx_flash.o(.text)
    FLASH_OB_Unlock                          0x08006417   Thumb Code    26  stm32f4xx_flash.o(.text)
    FLASH_OB_Lock                            0x08006431   Thumb Code    18  stm32f4xx_flash.o(.text)
    FLASH_OB_WRPConfig                       0x08006443   Thumb Code    54  stm32f4xx_flash.o(.text)
    FLASH_OB_WRP1Config                      0x08006479   Thumb Code    54  stm32f4xx_flash.o(.text)
    FLASH_OB_PCROPSelectionConfig            0x080064af   Thumb Code    24  stm32f4xx_flash.o(.text)
    FLASH_OB_PCROPConfig                     0x080064c7   Thumb Code    54  stm32f4xx_flash.o(.text)
    FLASH_OB_PCROP1Config                    0x080064fd   Thumb Code    54  stm32f4xx_flash.o(.text)
    FLASH_OB_RDPConfig                       0x08006533   Thumb Code    24  stm32f4xx_flash.o(.text)
    FLASH_OB_UserConfig                      0x0800654b   Thumb Code    46  stm32f4xx_flash.o(.text)
    FLASH_OB_BootConfig                      0x08006579   Thumb Code    26  stm32f4xx_flash.o(.text)
    FLASH_OB_BORConfig                       0x08006593   Thumb Code    26  stm32f4xx_flash.o(.text)
    FLASH_OB_Launch                          0x080065ad   Thumb Code    30  stm32f4xx_flash.o(.text)
    FLASH_OB_GetUser                         0x080065cb   Thumb Code    12  stm32f4xx_flash.o(.text)
    FLASH_OB_GetWRP                          0x080065d7   Thumb Code     8  stm32f4xx_flash.o(.text)
    FLASH_OB_GetWRP1                         0x080065df   Thumb Code     8  stm32f4xx_flash.o(.text)
    FLASH_OB_GetPCROP                        0x080065e7   Thumb Code     8  stm32f4xx_flash.o(.text)
    FLASH_OB_GetPCROP1                       0x080065ef   Thumb Code     8  stm32f4xx_flash.o(.text)
    FLASH_OB_GetRDP                          0x080065f7   Thumb Code    20  stm32f4xx_flash.o(.text)
    FLASH_OB_GetBOR                          0x0800660b   Thumb Code    12  stm32f4xx_flash.o(.text)
    FLASH_ITConfig                           0x08006617   Thumb Code    26  stm32f4xx_flash.o(.text)
    FLASH_GetFlagStatus                      0x08006631   Thumb Code    22  stm32f4xx_flash.o(.text)
    FLASH_ClearFlag                          0x08006647   Thumb Code     8  stm32f4xx_flash.o(.text)
    GPIO_DeInit                              0x0800665d   Thumb Code   268  stm32f4xx_gpio.o(.text)
    GPIO_Init                                0x08006769   Thumb Code   144  stm32f4xx_gpio.o(.text)
    GPIO_StructInit                          0x080067f9   Thumb Code    18  stm32f4xx_gpio.o(.text)
    GPIO_PinLockConfig                       0x0800680b   Thumb Code    34  stm32f4xx_gpio.o(.text)
    GPIO_ReadInputDataBit                    0x0800682d   Thumb Code    18  stm32f4xx_gpio.o(.text)
    GPIO_ReadInputData                       0x0800683f   Thumb Code     8  stm32f4xx_gpio.o(.text)
    GPIO_ReadOutputDataBit                   0x08006847   Thumb Code    18  stm32f4xx_gpio.o(.text)
    GPIO_ReadOutputData                      0x08006859   Thumb Code     8  stm32f4xx_gpio.o(.text)
    GPIO_SetBits                             0x08006861   Thumb Code     4  stm32f4xx_gpio.o(.text)
    GPIO_ResetBits                           0x08006865   Thumb Code     4  stm32f4xx_gpio.o(.text)
    GPIO_WriteBit                            0x08006869   Thumb Code    10  stm32f4xx_gpio.o(.text)
    GPIO_Write                               0x08006873   Thumb Code     4  stm32f4xx_gpio.o(.text)
    GPIO_ToggleBits                          0x08006877   Thumb Code     8  stm32f4xx_gpio.o(.text)
    GPIO_PinAFConfig                         0x0800687f   Thumb Code    70  stm32f4xx_gpio.o(.text)
    RCC_DeInit                               0x080068f1   Thumb Code    82  stm32f4xx_rcc.o(.text)
    RCC_HSEConfig                            0x08006943   Thumb Code    14  stm32f4xx_rcc.o(.text)
    RCC_GetFlagStatus                        0x08006951   Thumb Code    60  stm32f4xx_rcc.o(.text)
    RCC_WaitForHSEStartUp                    0x0800698d   Thumb Code    56  stm32f4xx_rcc.o(.text)
    RCC_AdjustHSICalibrationValue            0x080069c5   Thumb Code    20  stm32f4xx_rcc.o(.text)
    RCC_HSICmd                               0x080069d9   Thumb Code     6  stm32f4xx_rcc.o(.text)
    RCC_LSEConfig                            0x080069df   Thumb Code    46  stm32f4xx_rcc.o(.text)
    RCC_LSICmd                               0x08006a0d   Thumb Code     6  stm32f4xx_rcc.o(.text)
    RCC_PLLConfig                            0x08006a13   Thumb Code    32  stm32f4xx_rcc.o(.text)
    RCC_PLLCmd                               0x08006a33   Thumb Code     6  stm32f4xx_rcc.o(.text)
    RCC_PLLI2SConfig                         0x08006a39   Thumb Code    14  stm32f4xx_rcc.o(.text)
    RCC_PLLI2SCmd                            0x08006a47   Thumb Code     6  stm32f4xx_rcc.o(.text)
    RCC_PLLSAIConfig                         0x08006a4d   Thumb Code    20  stm32f4xx_rcc.o(.text)
    RCC_PLLSAICmd                            0x08006a61   Thumb Code     6  stm32f4xx_rcc.o(.text)
    RCC_ClockSecuritySystemCmd               0x08006a67   Thumb Code     6  stm32f4xx_rcc.o(.text)
    RCC_MCO1Config                           0x08006a6d   Thumb Code    28  stm32f4xx_rcc.o(.text)
    RCC_MCO2Config                           0x08006a89   Thumb Code    28  stm32f4xx_rcc.o(.text)
    RCC_SYSCLKConfig                         0x08006aa5   Thumb Code    20  stm32f4xx_rcc.o(.text)
    RCC_GetSYSCLKSource                      0x08006ab9   Thumb Code    12  stm32f4xx_rcc.o(.text)
    RCC_HCLKConfig                           0x08006ac5   Thumb Code    20  stm32f4xx_rcc.o(.text)
    RCC_PCLK1Config                          0x08006ad9   Thumb Code    20  stm32f4xx_rcc.o(.text)
    RCC_PCLK2Config                          0x08006aed   Thumb Code    22  stm32f4xx_rcc.o(.text)
    RCC_GetClocksFreq                        0x08006b03   Thumb Code   222  stm32f4xx_rcc.o(.text)
    RCC_RTCCLKConfig                         0x08006be1   Thumb Code    54  stm32f4xx_rcc.o(.text)
    RCC_RTCCLKCmd                            0x08006c17   Thumb Code     8  stm32f4xx_rcc.o(.text)
    RCC_BackupResetCmd                       0x08006c1f   Thumb Code     8  stm32f4xx_rcc.o(.text)
    RCC_I2SCLKConfig                         0x08006c27   Thumb Code     6  stm32f4xx_rcc.o(.text)
    RCC_SAIBlockACLKConfig                   0x08006c2d   Thumb Code    20  stm32f4xx_rcc.o(.text)
    RCC_SAIBlockBCLKConfig                   0x08006c41   Thumb Code    20  stm32f4xx_rcc.o(.text)
    RCC_SAIPLLI2SClkDivConfig                0x08006c55   Thumb Code    26  stm32f4xx_rcc.o(.text)
    RCC_SAIPLLSAIClkDivConfig                0x08006c6f   Thumb Code    28  stm32f4xx_rcc.o(.text)
    RCC_LTDCCLKDivConfig                     0x08006c8b   Thumb Code    20  stm32f4xx_rcc.o(.text)
    RCC_TIMCLKPresConfig                     0x08006c9f   Thumb Code     6  stm32f4xx_rcc.o(.text)
    RCC_AHB1PeriphClockCmd                   0x08006ca5   Thumb Code    34  stm32f4xx_rcc.o(.text)
    RCC_AHB2PeriphClockCmd                   0x08006cc7   Thumb Code    78  stm32f4xx_rcc.o(.text)
    RCC_AHB3PeriphClockCmd                   0x08006d15   Thumb Code    34  stm32f4xx_rcc.o(.text)
    RCC_APB1PeriphClockCmd                   0x08006d37   Thumb Code    34  stm32f4xx_rcc.o(.text)
    RCC_APB2PeriphClockCmd                   0x08006d59   Thumb Code    34  stm32f4xx_rcc.o(.text)
    RCC_AHB1PeriphResetCmd                   0x08006d7b   Thumb Code    34  stm32f4xx_rcc.o(.text)
    RCC_AHB2PeriphResetCmd                   0x08006d9d   Thumb Code    34  stm32f4xx_rcc.o(.text)
    RCC_AHB3PeriphResetCmd                   0x08006dbf   Thumb Code    34  stm32f4xx_rcc.o(.text)
    RCC_APB1PeriphResetCmd                   0x08006de1   Thumb Code    34  stm32f4xx_rcc.o(.text)
    RCC_APB2PeriphResetCmd                   0x08006e03   Thumb Code    34  stm32f4xx_rcc.o(.text)
    RCC_AHB1PeriphClockLPModeCmd             0x08006e25   Thumb Code    34  stm32f4xx_rcc.o(.text)
    RCC_AHB2PeriphClockLPModeCmd             0x08006e47   Thumb Code    34  stm32f4xx_rcc.o(.text)
    RCC_AHB3PeriphClockLPModeCmd             0x08006e69   Thumb Code    34  stm32f4xx_rcc.o(.text)
    RCC_APB1PeriphClockLPModeCmd             0x08006e8b   Thumb Code    34  stm32f4xx_rcc.o(.text)
    RCC_APB2PeriphClockLPModeCmd             0x08006ead   Thumb Code    34  stm32f4xx_rcc.o(.text)
    RCC_LSEModeConfig                        0x08006ecf   Thumb Code    40  stm32f4xx_rcc.o(.text)
    RCC_ITConfig                             0x08006ef7   Thumb Code    34  stm32f4xx_rcc.o(.text)
    RCC_ClearFlag                            0x08006f19   Thumb Code    18  stm32f4xx_rcc.o(.text)
    RCC_GetITStatus                          0x08006f2b   Thumb Code    22  stm32f4xx_rcc.o(.text)
    RCC_ClearITPendingBit                    0x08006f41   Thumb Code     8  stm32f4xx_rcc.o(.text)
    TIM_DeInit                               0x08006f4d   Thumb Code   346  stm32f4xx_tim.o(.text)
    TIM_TimeBaseInit                         0x080070a7   Thumb Code   104  stm32f4xx_tim.o(.text)
    TIM_TimeBaseStructInit                   0x0800710f   Thumb Code    18  stm32f4xx_tim.o(.text)
    TIM_PrescalerConfig                      0x08007121   Thumb Code     6  stm32f4xx_tim.o(.text)
    TIM_CounterModeConfig                    0x08007127   Thumb Code    18  stm32f4xx_tim.o(.text)
    TIM_SetCounter                           0x08007139   Thumb Code     4  stm32f4xx_tim.o(.text)
    TIM_SetAutoreload                        0x0800713d   Thumb Code     4  stm32f4xx_tim.o(.text)
    TIM_GetCounter                           0x08007141   Thumb Code     6  stm32f4xx_tim.o(.text)
    TIM_GetPrescaler                         0x08007147   Thumb Code     6  stm32f4xx_tim.o(.text)
    TIM_UpdateDisableConfig                  0x0800714d   Thumb Code    24  stm32f4xx_tim.o(.text)
    TIM_UpdateRequestConfig                  0x08007165   Thumb Code    24  stm32f4xx_tim.o(.text)
    TIM_ARRPreloadConfig                     0x0800717d   Thumb Code    24  stm32f4xx_tim.o(.text)
    TIM_SelectOnePulseMode                   0x08007195   Thumb Code    18  stm32f4xx_tim.o(.text)
    TIM_SetClockDivision                     0x080071a7   Thumb Code    18  stm32f4xx_tim.o(.text)
    TIM_Cmd                                  0x080071b9   Thumb Code    24  stm32f4xx_tim.o(.text)
    TIM_OC1Init                              0x080071d1   Thumb Code   114  stm32f4xx_tim.o(.text)
    TIM_OC2Init                              0x08007243   Thumb Code   154  stm32f4xx_tim.o(.text)
    TIM_OC3Init                              0x080072dd   Thumb Code   204  stm32f4xx_tim.o(.text)
    TIM_OC4Init                              0x080073a9   Thumb Code   112  stm32f4xx_tim.o(.text)
    TIM_OCStructInit                         0x08007419   Thumb Code    20  stm32f4xx_tim.o(.text)
    TIM_SelectOCxM                           0x0800742d   Thumb Code    86  stm32f4xx_tim.o(.text)
    TIM_SetCompare1                          0x08007483   Thumb Code     4  stm32f4xx_tim.o(.text)
    TIM_SetCompare2                          0x08007487   Thumb Code     4  stm32f4xx_tim.o(.text)
    TIM_SetCompare3                          0x0800748b   Thumb Code     4  stm32f4xx_tim.o(.text)
    TIM_SetCompare4                          0x0800748f   Thumb Code     4  stm32f4xx_tim.o(.text)
    TIM_ForcedOC1Config                      0x08007493   Thumb Code    18  stm32f4xx_tim.o(.text)
    TIM_ForcedOC2Config                      0x080074a5   Thumb Code    26  stm32f4xx_tim.o(.text)
    TIM_ForcedOC3Config                      0x080074bf   Thumb Code    18  stm32f4xx_tim.o(.text)
    TIM_ForcedOC4Config                      0x080074d1   Thumb Code    26  stm32f4xx_tim.o(.text)
    TIM_OC1PreloadConfig                     0x080074eb   Thumb Code    18  stm32f4xx_tim.o(.text)
    TIM_OC2PreloadConfig                     0x080074fd   Thumb Code    26  stm32f4xx_tim.o(.text)
    TIM_OC3PreloadConfig                     0x08007517   Thumb Code    18  stm32f4xx_tim.o(.text)
    TIM_OC4PreloadConfig                     0x08007529   Thumb Code    26  stm32f4xx_tim.o(.text)
    TIM_OC1FastConfig                        0x08007543   Thumb Code    18  stm32f4xx_tim.o(.text)
    TIM_OC2FastConfig                        0x08007555   Thumb Code    26  stm32f4xx_tim.o(.text)
    TIM_OC3FastConfig                        0x0800756f   Thumb Code    18  stm32f4xx_tim.o(.text)
    TIM_OC4FastConfig                        0x08007581   Thumb Code    26  stm32f4xx_tim.o(.text)
    TIM_ClearOC1Ref                          0x0800759b   Thumb Code    18  stm32f4xx_tim.o(.text)
    TIM_ClearOC2Ref                          0x080075ad   Thumb Code    24  stm32f4xx_tim.o(.text)
    TIM_ClearOC3Ref                          0x080075c5   Thumb Code    18  stm32f4xx_tim.o(.text)
    TIM_ClearOC4Ref                          0x080075d7   Thumb Code    24  stm32f4xx_tim.o(.text)
    TIM_OC1PolarityConfig                    0x080075ef   Thumb Code    18  stm32f4xx_tim.o(.text)
    TIM_OC1NPolarityConfig                   0x08007601   Thumb Code    18  stm32f4xx_tim.o(.text)
    TIM_OC2PolarityConfig                    0x08007613   Thumb Code    26  stm32f4xx_tim.o(.text)
    TIM_OC2NPolarityConfig                   0x0800762d   Thumb Code    26  stm32f4xx_tim.o(.text)
    TIM_OC3PolarityConfig                    0x08007647   Thumb Code    26  stm32f4xx_tim.o(.text)
    TIM_OC3NPolarityConfig                   0x08007661   Thumb Code    26  stm32f4xx_tim.o(.text)
    TIM_OC4PolarityConfig                    0x0800767b   Thumb Code    26  stm32f4xx_tim.o(.text)
    TIM_CCxCmd                               0x08007695   Thumb Code    30  stm32f4xx_tim.o(.text)
    TIM_CCxNCmd                              0x080076b3   Thumb Code    30  stm32f4xx_tim.o(.text)
    TIM_SetIC4Prescaler                      0x080076d1   Thumb Code    26  stm32f4xx_tim.o(.text)
    TIM_SetIC3Prescaler                      0x0800773b   Thumb Code    18  stm32f4xx_tim.o(.text)
    TIM_SetIC2Prescaler                      0x08007795   Thumb Code    26  stm32f4xx_tim.o(.text)
    TIM_SetIC1Prescaler                      0x08007809   Thumb Code    18  stm32f4xx_tim.o(.text)
    TIM_ICInit                               0x08007855   Thumb Code   110  stm32f4xx_tim.o(.text)
    TIM_ICStructInit                         0x080078c3   Thumb Code    18  stm32f4xx_tim.o(.text)
    TIM_PWMIConfig                           0x080078d5   Thumb Code   124  stm32f4xx_tim.o(.text)
    TIM_GetCapture1                          0x08007951   Thumb Code     6  stm32f4xx_tim.o(.text)
    TIM_GetCapture2                          0x08007957   Thumb Code     6  stm32f4xx_tim.o(.text)
    TIM_GetCapture3                          0x0800795d   Thumb Code     6  stm32f4xx_tim.o(.text)
    TIM_GetCapture4                          0x08007963   Thumb Code     6  stm32f4xx_tim.o(.text)
    TIM_BDTRConfig                           0x08007969   Thumb Code    32  stm32f4xx_tim.o(.text)
    TIM_BDTRStructInit                       0x08007989   Thumb Code    18  stm32f4xx_tim.o(.text)
    TIM_CtrlPWMOutputs                       0x0800799b   Thumb Code    30  stm32f4xx_tim.o(.text)
    TIM_SelectCOM                            0x080079b9   Thumb Code    24  stm32f4xx_tim.o(.text)
    TIM_CCPreloadControl                     0x080079d1   Thumb Code    24  stm32f4xx_tim.o(.text)
    TIM_ITConfig                             0x080079e9   Thumb Code    18  stm32f4xx_tim.o(.text)
    TIM_GenerateEvent                        0x080079fb   Thumb Code     4  stm32f4xx_tim.o(.text)
    TIM_GetFlagStatus                        0x080079ff   Thumb Code    18  stm32f4xx_tim.o(.text)
    TIM_ClearFlag                            0x08007a11   Thumb Code     6  stm32f4xx_tim.o(.text)
    TIM_GetITStatus                          0x08007a17   Thumb Code    34  stm32f4xx_tim.o(.text)
    TIM_ClearITPendingBit                    0x08007a39   Thumb Code     6  stm32f4xx_tim.o(.text)
    TIM_DMAConfig                            0x08007a3f   Thumb Code    10  stm32f4xx_tim.o(.text)
    TIM_DMACmd                               0x08007a49   Thumb Code    18  stm32f4xx_tim.o(.text)
    TIM_SelectCCDMA                          0x08007a5b   Thumb Code    24  stm32f4xx_tim.o(.text)
    TIM_InternalClockConfig                  0x08007a73   Thumb Code    12  stm32f4xx_tim.o(.text)
    TIM_SelectInputTrigger                   0x08007a7f   Thumb Code    18  stm32f4xx_tim.o(.text)
    TIM_ITRxExternalClockConfig              0x08007a91   Thumb Code    24  stm32f4xx_tim.o(.text)
    TIM_TIxExternalClockConfig               0x08007aa9   Thumb Code    62  stm32f4xx_tim.o(.text)
    TIM_ETRConfig                            0x08007ae7   Thumb Code    28  stm32f4xx_tim.o(.text)
    TIM_ETRClockMode1Config                  0x08007b03   Thumb Code    54  stm32f4xx_tim.o(.text)
    TIM_ETRClockMode2Config                  0x08007b39   Thumb Code    32  stm32f4xx_tim.o(.text)
    TIM_SelectOutputTrigger                  0x08007b59   Thumb Code    18  stm32f4xx_tim.o(.text)
    TIM_SelectSlaveMode                      0x08007b6b   Thumb Code    18  stm32f4xx_tim.o(.text)
    TIM_SelectMasterSlaveMode                0x08007b7d   Thumb Code    18  stm32f4xx_tim.o(.text)
    TIM_EncoderInterfaceConfig               0x08007b8f   Thumb Code    66  stm32f4xx_tim.o(.text)
    TIM_SelectHallSensor                     0x08007bd1   Thumb Code    24  stm32f4xx_tim.o(.text)
    TIM_RemapConfig                          0x08007be9   Thumb Code     6  stm32f4xx_tim.o(.text)
    NMI_Handler                              0x08007bef   Thumb Code     2  stm32f4xx_it.o(.text)
    HardFault_Handler                        0x08007bf1   Thumb Code     4  stm32f4xx_it.o(.text)
    MemManage_Handler                        0x08007bf5   Thumb Code     4  stm32f4xx_it.o(.text)
    BusFault_Handler                         0x08007bf9   Thumb Code     4  stm32f4xx_it.o(.text)
    UsageFault_Handler                       0x08007bfd   Thumb Code     4  stm32f4xx_it.o(.text)
    SVC_Handler                              0x08007c01   Thumb Code     2  stm32f4xx_it.o(.text)
    DebugMon_Handler                         0x08007c03   Thumb Code     2  stm32f4xx_it.o(.text)
    PendSV_Handler                           0x08007c05   Thumb Code     2  stm32f4xx_it.o(.text)
    SysTick_Handler                          0x08007c07   Thumb Code     2  stm32f4xx_it.o(.text)
    SystemInit                               0x08007ce5   Thumb Code    88  system_stm32f4xx.o(.text)
    SystemCoreClockUpdate                    0x08007d3d   Thumb Code   174  system_stm32f4xx.o(.text)
    Reset_Handler                            0x08007e19   Thumb Code     8  startup_stm32f40xx.o(.text)
    ADC_IRQHandler                           0x08007e33   Thumb Code     0  startup_stm32f40xx.o(.text)
    CAN1_RX0_IRQHandler                      0x08007e33   Thumb Code     0  startup_stm32f40xx.o(.text)
    CAN1_RX1_IRQHandler                      0x08007e33   Thumb Code     0  startup_stm32f40xx.o(.text)
    CAN1_SCE_IRQHandler                      0x08007e33   Thumb Code     0  startup_stm32f40xx.o(.text)
    CAN1_TX_IRQHandler                       0x08007e33   Thumb Code     0  startup_stm32f40xx.o(.text)
    CAN2_RX0_IRQHandler                      0x08007e33   Thumb Code     0  startup_stm32f40xx.o(.text)
    CAN2_RX1_IRQHandler                      0x08007e33   Thumb Code     0  startup_stm32f40xx.o(.text)
    CAN2_SCE_IRQHandler                      0x08007e33   Thumb Code     0  startup_stm32f40xx.o(.text)
    CAN2_TX_IRQHandler                       0x08007e33   Thumb Code     0  startup_stm32f40xx.o(.text)
    CRYP_IRQHandler                          0x08007e33   Thumb Code     0  startup_stm32f40xx.o(.text)
    DCMI_IRQHandler                          0x08007e33   Thumb Code     0  startup_stm32f40xx.o(.text)
    DMA1_Stream0_IRQHandler                  0x08007e33   Thumb Code     0  startup_stm32f40xx.o(.text)
    DMA1_Stream1_IRQHandler                  0x08007e33   Thumb Code     0  startup_stm32f40xx.o(.text)
    DMA1_Stream2_IRQHandler                  0x08007e33   Thumb Code     0  startup_stm32f40xx.o(.text)
    DMA1_Stream3_IRQHandler                  0x08007e33   Thumb Code     0  startup_stm32f40xx.o(.text)
    DMA1_Stream4_IRQHandler                  0x08007e33   Thumb Code     0  startup_stm32f40xx.o(.text)
    DMA1_Stream5_IRQHandler                  0x08007e33   Thumb Code     0  startup_stm32f40xx.o(.text)
    DMA1_Stream6_IRQHandler                  0x08007e33   Thumb Code     0  startup_stm32f40xx.o(.text)
    DMA1_Stream7_IRQHandler                  0x08007e33   Thumb Code     0  startup_stm32f40xx.o(.text)
    DMA2_Stream0_IRQHandler                  0x08007e33   Thumb Code     0  startup_stm32f40xx.o(.text)
    DMA2_Stream1_IRQHandler                  0x08007e33   Thumb Code     0  startup_stm32f40xx.o(.text)
    DMA2_Stream2_IRQHandler                  0x08007e33   Thumb Code     0  startup_stm32f40xx.o(.text)
    DMA2_Stream3_IRQHandler                  0x08007e33   Thumb Code     0  startup_stm32f40xx.o(.text)
    DMA2_Stream4_IRQHandler                  0x08007e33   Thumb Code     0  startup_stm32f40xx.o(.text)
    DMA2_Stream5_IRQHandler                  0x08007e33   Thumb Code     0  startup_stm32f40xx.o(.text)
    DMA2_Stream6_IRQHandler                  0x08007e33   Thumb Code     0  startup_stm32f40xx.o(.text)
    DMA2_Stream7_IRQHandler                  0x08007e33   Thumb Code     0  startup_stm32f40xx.o(.text)
    ETH_IRQHandler                           0x08007e33   Thumb Code     0  startup_stm32f40xx.o(.text)
    ETH_WKUP_IRQHandler                      0x08007e33   Thumb Code     0  startup_stm32f40xx.o(.text)
    EXTI0_IRQHandler                         0x08007e33   Thumb Code     0  startup_stm32f40xx.o(.text)
    EXTI15_10_IRQHandler                     0x08007e33   Thumb Code     0  startup_stm32f40xx.o(.text)
    EXTI1_IRQHandler                         0x08007e33   Thumb Code     0  startup_stm32f40xx.o(.text)
    EXTI2_IRQHandler                         0x08007e33   Thumb Code     0  startup_stm32f40xx.o(.text)
    EXTI3_IRQHandler                         0x08007e33   Thumb Code     0  startup_stm32f40xx.o(.text)
    EXTI4_IRQHandler                         0x08007e33   Thumb Code     0  startup_stm32f40xx.o(.text)
    EXTI9_5_IRQHandler                       0x08007e33   Thumb Code     0  startup_stm32f40xx.o(.text)
    FLASH_IRQHandler                         0x08007e33   Thumb Code     0  startup_stm32f40xx.o(.text)
    FPU_IRQHandler                           0x08007e33   Thumb Code     0  startup_stm32f40xx.o(.text)
    FSMC_IRQHandler                          0x08007e33   Thumb Code     0  startup_stm32f40xx.o(.text)
    HASH_RNG_IRQHandler                      0x08007e33   Thumb Code     0  startup_stm32f40xx.o(.text)
    I2C1_ER_IRQHandler                       0x08007e33   Thumb Code     0  startup_stm32f40xx.o(.text)
    I2C1_EV_IRQHandler                       0x08007e33   Thumb Code     0  startup_stm32f40xx.o(.text)
    I2C2_ER_IRQHandler                       0x08007e33   Thumb Code     0  startup_stm32f40xx.o(.text)
    I2C2_EV_IRQHandler                       0x08007e33   Thumb Code     0  startup_stm32f40xx.o(.text)
    I2C3_ER_IRQHandler                       0x08007e33   Thumb Code     0  startup_stm32f40xx.o(.text)
    I2C3_EV_IRQHandler                       0x08007e33   Thumb Code     0  startup_stm32f40xx.o(.text)
    OTG_FS_IRQHandler                        0x08007e33   Thumb Code     0  startup_stm32f40xx.o(.text)
    OTG_FS_WKUP_IRQHandler                   0x08007e33   Thumb Code     0  startup_stm32f40xx.o(.text)
    OTG_HS_EP1_IN_IRQHandler                 0x08007e33   Thumb Code     0  startup_stm32f40xx.o(.text)
    OTG_HS_EP1_OUT_IRQHandler                0x08007e33   Thumb Code     0  startup_stm32f40xx.o(.text)
    OTG_HS_WKUP_IRQHandler                   0x08007e33   Thumb Code     0  startup_stm32f40xx.o(.text)
    PVD_IRQHandler                           0x08007e33   Thumb Code     0  startup_stm32f40xx.o(.text)
    RCC_IRQHandler                           0x08007e33   Thumb Code     0  startup_stm32f40xx.o(.text)
    RTC_Alarm_IRQHandler                     0x08007e33   Thumb Code     0  startup_stm32f40xx.o(.text)
    RTC_WKUP_IRQHandler                      0x08007e33   Thumb Code     0  startup_stm32f40xx.o(.text)
    SDIO_IRQHandler                          0x08007e33   Thumb Code     0  startup_stm32f40xx.o(.text)
    SPI1_IRQHandler                          0x08007e33   Thumb Code     0  startup_stm32f40xx.o(.text)
    SPI2_IRQHandler                          0x08007e33   Thumb Code     0  startup_stm32f40xx.o(.text)
    SPI3_IRQHandler                          0x08007e33   Thumb Code     0  startup_stm32f40xx.o(.text)
    TAMP_STAMP_IRQHandler                    0x08007e33   Thumb Code     0  startup_stm32f40xx.o(.text)
    TIM1_BRK_TIM9_IRQHandler                 0x08007e33   Thumb Code     0  startup_stm32f40xx.o(.text)
    TIM1_CC_IRQHandler                       0x08007e33   Thumb Code     0  startup_stm32f40xx.o(.text)
    TIM1_TRG_COM_TIM11_IRQHandler            0x08007e33   Thumb Code     0  startup_stm32f40xx.o(.text)
    TIM1_UP_TIM10_IRQHandler                 0x08007e33   Thumb Code     0  startup_stm32f40xx.o(.text)
    TIM3_IRQHandler                          0x08007e33   Thumb Code     0  startup_stm32f40xx.o(.text)
    TIM4_IRQHandler                          0x08007e33   Thumb Code     0  startup_stm32f40xx.o(.text)
    TIM5_IRQHandler                          0x08007e33   Thumb Code     0  startup_stm32f40xx.o(.text)
    TIM6_DAC_IRQHandler                      0x08007e33   Thumb Code     0  startup_stm32f40xx.o(.text)
    TIM7_IRQHandler                          0x08007e33   Thumb Code     0  startup_stm32f40xx.o(.text)
    TIM8_BRK_TIM12_IRQHandler                0x08007e33   Thumb Code     0  startup_stm32f40xx.o(.text)
    TIM8_CC_IRQHandler                       0x08007e33   Thumb Code     0  startup_stm32f40xx.o(.text)
    TIM8_TRG_COM_TIM14_IRQHandler            0x08007e33   Thumb Code     0  startup_stm32f40xx.o(.text)
    TIM8_UP_TIM13_IRQHandler                 0x08007e33   Thumb Code     0  startup_stm32f40xx.o(.text)
    UART4_IRQHandler                         0x08007e33   Thumb Code     0  startup_stm32f40xx.o(.text)
    UART5_IRQHandler                         0x08007e33   Thumb Code     0  startup_stm32f40xx.o(.text)
    USART1_IRQHandler                        0x08007e33   Thumb Code     0  startup_stm32f40xx.o(.text)
    USART2_IRQHandler                        0x08007e33   Thumb Code     0  startup_stm32f40xx.o(.text)
    USART3_IRQHandler                        0x08007e33   Thumb Code     0  startup_stm32f40xx.o(.text)
    USART6_IRQHandler                        0x08007e33   Thumb Code     0  startup_stm32f40xx.o(.text)
    WWDG_IRQHandler                          0x08007e33   Thumb Code     0  startup_stm32f40xx.o(.text)
    GPIOInit                                 0x08007e3d   Thumb Code   114  bsp_gpio.o(.text)
    strcpy                                   0x08007eb9   Thumb Code    18  strcpy.o(.text)
    __scatterload                            0x08007ecd   Thumb Code    28  init.o(.text)
    __scatterload_rt2                        0x08007ecd   Thumb Code     0  init.o(.text)
    __scatterload_copy                       0x08007ef1   Thumb Code    14  handlers.o(i.__scatterload_copy)
    __scatterload_null                       0x08007eff   Thumb Code     2  handlers.o(i.__scatterload_null)
    __scatterload_zeroinit                   0x08007f01   Thumb Code    14  handlers.o(i.__scatterload_zeroinit)
    chCRCHTalbe                              0x08007f0e   Data         256  iap_fun.o(.constdata)
    chCRCLTalbe                              0x0800800e   Data         256  iap_fun.o(.constdata)
    Region$$Table$$Base                      0x08008190   Number         0  anon$$obj.o(Region$$Table)
    Region$$Table$$Limit                     0x080081b0   Number         0  anon$$obj.o(Region$$Table)
    filesize                                 0x20000014   Data           4  iap_fun.o(.data)
    HSEStartUpStatus                         0x20000020   Data           1  usb_bsp.o(.data)
    BSP_delay                                0x20000024   Data           4  usb_bsp.o(.data)
    USBH_USR_ApplicationState                0x20000028   Data           1  usbh_usr.o(.data)
    line_idx                                 0x20000029   Data           1  usbh_usr.o(.data)
    USR_cb                                   0x2000002c   Data          72  usbh_usr.o(.data)
    USBH_HCD_INT_cb                          0x20000078   Data          12  usbh_core.o(.data)
    USBH_HCD_INT_fops                        0x20000084   Data           4  usbh_core.o(.data)
    MSC_Setup                                0x200000a4   Data           8  usbh_msc_core.o(.data)
    MSCErrorCount                            0x200000ac   Data           1  usbh_msc_core.o(.data)
    USBH_MSC_cb                              0x200000b0   Data          16  usbh_msc_core.o(.data)
    SystemCoreClock                          0x200000d4   Data           4  system_stm32f4xx.o(.data)
    AHBPrescTable                            0x200000d8   Data          16  system_stm32f4xx.o(.data)
    USB_OTG_Core                             0x20001540   Data        1452  usbh_usr.o(.bss)
    USB_Host                                 0x20001aec   Data         132  usbh_usr.o(.bss)
    filenameString                           0x20001b70   Data          15  usbh_usr.o(.bss)
    fatfs                                    0x20001b80   Data         560  usbh_usr.o(.bss)
    file                                     0x20001db0   Data         552  usbh_usr.o(.bss)
    Image_Buf                                0x20001fd8   Data         512  usbh_usr.o(.bss)
    USBH_CfgDesc                             0x200021d8   Data         512  usbh_stdreq.o(.bss)
    USBH_MSC_CBWData                         0x200023d8   Data          32  usbh_msc_bot.o(.bss)
    USBH_MSC_CSWData                         0x200023f8   Data          16  usbh_msc_bot.o(.bss)
    USBH_MSC_BOTXferParam                    0x20002408   Data          16  usbh_msc_bot.o(.bss)
    MSC_Machine                              0x20002418   Data         522  usbh_msc_core.o(.bss)
    USBH_MSC_Param                           0x20002624   Data          16  usbh_msc_scsi.o(.bss)
    USBH_DataInBuffer                        0x20002634   Data         512  usbh_msc_scsi.o(.bss)
    USBH_DataOutBuffer                       0x20002834   Data         512  usbh_msc_scsi.o(.bss)
    __initial_sp                             0x20002e38   Data           0  startup_stm32f40xx.o(STACK)



==============================================================================

Memory Map of the image

  Image Entry point : 0x08000189

  Load Region LR_IROM1 (Base: 0x08000000, Size: 0x00008298, Max: 0x00010000, ABSOLUTE)

    Execution Region ER_IROM1 (Base: 0x08000000, Size: 0x000081b0, Max: 0x00010000, ABSOLUTE)

    Base Addr    Size         Type   Attr      Idx    E Section Name        Object

    0x08000000   0x00000188   Data   RO         1734    RESET               startup_stm32f40xx.o
    0x08000188   0x00000000   Code   RO         1790  * .ARM.Collect$$$$00000000  mc_w.l(entry.o)
    0x08000188   0x00000004   Code   RO         1795    .ARM.Collect$$$$00000001  mc_w.l(entry2.o)
    0x0800018c   0x00000004   Code   RO         1798    .ARM.Collect$$$$00000004  mc_w.l(entry5.o)
    0x08000190   0x00000000   Code   RO         1800    .ARM.Collect$$$$00000008  mc_w.l(entry7b.o)
    0x08000190   0x00000000   Code   RO         1802    .ARM.Collect$$$$0000000A  mc_w.l(entry8b.o)
    0x08000190   0x00000008   Code   RO         1803    .ARM.Collect$$$$0000000B  mc_w.l(entry9a.o)
    0x08000198   0x00000000   Code   RO         1805    .ARM.Collect$$$$0000000D  mc_w.l(entry10a.o)
    0x08000198   0x00000000   Code   RO         1807    .ARM.Collect$$$$0000000F  mc_w.l(entry11a.o)
    0x08000198   0x00000004   Code   RO         1796    .ARM.Collect$$$$00002712  mc_w.l(entry2.o)
    0x0800019c   0x0000000c   Code   RO            4    .text               main.o
    0x080001a8   0x0000048e   Code   RO          138    .text               iap_fun.o
    0x08000636   0x00000002   PAD
    0x08000638   0x00001d3c   Code   RO          246    .text               ff.o
    0x08002374   0x00000026   Code   RO          264    .text               diskio.o
    0x0800239a   0x00000002   PAD
    0x0800239c   0x0000019c   Code   RO          279    .text               usb_bsp.o
    0x08002538   0x000000f4   Code   RO          306    .text               usbh_usr.o
    0x0800262c   0x00000018   Code   RO          344    .text               usbh_it.o
    0x08002644   0x00000666   Code   RO          373    .text               usbh_core.o
    0x08002caa   0x00000186   Code   RO          403    .text               usbh_hcs.o
    0x08002e30   0x000003a8   Code   RO          427    .text               usbh_ioreq.o
    0x080031d8   0x000003d8   Code   RO          451    .text               usbh_stdreq.o
    0x080035b0   0x00000454   Code   RO          482    .text               usbh_msc_bot.o
    0x08003a04   0x0000034c   Code   RO          513    .text               usbh_msc_core.o
    0x08003d50   0x00000108   Code   RO          544    .text               usbh_msc_fatfs.o
    0x08003e58   0x000004f4   Code   RO          571    .text               usbh_msc_scsi.o
    0x0800434c   0x00000c42   Code   RO          602    .text               usb_core.o
    0x08004f8e   0x000000e4   Code   RO          626    .text               usb_hcd.o
    0x08005072   0x00000002   PAD
    0x08005074   0x00000e74   Code   RO          650    .text               usb_hcd_int.o
    0x08005ee8   0x000000e0   Code   RO          674    .text               misc.o
    0x08005fc8   0x00000694   Code   RO         1076    .text               stm32f4xx_flash.o
    0x0800665c   0x00000294   Code   RO         1175    .text               stm32f4xx_gpio.o
    0x080068f0   0x0000065c   Code   RO         1412    .text               stm32f4xx_rcc.o
    0x08006f4c   0x00000ca2   Code   RO         1606    .text               stm32f4xx_tim.o
    0x08007bee   0x0000001a   Code   RO         1678    .text               stm32f4xx_it.o
    0x08007c08   0x00000210   Code   RO         1705    .text               system_stm32f4xx.o
    0x08007e18   0x00000024   Code   RO         1735    .text               startup_stm32f40xx.o
    0x08007e3c   0x0000007c   Code   RO         1769    .text               bsp_gpio.o
    0x08007eb8   0x00000012   Code   RO         1793    .text               mc_w.l(strcpy.o)
    0x08007eca   0x00000002   PAD
    0x08007ecc   0x00000024   Code   RO         1809    .text               mc_w.l(init.o)
    0x08007ef0   0x0000000e   Code   RO         1813    i.__scatterload_copy  mc_w.l(handlers.o)
    0x08007efe   0x00000002   Code   RO         1814    i.__scatterload_null  mc_w.l(handlers.o)
    0x08007f00   0x0000000e   Code   RO         1815    i.__scatterload_zeroinit  mc_w.l(handlers.o)
    0x08007f0e   0x00000200   Data   RO          140    .constdata          iap_fun.o
    0x0800810e   0x00000080   Data   RO          247    .constdata          ff.o
    0x0800818e   0x00000002   PAD
    0x08008190   0x00000020   Data   RO         1811    Region$$Table       anon$$obj.o


    Execution Region RW_IRAM1 (Base: 0x20000000, Size: 0x00002e38, Max: 0x00020000, ABSOLUTE)

    Base Addr    Size         Type   Attr      Idx    E Section Name        Object

    0x20000000   0x00000018   Data   RW          141    .data               iap_fun.o
    0x20000018   0x00000006   Data   RW          248    .data               ff.o
    0x2000001e   0x00000002   PAD
    0x20000020   0x00000008   Data   RW          280    .data               usb_bsp.o
    0x20000028   0x0000004d   Data   RW          308    .data               usbh_usr.o
    0x20000075   0x00000003   PAD
    0x20000078   0x00000012   Data   RW          374    .data               usbh_core.o
    0x2000008a   0x00000003   Data   RW          453    .data               usbh_stdreq.o
    0x2000008d   0x00000003   PAD
    0x20000090   0x00000011   Data   RW          484    .data               usbh_msc_bot.o
    0x200000a1   0x00000003   PAD
    0x200000a4   0x0000001d   Data   RW          515    .data               usbh_msc_core.o
    0x200000c1   0x00000001   Data   RW          545    .data               usbh_msc_fatfs.o
    0x200000c2   0x00000001   Data   RW          573    .data               usbh_msc_scsi.o
    0x200000c3   0x00000010   Data   RW         1413    .data               stm32f4xx_rcc.o
    0x200000d3   0x00000001   PAD
    0x200000d4   0x00000014   Data   RW         1706    .data               system_stm32f4xx.o
    0x200000e8   0x00001458   Zero   RW          139    .bss                iap_fun.o
    0x20001540   0x00000c98   Zero   RW          307    .bss                usbh_usr.o
    0x200021d8   0x00000200   Zero   RW          452    .bss                usbh_stdreq.o
    0x200023d8   0x00000040   Zero   RW          483    .bss                usbh_msc_bot.o
    0x20002418   0x0000020a   Zero   RW          514    .bss                usbh_msc_core.o
    0x20002622   0x00000002   PAD
    0x20002624   0x00000410   Zero   RW          572    .bss                usbh_msc_scsi.o
    0x20002a34   0x00000004   PAD
    0x20002a38   0x00000400   Zero   RW         1732    STACK               startup_stm32f40xx.o


==============================================================================

Image component sizes


      Code (inc. data)   RO Data    RW Data    ZI Data      Debug   Object Name

       124         10          0          0          0        579   bsp_gpio.o
        38          0          0          0          0       1842   diskio.o
      7484         80        128          6          0      37068   ff.o
      1166        160        512         24       5208      35814   iap_fun.o
        12          0          0          0          0     293919   main.o
       224         20          0          0          0       1865   misc.o
        36          8        392          0       1024        832   startup_stm32f40xx.o
      1684         28          0          0          0       9462   stm32f4xx_flash.o
       660         44          0          0          0       4205   stm32f4xx_gpio.o
        26          0          0          0          0       1254   stm32f4xx_it.o
      1628         52          0         16          0      13152   stm32f4xx_rcc.o
      3234         60          0          0          0      23060   stm32f4xx_tim.o
       528         46          0         20          0       1883   system_stm32f4xx.o
       412         10          0          8          0       3524   usb_bsp.o
      3138         10          0          0          0      10406   usb_core.o
       228          0          0          0          0       3296   usb_hcd.o
      3700         10          0          0          0       6767   usb_hcd_int.o
      1638         44          0         18          0       6127   usbh_core.o
       390          0          0          0          0       2752   usbh_hcs.o
       936          0          0          0          0       4796   usbh_ioreq.o
        24          6          0          0          0        628   usbh_it.o
      1108         68          0         17         64       5479   usbh_msc_bot.o
       844         28          0         29        522       4229   usbh_msc_core.o
       264         14          0          1          0       2527   usbh_msc_fatfs.o
      1268         40          0          1       1040       5174   usbh_msc_scsi.o
       984         12          0          3        512       6209   usbh_stdreq.o
       244         12          0         77       3224       5017   usbh_usr.o

    ----------------------------------------------------------------------
     32028        762       1066        232      11600     491866   Object Totals
         0          0         32          0          0          0   (incl. Generated)
         6          0          2         12          6          0   (incl. Padding)

    ----------------------------------------------------------------------

      Code (inc. data)   RO Data    RW Data    ZI Data      Debug   Library Member Name

         0          0          0          0          0          0   entry.o
         0          0          0          0          0          0   entry10a.o
         0          0          0          0          0          0   entry11a.o
         8          4          0          0          0          0   entry2.o
         4          0          0          0          0          0   entry5.o
         0          0          0          0          0          0   entry7b.o
         0          0          0          0          0          0   entry8b.o
         8          4          0          0          0          0   entry9a.o
        30          0          0          0          0          0   handlers.o
        36          8          0          0          0         68   init.o
        18          0          0          0          0         68   strcpy.o

    ----------------------------------------------------------------------
       106         16          0          0          0        136   Library Totals
         2          0          0          0          0          0   (incl. Padding)

    ----------------------------------------------------------------------

      Code (inc. data)   RO Data    RW Data    ZI Data      Debug   Library Name

       104         16          0          0          0        136   mc_w.l

    ----------------------------------------------------------------------
       106         16          0          0          0        136   Library Totals

    ----------------------------------------------------------------------

==============================================================================


      Code (inc. data)   RO Data    RW Data    ZI Data      Debug   

     32134        778       1066        232      11600     486606   Grand Totals
     32134        778       1066        232      11600     486606   ELF Image Totals
     32134        778       1066        232          0          0   ROM Totals

==============================================================================

    Total RO  Size (Code + RO Data)                33200 (  32.42kB)
    Total RW  Size (RW Data + ZI Data)             11832 (  11.55kB)
    Total ROM Size (Code + RO Data + RW Data)      33432 (  32.65kB)

==============================================================================

